Archive member included to satisfy reference by file (symbol)

C:/Program Files/SEGGER/SEGGER Embedded Studio for ARM 5.70a/lib/libm_v7em_fpv4_sp_d16_hard_t_le_eabi.a(libm_asm.o)
                              Output/Debug/Obj/timer_pca10040/bme280.o (__aeabi_dadd)
C:/Program Files/SEGGER/SEGGER Embedded Studio for ARM 5.70a/lib/libm_v7em_fpv4_sp_d16_hard_t_le_eabi.a(libm2.o)
                              Output/Debug/Obj/timer_pca10040/main.o (log10)
C:/Program Files/SEGGER/SEGGER Embedded Studio for ARM 5.70a/lib/libc_v7em_fpv4_sp_d16_hard_t_le_eabi.a(libc2.o)
                              Output/Debug/Obj/timer_pca10040/nrf_log_str_formatter.o (isprint)
C:/Program Files/SEGGER/SEGGER Embedded Studio for ARM 5.70a/lib/libc_v7em_fpv4_sp_d16_hard_t_le_eabi.a(libc2_asm.o)
                              Output/Debug/Obj/timer_pca10040/nrf_log_frontend.o (memcpy)
C:/Program Files/SEGGER/SEGGER Embedded Studio for ARM 5.70a/lib/libc_v7em_fpv4_sp_d16_hard_t_le_eabi.a(libvfprintf.o)
                              (__vfprintf_long)
C:/Program Files/SEGGER/SEGGER Embedded Studio for ARM 5.70a/lib/libc_v7em_fpv4_sp_d16_hard_t_le_eabi.a(libvfscanf.o)
                              (__vfscanf_long)
C:/Program Files/SEGGER/SEGGER Embedded Studio for ARM 5.70a/lib/libc_v7em_fpv4_sp_d16_hard_t_le_eabi.a(libc.o)
                              C:/Program Files/SEGGER/SEGGER Embedded Studio for ARM 5.70a/lib/libc_v7em_fpv4_sp_d16_hard_t_le_eabi.a(libc2.o) (__heap_lock)
C:/Program Files/SEGGER/SEGGER Embedded Studio for ARM 5.70a/lib/libc_v7em_fpv4_sp_d16_hard_t_le_eabi.a(libc_asm.o)
                              C:/Program Files/SEGGER/SEGGER Embedded Studio for ARM 5.70a/lib/libc_v7em_fpv4_sp_d16_hard_t_le_eabi.a(libc2.o) (__aeabi_uldivmod)
C:/Program Files/SEGGER/SEGGER Embedded Studio for ARM 5.70a/lib/libdebugio_v7em_fpv4_sp_d16_hard_t_le_eabi.a(libdebugio.o)
                              Output/Debug/Obj/timer_pca10040/thumb_crt0.o (debug_fopen)
C:/Program Files/SEGGER/SEGGER Embedded Studio for ARM 5.70a/lib/libdebugio_v7em_fpv4_sp_d16_hard_t_le_eabi.a(do_nv_debug_operation.o)
                              C:/Program Files/SEGGER/SEGGER Embedded Studio for ARM 5.70a/lib/libdebugio_v7em_fpv4_sp_d16_hard_t_le_eabi.a(libdebugio.o) (__do_nvdebug_operation)
C:/Program Files/SEGGER/SEGGER Embedded Studio for ARM 5.70a/lib/libdebugio_v7em_fpv4_sp_d16_hard_t_le_eabi.a(mempoll_debug_operations.o)
                              (__do_debug_operation_mempoll)

Discarded input sections

 .text          0x0000000000000000        0x0 Output/Debug/Obj/timer_pca10040/thumb_crt0.o
 .data          0x0000000000000000        0x0 Output/Debug/Obj/timer_pca10040/thumb_crt0.o
 .bss           0x0000000000000000        0x0 Output/Debug/Obj/timer_pca10040/thumb_crt0.o
 .text.abort    0x0000000000000000        0x2 Output/Debug/Obj/timer_pca10040/thumb_crt0.o
 .text.__assert
                0x0000000000000000        0x2 Output/Debug/Obj/timer_pca10040/thumb_crt0.o
 .text.__assert_func
                0x0000000000000000        0x2 Output/Debug/Obj/timer_pca10040/thumb_crt0.o
 .text.__aeabi_assert
                0x0000000000000000        0x2 Output/Debug/Obj/timer_pca10040/thumb_crt0.o
 .text.__sync_synchronize
                0x0000000000000000        0x2 Output/Debug/Obj/timer_pca10040/thumb_crt0.o
 .text.__getchar
                0x0000000000000000        0x4 Output/Debug/Obj/timer_pca10040/thumb_crt0.o
 .text.__putchar
                0x0000000000000000        0x4 Output/Debug/Obj/timer_pca10040/thumb_crt0.o
 .text.__open   0x0000000000000000        0x4 Output/Debug/Obj/timer_pca10040/thumb_crt0.o
 .text.__close  0x0000000000000000        0x4 Output/Debug/Obj/timer_pca10040/thumb_crt0.o
 .text.__write  0x0000000000000000        0xa Output/Debug/Obj/timer_pca10040/thumb_crt0.o
 .text.__read   0x0000000000000000        0xa Output/Debug/Obj/timer_pca10040/thumb_crt0.o
 .text.__seek   0x0000000000000000       0x1a Output/Debug/Obj/timer_pca10040/thumb_crt0.o
 .text.remove   0x0000000000000000        0x4 Output/Debug/Obj/timer_pca10040/thumb_crt0.o
 .text.rename   0x0000000000000000        0x4 Output/Debug/Obj/timer_pca10040/thumb_crt0.o
 .bss.__user_locale_name_buffer
                0x0000000000000000        0x4 Output/Debug/Obj/timer_pca10040/thumb_crt0.o
 .stack         0x0000000000000000        0x0 Output/Debug/Obj/timer_pca10040/thumb_crt0.o
 .stack_process
                0x0000000000000000        0x0 Output/Debug/Obj/timer_pca10040/thumb_crt0.o
 .heap          0x0000000000000000        0x0 Output/Debug/Obj/timer_pca10040/thumb_crt0.o
 .group         0x0000000000000000        0xc Output/Debug/Obj/timer_pca10040/nrf_log_frontend.o
 .group         0x0000000000000000        0xc Output/Debug/Obj/timer_pca10040/nrf_log_frontend.o
 .group         0x0000000000000000        0xc Output/Debug/Obj/timer_pca10040/nrf_log_frontend.o
 .group         0x0000000000000000        0xc Output/Debug/Obj/timer_pca10040/nrf_log_frontend.o
[...]
Memory Configuration

Name             Origin             Length             Attributes
UNPLACED_SECTIONS 0x0000000100000000 0x0000000000000000 xw
RAM1             0x0000000020000000 0x0000000000010000 xw
FLASH1           0x0000000000000000 0x0000000000080000 xw
*default*        0x0000000000000000 0xffffffffffffffff

Linker script and memory map

                0x0000000000000000                __do_debug_operation = __do_debug_operation_mempoll
                0x000000000000b750                __vfprintf = __vfprintf_long
                0x0000000000000000                __vfscanf = __vfscanf_long
                0x0000000020000000                __RAM1_segment_start__ = 0x20000000
                0x0000000020010000                __RAM1_segment_end__ = 0x20010000
                0x0000000000010000                __RAM1_segment_size__ = 0x10000
                0x0000000000000000                __FLASH1_segment_start__ = 0x0
                0x0000000000080000                __FLASH1_segment_end__ = 0x80000
                0x0000000000080000                __FLASH1_segment_size__ = 0x80000
                0x0000000000002000                __HEAPSIZE__ = 0x2000
                0x0000000000000000                __STACKSIZE_PROCESS__ = 0x0
                0x0000000000002000                __STACKSIZE__ = 0x2000
                0x0000000020000000                __vectors_ram_load_start__ = 0x20000000

.vectors_ram    0x0000000020000000        0x0
                0x0000000020000000                __vectors_ram_start__ = .
                0x0000000020000000                __app_ram_start__ = __vectors_ram_start__
 *(.vectors_ram .vectors_ram.*)
                0x0000000020000000                __vectors_ram_end__ = (__vectors_ram_start__ + SIZEOF (.vectors_ram))
                0x0000000000000000                __vectors_ram_size__ = SIZEOF (.vectors_ram)
                0x0000000020000000                __vectors_ram_load_end__ = __vectors_ram_end__
                0x0000000000000001                . = ASSERT (((__vectors_ram_start__ == __vectors_ram_end__) || ((__vectors_ram_end__ - __RAM1_segment_start__) <= __RAM1_segment_size__)), error: .vectors_ram is too large to fit in RAM1 memory segment)
                0x0000000020000000                __nrf_sections_run_load_start__ = ALIGN (__vectors_ram_end__, 0x4)

.nrf_sections_run
                0x0000000020000000        0x0
                0x0000000020000000                __nrf_sections_run_start__ = .
                0x0000000020000000                __start_nrf_sections_run = __nrf_sections_run_start__
 *(.nrf_sections_run .nrf_sections_run.*)
                0x0000000020000000                __nrf_sections_run_end__ = (__nrf_sections_run_start__ + SIZEOF (.nrf_sections_run))
                0x0000000000000000                __nrf_sections_run_size__ = SIZEOF (.nrf_sections_run)
                0x0000000020000000                __nrf_sections_run_load_end__ = __nrf_sections_run_end__
                0x0000000000000001                . = ASSERT (((__nrf_sections_run_start__ == __nrf_sections_run_end__) || ((__nrf_sections_run_end__ - __RAM1_segment_start__) <= __RAM1_segment_size__)), error: .nrf_sections_run is too large to fit in RAM1 memory segment)
                0x0000000000000000                __vectors_load_start__ = 0x0

.vectors        0x0000000000000000      0x200
                0x0000000000000000                __vectors_start__ = .
 *(.vectors .vectors.*)
 .vectors       0x0000000000000000      0x200 Output/Debug/Obj/timer_pca10040/ses_startup_nrf52.o
                0x0000000000000000                _vectors
                0x0000000000000200                __vectors_end__ = (__vectors_start__ + SIZEOF (.vectors))
                0x0000000000000200                __vectors_size__ = SIZEOF (.vectors)
                0x0000000000000200                __vectors_load_end__ = __vectors_end__
                0x0000000000000001                . = ASSERT (((__vectors_start__ == __vectors_end__) || ((__vectors_end__ - __FLASH1_segment_start__) <= __FLASH1_segment_size__)), error: .vectors is too large to fit in FLASH1 memory segment)
                0x0000000000000200                __init_load_start__ = ALIGN (__vectors_end__, 0x4)

.init           0x0000000000000200      0x1d0
                0x0000000000000200                __init_start__ = .
 *(.init .init.*)
 .init          0x0000000000000200      0x15c Output/Debug/Obj/timer_pca10040/thumb_crt0.o
                0x0000000000000200                _start
                0x00000000000002b4                exit
 .init          0x000000000000035c       0x18 Output/Debug/Obj/timer_pca10040/ses_startup_nrf52.o
                0x000000000000035c                NMI_Handler
                0x000000000000035e                HardFault_Handler
                0x0000000000000360                MemoryManagement_Handler
                0x0000000000000362                BusFault_Handler
                0x0000000000000364                UsageFault_Handler
                0x0000000000000366                SVC_Handler
                0x0000000000000368                DebugMon_Handler
                0x000000000000036a                PendSV_Handler
                0x000000000000036c                SysTick_Handler
                0x000000000000036e                PWM1_IRQHandler
                0x000000000000036e                GPIOTE_IRQHandler
                0x000000000000036e                SWI0_EGU0_IRQHandler
                0x000000000000036e                POWER_CLOCK_IRQHandler
                0x000000000000036e                RADIO_IRQHandler
                0x000000000000036e                PDM_IRQHandler
                0x000000000000036e                RTC0_IRQHandler
                0x000000000000036e                QDEC_IRQHandler
                0x000000000000036e                TIMER3_IRQHandler
                0x000000000000036e                FPU_IRQHandler
                0x000000000000036e                SWI2_EGU2_IRQHandler
                0x000000000000036e                TIMER4_IRQHandler
                0x000000000000036e                I2S_IRQHandler
                0x000000000000036e                SWI4_EGU4_IRQHandler
                0x000000000000036e                Dummy_Handler
                0x000000000000036e                TIMER1_IRQHandler
                0x000000000000036e                PWM2_IRQHandler
                0x000000000000036e                ECB_IRQHandler
                0x000000000000036e                CCM_AAR_IRQHandler
                0x000000000000036e                WDT_IRQHandler
                0x000000000000036e                TEMP_IRQHandler
                0x000000000000036e                SWI5_EGU5_IRQHandler
                0x000000000000036e                RNG_IRQHandler
                0x000000000000036e                RTC2_IRQHandler
                0x000000000000036e                PWM0_IRQHandler
                0x000000000000036e                SWI3_EGU3_IRQHandler
                0x000000000000036e                RTC1_IRQHandler
                0x000000000000036e                SWI1_EGU1_IRQHandler
                0x000000000000036e                SPIM2_SPIS2_SPI2_IRQHandler
                0x000000000000036e                NFCT_IRQHandler
                0x000000000000036e                TIMER2_IRQHandler
                0x000000000000036e                MWU_IRQHandler
                0x000000000000036e                COMP_LPCOMP_IRQHandler
                0x0000000000000370                nRFInitialize
 .init          0x0000000000000374       0x5c Output/Debug/Obj/timer_pca10040/ses_startup_nrf_common.o
                0x0000000000000374                Reset_Handler
                0x0000000000000378                afterInitialize
                0x000000000000039c                InitializeUserMemorySections
                0x00000000000003d0                __init_end__ = (__init_start__ + SIZEOF (.init))
                0x00000000000001d0                __init_size__ = SIZEOF (.init)
                0x00000000000003d0                __init_load_end__ = __init_end__
                0x0000000000000001                . = ASSERT (((__init_start__ == __init_end__) || ((__init_end__ - __FLASH1_segment_start__) <= __FLASH1_segment_size__)), error: .init is too large to fit in FLASH1 memory segment)
                0x00000000000003d0                __init_rodata_load_start__ = ALIGN (__init_end__, 0x4)

.init_rodata    0x00000000000003d0        0x0
                0x00000000000003d0                __init_rodata_start__ = .
 *(.init_rodata .init_rodata.*)
                0x00000000000003d0                __init_rodata_end__ = (__init_rodata_start__ + SIZEOF (.init_rodata))
                0x0000000000000000                __init_rodata_size__ = SIZEOF (.init_rodata)
                0x00000000000003d0                __init_rodata_load_end__ = __init_rodata_end__
                0x0000000000000001                . = ASSERT (((__init_rodata_start__ == __init_rodata_end__) || ((__init_rodata_end__ - __FLASH1_segment_start__) <= __FLASH1_segment_size__)), error: .init_rodata is too large to fit in FLASH1 memory segment)
                0x00000000000003d0                __text_load_start__ = ALIGN (__init_rodata_end__, 0x4)

.text           0x00000000000003d0     0xb984
                0x00000000000003d0                __text_start__ = .
 *(.text .text.* .glue_7t .glue_7 .gnu.linkonce.t.* .gcc_except_table .ARM.extab* .gnu.linkonce.armextab.*)
 .glue_7        0x00000000000003d0        0x0 linker stubs
 .glue_7t       0x00000000000003d0        0x0 linker stubs
 .text.__aeabi_read_tp
                0x00000000000003d0        0x8 Output/Debug/Obj/timer_pca10040/thumb_crt0.o
                0x00000000000003d0                __aeabi_read_tp
 .text.nrf_log_backend_put
                0x00000000000003d8       0x1c Output/Debug/Obj/timer_pca10040/nrf_log_frontend.o
 .text.nrf_log_backend_panic_set
                0x00000000000003f4       0x18 Output/Debug/Obj/timer_pca10040/nrf_log_frontend.o
 .text.nrf_log_backend_flush
                0x000000000000040c       0x18 Output/Debug/Obj/timer_pca10040/nrf_log_frontend.o
 .text.nrf_log_backend_id_set
                0x0000000000000424       0x1a Output/Debug/Obj/timer_pca10040/nrf_log_frontend.o
 .text.nrf_log_backend_id_get
                0x000000000000043e       0x10 Output/Debug/Obj/timer_pca10040/nrf_log_frontend.o
 .text.nrf_log_backend_enable
                0x000000000000044e       0x12 Output/Debug/Obj/timer_pca10040/nrf_log_frontend.o
 .text.nrf_log_backend_is_enabled
                0x0000000000000460       0x10 Output/Debug/Obj/timer_pca10040/nrf_log_frontend.o
 .text.nrf_log_init
                0x0000000000000470       0x50 Output/Debug/Obj/timer_pca10040/nrf_log_frontend.o
                0x0000000000000470                nrf_log_init
 .text.nrf_log_module_cnt_get
                0x00000000000004c0       0x14 Output/Debug/Obj/timer_pca10040/nrf_log_frontend.o
                0x00000000000004c0                nrf_log_module_cnt_get
 .text.module_idx_get
                0x00000000000004d4       0x64 Output/Debug/Obj/timer_pca10040/nrf_log_frontend.o
 .text.nrf_log_module_name_get
                0x0000000000000538       0x40 Output/Debug/Obj/timer_pca10040/nrf_log_frontend.o
                0x0000000000000538                nrf_log_module_name_get
 .text.nrf_log_color_id_get
                0x0000000000000578       0x70 Output/Debug/Obj/timer_pca10040/nrf_log_frontend.o
                0x0000000000000578                nrf_log_color_id_get
 .text.invalid_packets_omit
                0x00000000000005e8       0x6e Output/Debug/Obj/timer_pca10040/nrf_log_frontend.o
 *fill*         0x0000000000000656        0x2 
 .text.log_skip
                0x0000000000000658      0x118 Output/Debug/Obj/timer_pca10040/nrf_log_frontend.o
 .text.dropped_sat16_get
                0x0000000000000770       0x28 Output/Debug/Obj/timer_pca10040/nrf_log_frontend.o
 .text.std_header_set
                0x0000000000000798       0xb4 Output/Debug/Obj/timer_pca10040/nrf_log_frontend.o
 .text.log_pending_hook
                0x000000000000084c        0x4 Output/Debug/Obj/timer_pca10040/nrf_log_frontend.o
                0x000000000000084c                log_pending_hook
 .text.buf_prealloc
                0x0000000000000850      0x128 Output/Debug/Obj/timer_pca10040/nrf_log_frontend.o
 .text.std_n    0x0000000000000978       0x98 Output/Debug/Obj/timer_pca10040/nrf_log_frontend.o
 .text.nrf_log_frontend_std_0
                0x0000000000000a10       0x1c Output/Debug/Obj/timer_pca10040/nrf_log_frontend.o
                0x0000000000000a10                nrf_log_frontend_std_0
 .text.nrf_log_frontend_std_1
                0x0000000000000a2c       0x22 Output/Debug/Obj/timer_pca10040/nrf_log_frontend.o
                0x0000000000000a2c                nrf_log_frontend_std_1
 .text.nrf_log_frontend_std_2
                0x0000000000000a4e       0x28 Output/Debug/Obj/timer_pca10040/nrf_log_frontend.o
                0x0000000000000a4e                nrf_log_frontend_std_2
 .text.nrf_log_frontend_std_5
                0x0000000000000a76       0x34 Output/Debug/Obj/timer_pca10040/nrf_log_frontend.o
                0x0000000000000a76                nrf_log_frontend_std_5
 *fill*         0x0000000000000aaa        0x2 
 .text.buffer_is_empty
                0x0000000000000aac       0x1c Output/Debug/Obj/timer_pca10040/nrf_log_frontend.o
                0x0000000000000aac                buffer_is_empty
 .text.nrf_log_frontend_dequeue
                0x0000000000000ac8      0x3a0 Output/Debug/Obj/timer_pca10040/nrf_log_frontend.o
                0x0000000000000ac8                nrf_log_frontend_dequeue
 .text.backend_id_assign
                0x0000000000000e68       0x68 Output/Debug/Obj/timer_pca10040/nrf_log_frontend.o
 .text.nrf_log_backend_add
                0x0000000000000ed0       0x70 Output/Debug/Obj/timer_pca10040/nrf_log_frontend.o
                0x0000000000000ed0                nrf_log_backend_add
 .text.nrf_log_panic
                0x0000000000000f40       0x3c Output/Debug/Obj/timer_pca10040/nrf_log_frontend.o
                0x0000000000000f40                nrf_log_panic
 .text.timestamp_print
                0x0000000000000f7c        0xc Output/Debug/Obj/timer_pca10040/nrf_log_str_formatter.o
 .text.prefix_process
                0x0000000000000f88       0xb0 Output/Debug/Obj/timer_pca10040/nrf_log_str_formatter.o
 .text.postfix_process
                0x0000000000001038       0x60 Output/Debug/Obj/timer_pca10040/nrf_log_str_formatter.o
 .text.nrf_log_std_entry_process
                0x0000000000001098      0x144 Output/Debug/Obj/timer_pca10040/nrf_log_str_formatter.o
                0x0000000000001098                nrf_log_std_entry_process
 .text.nrf_log_hexdump_entry_process
                0x00000000000011dc       0xf0 Output/Debug/Obj/timer_pca10040/nrf_log_str_formatter.o
                0x00000000000011dc                nrf_log_hexdump_entry_process
 .text.nrf_log_backend_enable
                0x00000000000012cc       0x12 Output/Debug/Obj/timer_pca10040/nrf_log_default_backends.o
 *fill*         0x00000000000012de        0x2 
 .text.nrf_log_default_backends_init
                0x00000000000012e0       0x64 Output/Debug/Obj/timer_pca10040/nrf_log_default_backends.o
                0x00000000000012e0                nrf_log_default_backends_init
 .text.nrfx_coredep_delay_us
                0x0000000000001344       0x30 Output/Debug/Obj/timer_pca10040/nrf_log_backend_rtt.o
 .text.nrf_delay_ms
                0x0000000000001374       0x2a Output/Debug/Obj/timer_pca10040/nrf_log_backend_rtt.o
 .text.nrf_log_backend_rtt_init
                0x000000000000139e        0xa Output/Debug/Obj/timer_pca10040/nrf_log_backend_rtt.o
                0x000000000000139e                nrf_log_backend_rtt_init
 .text.serial_tx
                0x00000000000013a8       0x84 Output/Debug/Obj/timer_pca10040/nrf_log_backend_rtt.o
 .text.nrf_log_backend_rtt_put
                0x000000000000142c       0x28 Output/Debug/Obj/timer_pca10040/nrf_log_backend_rtt.o
 .text.nrf_log_backend_rtt_flush
                0x0000000000001454        0xa Output/Debug/Obj/timer_pca10040/nrf_log_backend_rtt.o
 .text.nrf_log_backend_rtt_panic_set
                0x000000000000145e        0xa Output/Debug/Obj/timer_pca10040/nrf_log_backend_rtt.o
 .text.nrf_log_backend_serial_put
                0x0000000000001468      0x124 Output/Debug/Obj/timer_pca10040/nrf_log_backend_serial.o
                0x0000000000001468                nrf_log_backend_serial_put
 .text.nrf_drv_uart_uninit
                0x000000000000158c       0x44 Output/Debug/Obj/timer_pca10040/nrf_log_backend_uart.o
 .text.nrf_drv_uart_tx
                0x00000000000015d0       0x64 Output/Debug/Obj/timer_pca10040/nrf_log_backend_uart.o
 .text.uart_evt_handler
                0x0000000000001634       0x18 Output/Debug/Obj/timer_pca10040/nrf_log_backend_uart.o
 .text.uart_init
                0x000000000000164c       0x88 Output/Debug/Obj/timer_pca10040/nrf_log_backend_uart.o
 .text.nrf_log_backend_uart_init
                0x00000000000016d4       0x1c Output/Debug/Obj/timer_pca10040/nrf_log_backend_uart.o
                0x00000000000016d4                nrf_log_backend_uart_init
 .text.serial_tx
                0x00000000000016f0       0x6c Output/Debug/Obj/timer_pca10040/nrf_log_backend_uart.o
 .text.nrf_log_backend_uart_put
                0x000000000000175c       0x28 Output/Debug/Obj/timer_pca10040/nrf_log_backend_uart.o
 .text.nrf_log_backend_uart_flush
                0x0000000000001784        0xa Output/Debug/Obj/timer_pca10040/nrf_log_backend_uart.o
 *fill*         0x000000000000178e        0x2 
 .text.nrf_log_backend_uart_panic_set
                0x0000000000001790       0x20 Output/Debug/Obj/timer_pca10040/nrf_log_backend_uart.o
 .text.app_error_save_and_stop
                0x00000000000017b0       0x98 Output/Debug/Obj/timer_pca10040/app_error.o
                0x00000000000017b0                app_error_save_and_stop
 .text.app_error_handler
                0x0000000000001848       0x1c Output/Debug/Obj/timer_pca10040/app_error_handler_gcc.o
                0x0000000000001848                app_error_handler
 .text.app_error_fault_handler
                0x0000000000001864      0x104 Output/Debug/Obj/timer_pca10040/app_error_weak.o
                0x0000000000001864                app_error_fault_handler
 .text.app_util_disable_irq
                0x0000000000001968       0x18 Output/Debug/Obj/timer_pca10040/app_util_platform.o
                0x0000000000001968                app_util_disable_irq
 .text.app_util_enable_irq
                0x0000000000001980       0x20 Output/Debug/Obj/timer_pca10040/app_util_platform.o
                0x0000000000001980                app_util_enable_irq
 .text.app_util_critical_region_enter
                0x00000000000019a0       0x28 Output/Debug/Obj/timer_pca10040/app_util_platform.o
                0x00000000000019a0                app_util_critical_region_enter
 .text.app_util_critical_region_exit
                0x00000000000019c8       0x2c Output/Debug/Obj/timer_pca10040/app_util_platform.o
                0x00000000000019c8                app_util_critical_region_exit
 .text.privilege_level_get
                0x00000000000019f4       0x3a Output/Debug/Obj/timer_pca10040/app_util_platform.o
                0x00000000000019f4                privilege_level_get
 .text.assert_nrf_callback
                0x0000000000001a2e       0x2c Output/Debug/Obj/timer_pca10040/nrf_assert.o
                0x0000000000001a2e                assert_nrf_callback
 .text.nrf_atomic_u32_fetch_store
                0x0000000000001a5a       0x2e Output/Debug/Obj/timer_pca10040/nrf_atomic.o
                0x0000000000001a5a                nrf_atomic_u32_fetch_store
 .text.nrf_atomic_u32_or
                0x0000000000001a88       0x30 Output/Debug/Obj/timer_pca10040/nrf_atomic.o
                0x0000000000001a88                nrf_atomic_u32_or
 .text.nrf_atomic_u32_fetch_and
                0x0000000000001ab8       0x30 Output/Debug/Obj/timer_pca10040/nrf_atomic.o
                0x0000000000001ab8                nrf_atomic_u32_fetch_and
 .text.nrf_atomic_u32_add
                0x0000000000001ae8       0x30 Output/Debug/Obj/timer_pca10040/nrf_atomic.o
                0x0000000000001ae8                nrf_atomic_u32_add
 .text.nrf_atomic_u32_sub
                0x0000000000001b18       0x30 Output/Debug/Obj/timer_pca10040/nrf_atomic.o
                0x0000000000001b18                nrf_atomic_u32_sub
 .text.nrf_atomic_flag_set
                0x0000000000001b48       0x18 Output/Debug/Obj/timer_pca10040/nrf_atomic.o
                0x0000000000001b48                nrf_atomic_flag_set
 .text.nrf_atomic_flag_clear_fetch
                0x0000000000001b60       0x18 Output/Debug/Obj/timer_pca10040/nrf_atomic.o
                0x0000000000001b60                nrf_atomic_flag_clear_fetch
 .text.nrf_balloc_idx2block
                0x0000000000001b78       0x38 Output/Debug/Obj/timer_pca10040/nrf_balloc.o
 .text.nrf_balloc_block2idx
                0x0000000000001bb0       0x34 Output/Debug/Obj/timer_pca10040/nrf_balloc.o
 .text.nrf_balloc_init
                0x0000000000001be4       0xb8 Output/Debug/Obj/timer_pca10040/nrf_balloc.o
                0x0000000000001be4                nrf_balloc_init
 .text.nrf_balloc_alloc
                0x0000000000001c9c       0x84 Output/Debug/Obj/timer_pca10040/nrf_balloc.o
                0x0000000000001c9c                nrf_balloc_alloc
 .text.nrf_balloc_free
                0x0000000000001d20       0x58 Output/Debug/Obj/timer_pca10040/nrf_balloc.o
                0x0000000000001d20                nrf_balloc_free
 .text.nrf_fprintf_buffer_flush
                0x0000000000001d78       0x44 Output/Debug/Obj/timer_pca10040/nrf_fprintf.o
                0x0000000000001d78                nrf_fprintf_buffer_flush
 .text.nrf_fprintf
                0x0000000000001dbc       0x74 Output/Debug/Obj/timer_pca10040/nrf_fprintf.o
                0x0000000000001dbc                nrf_fprintf
 .text.buffer_add
                0x0000000000001e30       0x4c Output/Debug/Obj/timer_pca10040/nrf_fprintf_format.o
 .text.string_print
                0x0000000000001e7c       0xc2 Output/Debug/Obj/timer_pca10040/nrf_fprintf_format.o
 *fill*         0x0000000000001f3e        0x2 
 .text.unsigned_print
                0x0000000000001f40      0x130 Output/Debug/Obj/timer_pca10040/nrf_fprintf_format.o
 .text.int_print
                0x0000000000002070      0x11c Output/Debug/Obj/timer_pca10040/nrf_fprintf_format.o
 .text.nrf_fprintf_fmt
                0x000000000000218c      0x388 Output/Debug/Obj/timer_pca10040/nrf_fprintf_format.o
                0x000000000000218c                nrf_fprintf_fmt
 .text.nrf_memobj_pool_init
                0x0000000000002514       0x16 Output/Debug/Obj/timer_pca10040/nrf_memobj.o
                0x0000000000002514                nrf_memobj_pool_init
 .text.nrf_memobj_alloc
                0x000000000000252a       0xae Output/Debug/Obj/timer_pca10040/nrf_memobj.o
                0x000000000000252a                nrf_memobj_alloc
 .text.nrf_memobj_free
                0x00000000000025d8       0x74 Output/Debug/Obj/timer_pca10040/nrf_memobj.o
                0x00000000000025d8                nrf_memobj_free
 .text.nrf_memobj_get
                0x000000000000264c       0x1e Output/Debug/Obj/timer_pca10040/nrf_memobj.o
                0x000000000000264c                nrf_memobj_get
 .text.nrf_memobj_put
                0x000000000000266a       0x34 Output/Debug/Obj/timer_pca10040/nrf_memobj.o
                0x000000000000266a                nrf_memobj_put
 *fill*         0x000000000000269e        0x2 
 .text.memobj_op
                0x00000000000026a0      0x124 Output/Debug/Obj/timer_pca10040/nrf_memobj.o
 .text.nrf_memobj_write
                0x00000000000027c4       0x3c Output/Debug/Obj/timer_pca10040/nrf_memobj.o
                0x00000000000027c4                nrf_memobj_write
 .text.nrf_memobj_read
                0x0000000000002800       0x40 Output/Debug/Obj/timer_pca10040/nrf_memobj.o
                0x0000000000002800                nrf_memobj_read
 .text.nrf_ringbuf_init
                0x0000000000002840       0x3a Output/Debug/Obj/timer_pca10040/nrf_ringbuf.o
                0x0000000000002840                nrf_ringbuf_init
 *fill*         0x000000000000287a        0x2 
 .text.nrf_strerror_get
                0x000000000000287c       0x28 Output/Debug/Obj/timer_pca10040/nrf_strerror.o
                0x000000000000287c                nrf_strerror_get
 .text.nrf_strerror_find
                0x00000000000028a4       0x68 Output/Debug/Obj/timer_pca10040/nrf_strerror.o
                0x00000000000028a4                nrf_strerror_find
 .text.__NVIC_EnableIRQ
                0x000000000000290c       0x34 Output/Debug/Obj/timer_pca10040/nrfx_timer.o
 .text.__NVIC_SetPriority
                0x0000000000002940       0x50 Output/Debug/Obj/timer_pca10040/nrfx_timer.o
 .text.nrfx_get_irq_number
                0x0000000000002990       0x10 Output/Debug/Obj/timer_pca10040/nrfx_timer.o
 .text._NRFX_IRQ_PRIORITY_SET
                0x00000000000029a0       0x40 Output/Debug/Obj/timer_pca10040/nrfx_timer.o
 .text._NRFX_IRQ_ENABLE
                0x00000000000029e0       0x1c Output/Debug/Obj/timer_pca10040/nrfx_timer.o
 .text.nrf_timer_task_trigger
                0x00000000000029fc       0x1c Output/Debug/Obj/timer_pca10040/nrfx_timer.o
 .text.nrf_timer_event_clear
                0x0000000000002a18       0x2a Output/Debug/Obj/timer_pca10040/nrfx_timer.o
 .text.nrf_timer_event_check
                0x0000000000002a42       0x24 Output/Debug/Obj/timer_pca10040/nrfx_timer.o
 .text.nrf_timer_shorts_enable
                0x0000000000002a66       0x1c Output/Debug/Obj/timer_pca10040/nrfx_timer.o
 .text.nrf_timer_shorts_disable
                0x0000000000002a82       0x1e Output/Debug/Obj/timer_pca10040/nrfx_timer.o
 .text.nrf_timer_int_enable
                0x0000000000002aa0       0x14 Output/Debug/Obj/timer_pca10040/nrfx_timer.o
 .text.nrf_timer_int_disable
                0x0000000000002ab4       0x14 Output/Debug/Obj/timer_pca10040/nrfx_timer.o
 .text.nrf_timer_int_enable_check
                0x0000000000002ac8       0x20 Output/Debug/Obj/timer_pca10040/nrfx_timer.o
 .text.nrf_timer_mode_set
                0x0000000000002ae8       0x2a Output/Debug/Obj/timer_pca10040/nrfx_timer.o
 .text.nrf_timer_bit_width_set
                0x0000000000002b12       0x2a Output/Debug/Obj/timer_pca10040/nrfx_timer.o
 .text.nrf_timer_frequency_set
                0x0000000000002b3c       0x2a Output/Debug/Obj/timer_pca10040/nrfx_timer.o
 .text.nrf_timer_cc_write
                0x0000000000002b66       0x22 Output/Debug/Obj/timer_pca10040/nrfx_timer.o
 .text.nrf_timer_compare_event_get
                0x0000000000002b88       0x14 Output/Debug/Obj/timer_pca10040/nrfx_timer.o
 .text.nrf_timer_compare_int_get
                0x0000000000002b9c       0x14 Output/Debug/Obj/timer_pca10040/nrfx_timer.o
 .text.nrfx_timer_init
                0x0000000000002bb0      0x1f8 Output/Debug/Obj/timer_pca10040/nrfx_timer.o
                0x0000000000002bb0                nrfx_timer_init
 .text.nrfx_timer_enable
                0x0000000000002da8       0x5c Output/Debug/Obj/timer_pca10040/nrfx_timer.o
                0x0000000000002da8                nrfx_timer_enable
 .text.nrfx_timer_compare
                0x0000000000002e04       0x72 Output/Debug/Obj/timer_pca10040/nrfx_timer.o
                0x0000000000002e04                nrfx_timer_compare
 .text.nrfx_timer_extended_compare
                0x0000000000002e76       0x5e Output/Debug/Obj/timer_pca10040/nrfx_timer.o
                0x0000000000002e76                nrfx_timer_extended_compare
 .text.irq_handler
                0x0000000000002ed4       0x8e Output/Debug/Obj/timer_pca10040/nrfx_timer.o
 *fill*         0x0000000000002f62        0x2 
 .text.TIMER0_IRQHandler
                0x0000000000002f64       0x18 Output/Debug/Obj/timer_pca10040/nrfx_timer.o
                0x0000000000002f64                TIMER0_IRQHandler
 .text.__NVIC_EnableIRQ
                0x0000000000002f7c       0x34 Output/Debug/Obj/timer_pca10040/nrfx_saadc.o
 .text.__NVIC_SetPriority
                0x0000000000002fb0       0x50 Output/Debug/Obj/timer_pca10040/nrfx_saadc.o
 .text._NRFX_IRQ_PRIORITY_SET
                0x0000000000003000       0x40 Output/Debug/Obj/timer_pca10040/nrfx_saadc.o
 .text._NRFX_IRQ_ENABLE
                0x0000000000003040       0x1c Output/Debug/Obj/timer_pca10040/nrfx_saadc.o
 .text.nrfx_coredep_delay_us
                0x000000000000305c       0x30 Output/Debug/Obj/timer_pca10040/nrfx_saadc.o
 .text.nrf_saadc_task_trigger
                0x000000000000308c       0x1e Output/Debug/Obj/timer_pca10040/nrfx_saadc.o
 .text.nrf_saadc_event_check
                0x00000000000030aa       0x26 Output/Debug/Obj/timer_pca10040/nrfx_saadc.o
 .text.nrf_saadc_event_clear
                0x00000000000030d0       0x30 Output/Debug/Obj/timer_pca10040/nrfx_saadc.o
 .text.nrf_saadc_channel_input_set
                0x0000000000003100       0x44 Output/Debug/Obj/timer_pca10040/nrfx_saadc.o
 .text.nrf_saadc_int_enable
                0x0000000000003144       0x18 Output/Debug/Obj/timer_pca10040/nrfx_saadc.o
 .text.nrf_saadc_int_disable
                0x000000000000315c       0x18 Output/Debug/Obj/timer_pca10040/nrfx_saadc.o
 .text.nrf_saadc_enable
                0x0000000000003174       0x10 Output/Debug/Obj/timer_pca10040/nrfx_saadc.o
 .text.nrf_saadc_disable
                0x0000000000003184       0x10 Output/Debug/Obj/timer_pca10040/nrfx_saadc.o
 .text.nrf_saadc_buffer_init
                0x0000000000003194       0x20 Output/Debug/Obj/timer_pca10040/nrfx_saadc.o
 .text.nrf_saadc_resolution_set
                0x00000000000031b4       0x1c Output/Debug/Obj/timer_pca10040/nrfx_saadc.o
 .text.nrf_saadc_oversample_set
                0x00000000000031d0       0x1c Output/Debug/Obj/timer_pca10040/nrfx_saadc.o
 .text.nrf_saadc_oversample_get
                0x00000000000031ec       0x10 Output/Debug/Obj/timer_pca10040/nrfx_saadc.o
 .text.nrf_saadc_channel_init
                0x00000000000031fc       0x8c Output/Debug/Obj/timer_pca10040/nrfx_saadc.o
 .text.SAADC_IRQHandler
                0x0000000000003288      0x260 Output/Debug/Obj/timer_pca10040/nrfx_saadc.o
                0x0000000000003288                SAADC_IRQHandler
 .text.nrfx_saadc_init
                0x00000000000034e8       0xe0 Output/Debug/Obj/timer_pca10040/nrfx_saadc.o
                0x00000000000034e8                nrfx_saadc_init
 .text.nrfx_saadc_channel_init
                0x00000000000035c8      0x124 Output/Debug/Obj/timer_pca10040/nrfx_saadc.o
                0x00000000000035c8                nrfx_saadc_channel_init
 .text.nrfx_saadc_sample_convert
                0x00000000000036ec      0x158 Output/Debug/Obj/timer_pca10040/nrfx_saadc.o
                0x00000000000036ec                nrfx_saadc_sample_convert
 .text.__NVIC_EnableIRQ
                0x0000000000003844       0x34 Output/Debug/Obj/timer_pca10040/nrfx_twim.o
 .text.__NVIC_ClearPendingIRQ
                0x0000000000003878       0x38 Output/Debug/Obj/timer_pca10040/nrfx_twim.o
 .text.__NVIC_SetPriority
                0x00000000000038b0       0x50 Output/Debug/Obj/timer_pca10040/nrfx_twim.o
 .text.nrfx_is_in_ram
                0x0000000000003900       0x1c Output/Debug/Obj/timer_pca10040/nrfx_twim.o
 .text.nrfx_get_irq_number
                0x000000000000391c       0x10 Output/Debug/Obj/timer_pca10040/nrfx_twim.o
 .text._NRFX_IRQ_PRIORITY_SET
                0x000000000000392c       0x40 Output/Debug/Obj/timer_pca10040/nrfx_twim.o
 .text._NRFX_IRQ_ENABLE
                0x000000000000396c       0x1c Output/Debug/Obj/timer_pca10040/nrfx_twim.o
 .text._NRFX_IRQ_PENDING_CLEAR
                0x0000000000003988       0x1c Output/Debug/Obj/timer_pca10040/nrfx_twim.o
 .text.nrf_twim_task_trigger
                0x00000000000039a4       0x1c Output/Debug/Obj/timer_pca10040/nrfx_twim.o
 .text.nrf_twim_event_clear
                0x00000000000039c0       0x2a Output/Debug/Obj/timer_pca10040/nrfx_twim.o
 .text.nrf_twim_event_check
                0x00000000000039ea       0x24 Output/Debug/Obj/timer_pca10040/nrfx_twim.o
 .text.nrf_twim_int_enable
                0x0000000000003a0e       0x14 Output/Debug/Obj/timer_pca10040/nrfx_twim.o
 .text.nrf_twim_int_disable
                0x0000000000003a22       0x14 Output/Debug/Obj/timer_pca10040/nrfx_twim.o
 .text.nrf_twim_enable
                0x0000000000003a36       0x12 Output/Debug/Obj/timer_pca10040/nrfx_twim.o
 .text.nrf_twim_disable
                0x0000000000003a48       0x12 Output/Debug/Obj/timer_pca10040/nrfx_twim.o
 .text.nrf_twim_pins_set
                0x0000000000003a5a       0x1e Output/Debug/Obj/timer_pca10040/nrfx_twim.o
 .text.nrf_twim_frequency_set
                0x0000000000003a78       0x14 Output/Debug/Obj/timer_pca10040/nrfx_twim.o
 .text.nrf_twim_errorsrc_get_and_clear
                0x0000000000003a8c       0x1c Output/Debug/Obj/timer_pca10040/nrfx_twim.o
 .text.nrf_twim_address_set
                0x0000000000003aa8       0x1a Output/Debug/Obj/timer_pca10040/nrfx_twim.o
 .text.nrf_twim_tx_buffer_set
                0x0000000000003ac2       0x1e Output/Debug/Obj/timer_pca10040/nrfx_twim.o
 .text.nrf_twim_rx_buffer_set
                0x0000000000003ae0       0x1e Output/Debug/Obj/timer_pca10040/nrfx_twim.o
 .text.nrf_twim_shorts_set
                0x0000000000003afe       0x14 Output/Debug/Obj/timer_pca10040/nrfx_twim.o
 .text.nrf_twim_txd_amount_get
                0x0000000000003b12       0x10 Output/Debug/Obj/timer_pca10040/nrfx_twim.o
 .text.nrf_twim_shorts_get
                0x0000000000003b22       0x10 Output/Debug/Obj/timer_pca10040/nrfx_twim.o
 .text.nrf_twim_rxd_amount_get
                0x0000000000003b32       0x10 Output/Debug/Obj/timer_pca10040/nrfx_twim.o
 .text.nrf_twim_tx_list_enable
                0x0000000000003b42       0x12 Output/Debug/Obj/timer_pca10040/nrfx_twim.o
 .text.nrf_twim_tx_list_disable
                0x0000000000003b54       0x12 Output/Debug/Obj/timer_pca10040/nrfx_twim.o
 .text.nrf_twim_rx_list_enable
                0x0000000000003b66       0x12 Output/Debug/Obj/timer_pca10040/nrfx_twim.o
 .text.nrf_twim_rx_list_disable
                0x0000000000003b78       0x12 Output/Debug/Obj/timer_pca10040/nrfx_twim.o
 *fill*         0x0000000000003b8a        0x2 
 .text.nrf_gpio_pin_port_decode
                0x0000000000003b8c       0x30 Output/Debug/Obj/timer_pca10040/nrfx_twim.o
 .text.nrf_gpio_cfg
                0x0000000000003bbc       0x62 Output/Debug/Obj/timer_pca10040/nrfx_twim.o
 .text.nrf_gpio_pin_present_check
                0x0000000000003c1e       0x40 Output/Debug/Obj/timer_pca10040/nrfx_twim.o
 .text.twi_process_error
                0x0000000000003c5e       0x40 Output/Debug/Obj/timer_pca10040/nrfx_twim.o
 *fill*         0x0000000000003c9e        0x2 
 .text.xfer_completeness_check
                0x0000000000003ca0       0xfc Output/Debug/Obj/timer_pca10040/nrfx_twim.o
 .text.nrfx_twim_init
                0x0000000000003d9c      0x148 Output/Debug/Obj/timer_pca10040/nrfx_twim.o
                0x0000000000003d9c                nrfx_twim_init
 .text.nrfx_twim_enable
                0x0000000000003ee4       0x50 Output/Debug/Obj/timer_pca10040/nrfx_twim.o
                0x0000000000003ee4                nrfx_twim_enable
 .text.twim_list_enable_handle
                0x0000000000003f34       0x40 Output/Debug/Obj/timer_pca10040/nrfx_twim.o
 .text.twim_xfer
                0x0000000000003f74      0x440 Output/Debug/Obj/timer_pca10040/nrfx_twim.o
 .text.nrfx_twim_xfer
                0x00000000000043b4       0xb0 Output/Debug/Obj/timer_pca10040/nrfx_twim.o
                0x00000000000043b4                nrfx_twim_xfer
 .text.nrfx_twim_tx
                0x0000000000004464       0x50 Output/Debug/Obj/timer_pca10040/nrfx_twim.o
                0x0000000000004464                nrfx_twim_tx
 .text.nrfx_twim_rx
                0x00000000000044b4       0x44 Output/Debug/Obj/timer_pca10040/nrfx_twim.o
                0x00000000000044b4                nrfx_twim_rx
 .text.twim_irq_handler
                0x00000000000044f8      0x2a4 Output/Debug/Obj/timer_pca10040/nrfx_twim.o
 .text.SPIM0_SPIS0_TWIM0_TWIS0_SPI0_TWI0_IRQHandler
                0x000000000000479c       0x18 Output/Debug/Obj/timer_pca10040/nrfx_twim.o
                0x000000000000479c                SPIM0_SPIS0_TWIM0_TWIS0_SPI0_TWI0_IRQHandler
 .text.SPIM1_SPIS1_TWIM1_TWIS1_SPI1_TWI1_IRQHandler
                0x00000000000047b4       0x14 Output/Debug/Obj/timer_pca10040/nrfx_twim.o
                0x00000000000047b4                SPIM1_SPIS1_TWIM1_TWIS1_SPI1_TWI1_IRQHandler
 .text.nrfx_coredep_delay_us
                0x00000000000047c8       0x30 Output/Debug/Obj/timer_pca10040/nrf_drv_twi.o
 .text.nrf_gpio_pin_port_decode
                0x00000000000047f8       0x30 Output/Debug/Obj/timer_pca10040/nrf_drv_twi.o
 .text.nrf_gpio_pin_set
                0x0000000000004828       0x28 Output/Debug/Obj/timer_pca10040/nrf_drv_twi.o
 .text.nrf_gpio_pin_clear
                0x0000000000004850       0x28 Output/Debug/Obj/timer_pca10040/nrf_drv_twi.o
 .text.nrf_gpio_pin_read
                0x0000000000004878       0x2a Output/Debug/Obj/timer_pca10040/nrf_drv_twi.o
 .text.nrf_gpio_port_in_read
                0x00000000000048a2       0x10 Output/Debug/Obj/timer_pca10040/nrf_drv_twi.o
 .text.nrf_gpio_port_out_set
                0x00000000000048b2       0x14 Output/Debug/Obj/timer_pca10040/nrf_drv_twi.o
 .text.nrf_gpio_port_out_clear
                0x00000000000048c6       0x14 Output/Debug/Obj/timer_pca10040/nrf_drv_twi.o
 .text.nrf_gpio_pin_present_check
                0x00000000000048da       0x40 Output/Debug/Obj/timer_pca10040/nrf_drv_twi.o
 .text.twi_clear_bus
                0x000000000000491a       0xde Output/Debug/Obj/timer_pca10040/nrf_drv_twi.o
 .text.twim_evt_handler
                0x00000000000049f8       0x6c Output/Debug/Obj/timer_pca10040/nrf_drv_twi.o
 .text.nrf_drv_twi_init
                0x0000000000004a64       0x68 Output/Debug/Obj/timer_pca10040/nrf_drv_twi.o
                0x0000000000004a64                nrf_drv_twi_init
 .text.UARTE0_UART0_IRQHandler
                0x0000000000004acc       0x24 Output/Debug/Obj/timer_pca10040/nrfx_prs.o
                0x0000000000004acc                UARTE0_UART0_IRQHandler
 .text.prs_box_get
                0x0000000000004af0       0x20 Output/Debug/Obj/timer_pca10040/nrfx_prs.o
 .text.nrfx_prs_acquire
                0x0000000000004b10       0x74 Output/Debug/Obj/timer_pca10040/nrfx_prs.o
                0x0000000000004b10                nrfx_prs_acquire
 .text.nrfx_prs_release
                0x0000000000004b84       0x3c Output/Debug/Obj/timer_pca10040/nrfx_prs.o
                0x0000000000004b84                nrfx_prs_release
 .text.uarte_evt_handler
                0x0000000000004bc0       0x50 Output/Debug/Obj/timer_pca10040/nrf_drv_uart.o
 .text.uart_evt_handler
                0x0000000000004c10       0x50 Output/Debug/Obj/timer_pca10040/nrf_drv_uart.o
 .text.nrf_drv_uart_init
                0x0000000000004c60       0xc0 Output/Debug/Obj/timer_pca10040/nrf_drv_uart.o
                0x0000000000004c60                nrf_drv_uart_init
 .text.__NVIC_EnableIRQ
                0x0000000000004d20       0x34 Output/Debug/Obj/timer_pca10040/nrfx_uart.o
 .text.__NVIC_DisableIRQ
                0x0000000000004d54       0x44 Output/Debug/Obj/timer_pca10040/nrfx_uart.o
 .text.__NVIC_SetPriority
                0x0000000000004d98       0x50 Output/Debug/Obj/timer_pca10040/nrfx_uart.o
 .text.nrfx_get_irq_number
                0x0000000000004de8       0x10 Output/Debug/Obj/timer_pca10040/nrfx_uart.o
 .text._NRFX_IRQ_PRIORITY_SET
                0x0000000000004df8       0x40 Output/Debug/Obj/timer_pca10040/nrfx_uart.o
 .text._NRFX_IRQ_ENABLE
                0x0000000000004e38       0x1c Output/Debug/Obj/timer_pca10040/nrfx_uart.o
 .text._NRFX_IRQ_DISABLE
                0x0000000000004e54       0x1c Output/Debug/Obj/timer_pca10040/nrfx_uart.o
 .text.nrf_uart_event_clear
                0x0000000000004e70       0x2a Output/Debug/Obj/timer_pca10040/nrfx_uart.o
 .text.nrf_uart_event_check
                0x0000000000004e9a       0x24 Output/Debug/Obj/timer_pca10040/nrfx_uart.o
 .text.nrf_uart_int_enable
                0x0000000000004ebe       0x14 Output/Debug/Obj/timer_pca10040/nrfx_uart.o
 .text.nrf_uart_int_enable_check
                0x0000000000004ed2       0x20 Output/Debug/Obj/timer_pca10040/nrfx_uart.o
 .text.nrf_uart_int_disable
                0x0000000000004ef2       0x14 Output/Debug/Obj/timer_pca10040/nrfx_uart.o
 .text.nrf_uart_errorsrc_get_and_clear
                0x0000000000004f06       0x1c Output/Debug/Obj/timer_pca10040/nrfx_uart.o
 .text.nrf_uart_enable
                0x0000000000004f22       0x12 Output/Debug/Obj/timer_pca10040/nrfx_uart.o
 .text.nrf_uart_disable
                0x0000000000004f34       0x12 Output/Debug/Obj/timer_pca10040/nrfx_uart.o
 .text.nrf_uart_txrx_pins_set
                0x0000000000004f46       0x1e Output/Debug/Obj/timer_pca10040/nrfx_uart.o
 .text.nrf_uart_txrx_pins_disconnect
                0x0000000000004f64       0x1c Output/Debug/Obj/timer_pca10040/nrfx_uart.o
 .text.nrf_uart_tx_pin_get
                0x0000000000004f80       0x10 Output/Debug/Obj/timer_pca10040/nrfx_uart.o
 .text.nrf_uart_rx_pin_get
                0x0000000000004f90       0x10 Output/Debug/Obj/timer_pca10040/nrfx_uart.o
 .text.nrf_uart_rts_pin_get
                0x0000000000004fa0       0x10 Output/Debug/Obj/timer_pca10040/nrfx_uart.o
 .text.nrf_uart_cts_pin_get
                0x0000000000004fb0       0x10 Output/Debug/Obj/timer_pca10040/nrfx_uart.o
 .text.nrf_uart_hwfc_pins_set
                0x0000000000004fc0       0x1e Output/Debug/Obj/timer_pca10040/nrfx_uart.o
 .text.nrf_uart_hwfc_pins_disconnect
                0x0000000000004fde       0x1c Output/Debug/Obj/timer_pca10040/nrfx_uart.o
 .text.nrf_uart_rxd_get
                0x0000000000004ffa       0x12 Output/Debug/Obj/timer_pca10040/nrfx_uart.o
 .text.nrf_uart_txd_set
                0x000000000000500c       0x1a Output/Debug/Obj/timer_pca10040/nrfx_uart.o
 .text.nrf_uart_task_trigger
                0x0000000000005026       0x1c Output/Debug/Obj/timer_pca10040/nrfx_uart.o
 .text.nrf_uart_configure
                0x0000000000005042       0x2a Output/Debug/Obj/timer_pca10040/nrfx_uart.o
 .text.nrf_uart_baudrate_set
                0x000000000000506c       0x14 Output/Debug/Obj/timer_pca10040/nrfx_uart.o
 .text.nrf_gpio_pin_port_decode
                0x0000000000005080       0x30 Output/Debug/Obj/timer_pca10040/nrfx_uart.o
 .text.nrf_gpio_cfg
                0x00000000000050b0       0x62 Output/Debug/Obj/timer_pca10040/nrfx_uart.o
 .text.nrf_gpio_cfg_output
                0x0000000000005112       0x22 Output/Debug/Obj/timer_pca10040/nrfx_uart.o
 .text.nrf_gpio_cfg_input
                0x0000000000005134       0x2a Output/Debug/Obj/timer_pca10040/nrfx_uart.o
 .text.nrf_gpio_cfg_default
                0x000000000000515e       0x22 Output/Debug/Obj/timer_pca10040/nrfx_uart.o
 .text.nrf_gpio_pin_set
                0x0000000000005180       0x28 Output/Debug/Obj/timer_pca10040/nrfx_uart.o
 .text.nrf_gpio_port_out_set
                0x00000000000051a8       0x14 Output/Debug/Obj/timer_pca10040/nrfx_uart.o
 .text.nrf_gpio_pin_present_check
                0x00000000000051bc       0x40 Output/Debug/Obj/timer_pca10040/nrfx_uart.o
 .text.apply_config
                0x00000000000051fc       0xc6 Output/Debug/Obj/timer_pca10040/nrfx_uart.o
 *fill*         0x00000000000052c2        0x2 
 .text.interrupts_enable
                0x00000000000052c4       0x6c Output/Debug/Obj/timer_pca10040/nrfx_uart.o
 .text.interrupts_disable
                0x0000000000005330       0x30 Output/Debug/Obj/timer_pca10040/nrfx_uart.o
 .text.pins_to_default
                0x0000000000005360       0x8a Output/Debug/Obj/timer_pca10040/nrfx_uart.o
 *fill*         0x00000000000053ea        0x2 
 .text.nrfx_uart_init
                0x00000000000053ec       0xd4 Output/Debug/Obj/timer_pca10040/nrfx_uart.o
                0x00000000000053ec                nrfx_uart_init
 .text.nrfx_uart_uninit
                0x00000000000054c0       0x5c Output/Debug/Obj/timer_pca10040/nrfx_uart.o
                0x00000000000054c0                nrfx_uart_uninit
 .text.tx_byte  0x000000000000551c       0x40 Output/Debug/Obj/timer_pca10040/nrfx_uart.o
 .text.tx_blocking
                0x000000000000555c       0x52 Output/Debug/Obj/timer_pca10040/nrfx_uart.o
 *fill*         0x00000000000055ae        0x2 
 .text.nrfx_uart_tx
                0x00000000000055b0      0x110 Output/Debug/Obj/timer_pca10040/nrfx_uart.o
                0x00000000000055b0                nrfx_uart_tx
 .text.nrfx_uart_tx_in_progress
                0x00000000000056c0       0x2c Output/Debug/Obj/timer_pca10040/nrfx_uart.o
                0x00000000000056c0                nrfx_uart_tx_in_progress
 .text.rx_byte  0x00000000000056ec       0x4e Output/Debug/Obj/timer_pca10040/nrfx_uart.o
 .text.rx_done_event
                0x000000000000573a       0x2e Output/Debug/Obj/timer_pca10040/nrfx_uart.o
 .text.tx_done_event
                0x0000000000005768       0x34 Output/Debug/Obj/timer_pca10040/nrfx_uart.o
 .text.uart_irq_handler
                0x000000000000579c      0x1de Output/Debug/Obj/timer_pca10040/nrfx_uart.o
 *fill*         0x000000000000597a        0x2 
 .text.nrfx_uart_0_irq_handler
                0x000000000000597c       0x18 Output/Debug/Obj/timer_pca10040/nrfx_uart.o
                0x000000000000597c                nrfx_uart_0_irq_handler
 .text.__NVIC_EnableIRQ
                0x0000000000005994       0x34 Output/Debug/Obj/timer_pca10040/nrfx_uarte.o
 .text.__NVIC_DisableIRQ
                0x00000000000059c8       0x44 Output/Debug/Obj/timer_pca10040/nrfx_uarte.o
 .text.__NVIC_SetPriority
                0x0000000000005a0c       0x50 Output/Debug/Obj/timer_pca10040/nrfx_uarte.o
 .text.nrfx_is_in_ram
                0x0000000000005a5c       0x1c Output/Debug/Obj/timer_pca10040/nrfx_uarte.o
 .text.nrfx_get_irq_number
                0x0000000000005a78       0x10 Output/Debug/Obj/timer_pca10040/nrfx_uarte.o
 .text._NRFX_IRQ_PRIORITY_SET
                0x0000000000005a88       0x40 Output/Debug/Obj/timer_pca10040/nrfx_uarte.o
 .text._NRFX_IRQ_ENABLE
                0x0000000000005ac8       0x1c Output/Debug/Obj/timer_pca10040/nrfx_uarte.o
 .text._NRFX_IRQ_DISABLE
                0x0000000000005ae4       0x1c Output/Debug/Obj/timer_pca10040/nrfx_uarte.o
 .text.nrf_uarte_event_clear
                0x0000000000005b00       0x2a Output/Debug/Obj/timer_pca10040/nrfx_uarte.o
 .text.nrf_uarte_event_check
                0x0000000000005b2a       0x24 Output/Debug/Obj/timer_pca10040/nrfx_uarte.o
 .text.nrf_uarte_shorts_disable
                0x0000000000005b4e       0x1e Output/Debug/Obj/timer_pca10040/nrfx_uarte.o
 .text.nrf_uarte_int_enable
                0x0000000000005b6c       0x14 Output/Debug/Obj/timer_pca10040/nrfx_uarte.o
 .text.nrf_uarte_int_disable
                0x0000000000005b80       0x14 Output/Debug/Obj/timer_pca10040/nrfx_uarte.o
 .text.nrf_uarte_errorsrc_get_and_clear
                0x0000000000005b94       0x1c Output/Debug/Obj/timer_pca10040/nrfx_uarte.o
 .text.nrf_uarte_enable
                0x0000000000005bb0       0x12 Output/Debug/Obj/timer_pca10040/nrfx_uarte.o
 .text.nrf_uarte_disable
                0x0000000000005bc2       0x12 Output/Debug/Obj/timer_pca10040/nrfx_uarte.o
 .text.nrf_uarte_txrx_pins_set
                0x0000000000005bd4       0x1e Output/Debug/Obj/timer_pca10040/nrfx_uarte.o
 .text.nrf_uarte_txrx_pins_disconnect
                0x0000000000005bf2       0x1c Output/Debug/Obj/timer_pca10040/nrfx_uarte.o
 .text.nrf_uarte_tx_pin_get
                0x0000000000005c0e       0x10 Output/Debug/Obj/timer_pca10040/nrfx_uarte.o
 .text.nrf_uarte_rx_pin_get
                0x0000000000005c1e       0x10 Output/Debug/Obj/timer_pca10040/nrfx_uarte.o
 .text.nrf_uarte_rts_pin_get
                0x0000000000005c2e       0x10 Output/Debug/Obj/timer_pca10040/nrfx_uarte.o
 .text.nrf_uarte_cts_pin_get
                0x0000000000005c3e       0x10 Output/Debug/Obj/timer_pca10040/nrfx_uarte.o
 .text.nrf_uarte_hwfc_pins_set
                0x0000000000005c4e       0x1e Output/Debug/Obj/timer_pca10040/nrfx_uarte.o
 .text.nrf_uarte_hwfc_pins_disconnect
                0x0000000000005c6c       0x1c Output/Debug/Obj/timer_pca10040/nrfx_uarte.o
 .text.nrf_uarte_task_trigger
                0x0000000000005c88       0x1c Output/Debug/Obj/timer_pca10040/nrfx_uarte.o
 .text.nrf_uarte_configure
                0x0000000000005ca4       0x2a Output/Debug/Obj/timer_pca10040/nrfx_uarte.o
 .text.nrf_uarte_baudrate_set
                0x0000000000005cce       0x14 Output/Debug/Obj/timer_pca10040/nrfx_uarte.o
 .text.nrf_uarte_tx_buffer_set
                0x0000000000005ce2       0x1e Output/Debug/Obj/timer_pca10040/nrfx_uarte.o
 .text.nrf_uarte_tx_amount_get
                0x0000000000005d00       0x10 Output/Debug/Obj/timer_pca10040/nrfx_uarte.o
 .text.nrf_uarte_rx_amount_get
                0x0000000000005d10       0x10 Output/Debug/Obj/timer_pca10040/nrfx_uarte.o
 .text.nrf_gpio_pin_port_decode
                0x0000000000005d20       0x30 Output/Debug/Obj/timer_pca10040/nrfx_uarte.o
 .text.nrf_gpio_cfg
                0x0000000000005d50       0x62 Output/Debug/Obj/timer_pca10040/nrfx_uarte.o
 .text.nrf_gpio_cfg_output
                0x0000000000005db2       0x22 Output/Debug/Obj/timer_pca10040/nrfx_uarte.o
 .text.nrf_gpio_cfg_input
                0x0000000000005dd4       0x2a Output/Debug/Obj/timer_pca10040/nrfx_uarte.o
 .text.nrf_gpio_cfg_default
                0x0000000000005dfe       0x22 Output/Debug/Obj/timer_pca10040/nrfx_uarte.o
 .text.nrf_gpio_pin_set
                0x0000000000005e20       0x28 Output/Debug/Obj/timer_pca10040/nrfx_uarte.o
 .text.nrf_gpio_port_out_set
                0x0000000000005e48       0x14 Output/Debug/Obj/timer_pca10040/nrfx_uarte.o
 .text.nrf_gpio_pin_present_check
                0x0000000000005e5c       0x40 Output/Debug/Obj/timer_pca10040/nrfx_uarte.o
 .text.apply_config
                0x0000000000005e9c       0xc6 Output/Debug/Obj/timer_pca10040/nrfx_uarte.o
 *fill*         0x0000000000005f62        0x2 
 .text.interrupts_enable
                0x0000000000005f64       0x98 Output/Debug/Obj/timer_pca10040/nrfx_uarte.o
 .text.interrupts_disable
                0x0000000000005ffc       0x30 Output/Debug/Obj/timer_pca10040/nrfx_uarte.o
 .text.pins_to_default
                0x000000000000602c       0x8a Output/Debug/Obj/timer_pca10040/nrfx_uarte.o
 *fill*         0x00000000000060b6        0x2 
 .text.nrfx_uarte_init
                0x00000000000060b8       0xcc Output/Debug/Obj/timer_pca10040/nrfx_uarte.o
                0x00000000000060b8                nrfx_uarte_init
 .text.nrfx_uarte_uninit
                0x0000000000006184       0xc4 Output/Debug/Obj/timer_pca10040/nrfx_uarte.o
                0x0000000000006184                nrfx_uarte_uninit
 .text.nrfx_uarte_tx
                0x0000000000006248      0x17c Output/Debug/Obj/timer_pca10040/nrfx_uarte.o
                0x0000000000006248                nrfx_uarte_tx
 .text.nrfx_uarte_tx_in_progress
                0x00000000000063c4       0x30 Output/Debug/Obj/timer_pca10040/nrfx_uarte.o
                0x00000000000063c4                nrfx_uarte_tx_in_progress
 .text.rx_done_event
                0x00000000000063f4       0x2e Output/Debug/Obj/timer_pca10040/nrfx_uarte.o
 .text.tx_done_event
                0x0000000000006422       0x34 Output/Debug/Obj/timer_pca10040/nrfx_uarte.o
 .text.uarte_irq_handler
                0x0000000000006456      0x18c Output/Debug/Obj/timer_pca10040/nrfx_uarte.o
 *fill*         0x00000000000065e2        0x2 
 .text.nrfx_uarte_0_irq_handler
                0x00000000000065e4       0x18 Output/Debug/Obj/timer_pca10040/nrfx_uarte.o
                0x00000000000065e4                nrfx_uarte_0_irq_handler
 .text.nrfx_coredep_delay_us
                0x00000000000065fc       0x30 Output/Debug/Obj/timer_pca10040/main.o
 .text.nrf_timer_frequency_get
                0x000000000000662c       0x12 Output/Debug/Obj/timer_pca10040/main.o
 *fill*         0x000000000000663e        0x2 
 .text.nrf_timer_ms_to_ticks
                0x0000000000006640       0xb8 Output/Debug/Obj/timer_pca10040/main.o
 .text.nrfx_timer_ms_to_ticks
                0x00000000000066f8       0x26 Output/Debug/Obj/timer_pca10040/main.o
 *fill*         0x000000000000671e        0x2 
 .text.nrf_gpio_pin_port_decode
                0x0000000000006720       0x30 Output/Debug/Obj/timer_pca10040/main.o
 .text.nrf_gpio_cfg
                0x0000000000006750       0x62 Output/Debug/Obj/timer_pca10040/main.o
 .text.nrf_gpio_cfg_output
                0x00000000000067b2       0x22 Output/Debug/Obj/timer_pca10040/main.o
 .text.nrf_gpio_pin_set
                0x00000000000067d4       0x28 Output/Debug/Obj/timer_pca10040/main.o
 .text.nrf_gpio_pin_toggle
                0x00000000000067fc       0x44 Output/Debug/Obj/timer_pca10040/main.o
 .text.nrf_gpio_port_out_set
                0x0000000000006840       0x14 Output/Debug/Obj/timer_pca10040/main.o
 .text.nrf_gpio_pin_present_check
                0x0000000000006854       0x40 Output/Debug/Obj/timer_pca10040/main.o
 .text.nrf_drv_saadc_init
                0x0000000000006894       0x28 Output/Debug/Obj/timer_pca10040/main.o
 .text.nrf_drv_twi_enable
                0x00000000000068bc       0x18 Output/Debug/Obj/timer_pca10040/main.o
 .text.nrf_drv_twi_rx
                0x00000000000068d4       0x38 Output/Debug/Obj/timer_pca10040/main.o
 .text.nrf_delay_ms
                0x000000000000690c       0x2a Output/Debug/Obj/timer_pca10040/main.o
 *fill*         0x0000000000006936        0x2 
 .text.twi_init
                0x0000000000006938       0x5c Output/Debug/Obj/timer_pca10040/main.o
                0x0000000000006938                twi_init
 .text.saadc_callback
                0x0000000000006994        0xa Output/Debug/Obj/timer_pca10040/main.o
                0x0000000000006994                saadc_callback
 *fill*         0x000000000000699e        0x2 
 .text.saadc_init
                0x00000000000069a0       0x90 Output/Debug/Obj/timer_pca10040/main.o
                0x00000000000069a0                saadc_init
 .text.adc_to_volts
                0x0000000000006a30       0x60 Output/Debug/Obj/timer_pca10040/main.o
                0x0000000000006a30                adc_to_volts
 .text.log_init
                0x0000000000006a90       0x30 Output/Debug/Obj/timer_pca10040/main.o
                0x0000000000006a90                log_init
 .text.timer0_handler
                0x0000000000006ac0       0xb4 Output/Debug/Obj/timer_pca10040/main.o
                0x0000000000006ac0                timer0_handler
 .text.timer_init
                0x0000000000006b74       0x70 Output/Debug/Obj/timer_pca10040/main.o
                0x0000000000006b74                timer_init
 .text.stampa_decimale
                0x0000000000006be4       0x88 Output/Debug/Obj/timer_pca10040/main.o
                0x0000000000006be4                stampa_decimale
 *fill*         0x0000000000006c6c        0x4 
 .text.main     0x0000000000006c70      0x4e8 Output/Debug/Obj/timer_pca10040/main.o
                0x0000000000006c70                main
 .text.__NVIC_SystemReset
                0x0000000000007158       0x28 Output/Debug/Obj/timer_pca10040/system_nrf52.o
 .text.nrf52_errata_12
                0x0000000000007180       0x88 Output/Debug/Obj/timer_pca10040/system_nrf52.o
 .text.nrf52_errata_16
                0x0000000000007208       0x68 Output/Debug/Obj/timer_pca10040/system_nrf52.o
 .text.nrf52_errata_31
                0x0000000000007270       0x88 Output/Debug/Obj/timer_pca10040/system_nrf52.o
 .text.nrf52_errata_32
                0x00000000000072f8       0x68 Output/Debug/Obj/timer_pca10040/system_nrf52.o
 .text.nrf52_errata_36
                0x0000000000007360       0x88 Output/Debug/Obj/timer_pca10040/system_nrf52.o
 .text.nrf52_errata_37
                0x00000000000073e8       0x68 Output/Debug/Obj/timer_pca10040/system_nrf52.o
 .text.nrf52_errata_57
                0x0000000000007450       0x68 Output/Debug/Obj/timer_pca10040/system_nrf52.o
 .text.nrf52_errata_66
                0x00000000000074b8       0x88 Output/Debug/Obj/timer_pca10040/system_nrf52.o
 .text.nrf52_errata_108
                0x0000000000007540       0x88 Output/Debug/Obj/timer_pca10040/system_nrf52.o
 .text.nrf52_errata_136
                0x00000000000075c8       0x88 Output/Debug/Obj/timer_pca10040/system_nrf52.o
 .text.nrf52_errata_182
                0x0000000000007650       0x60 Output/Debug/Obj/timer_pca10040/system_nrf52.o
 .text.nrf52_errata_249
                0x00000000000076b0       0x60 Output/Debug/Obj/timer_pca10040/system_nrf52.o
 .text.nrf52_handle_approtect
                0x0000000000007710       0x20 Output/Debug/Obj/timer_pca10040/system_nrf52.o
 .text.nvmc_wait
                0x0000000000007730       0x18 Output/Debug/Obj/timer_pca10040/system_nrf52.o
                0x0000000000007730                nvmc_wait
 .text.nvmc_config
                0x0000000000007748       0x20 Output/Debug/Obj/timer_pca10040/system_nrf52.o
                0x0000000000007748                nvmc_config
 .text.SystemCoreClockUpdate
                0x0000000000007768       0x14 Output/Debug/Obj/timer_pca10040/system_nrf52.o
                0x0000000000007768                SystemCoreClockUpdate
 .text.SystemInit
                0x000000000000777c      0x2ac Output/Debug/Obj/timer_pca10040/system_nrf52.o
                0x000000000000777c                SystemInit
 .text._DoInit  0x0000000000007a28       0x9c Output/Debug/Obj/timer_pca10040/SEGGER_RTT.o
 .text._WriteBlocking
                0x0000000000007ac4       0xb2 Output/Debug/Obj/timer_pca10040/SEGGER_RTT.o
 .text._WriteNoCheck
                0x0000000000007b76       0x7e Output/Debug/Obj/timer_pca10040/SEGGER_RTT.o
 .text._GetAvailWriteSpace
                0x0000000000007bf4       0x3c Output/Debug/Obj/timer_pca10040/SEGGER_RTT.o
 .text.SEGGER_RTT_WriteNoLock
                0x0000000000007c30       0xa0 Output/Debug/Obj/timer_pca10040/SEGGER_RTT.o
                0x0000000000007c30                SEGGER_RTT_WriteNoLock
 .text.SEGGER_RTT_Write
                0x0000000000007cd0       0x3c Output/Debug/Obj/timer_pca10040/SEGGER_RTT.o
                0x0000000000007cd0                SEGGER_RTT_Write
 .text.SEGGER_RTT_WriteString
                0x0000000000007d0c       0x24 Output/Debug/Obj/timer_pca10040/SEGGER_RTT.o
                0x0000000000007d0c                SEGGER_RTT_WriteString
 .text.SEGGER_RTT_Init
                0x0000000000007d30        0xa Output/Debug/Obj/timer_pca10040/SEGGER_RTT.o
                0x0000000000007d30                SEGGER_RTT_Init
 .text.printf   0x0000000000007d3a       0x4c Output/Debug/Obj/timer_pca10040/SEGGER_RTT_Syscalls_SES.o
                0x0000000000007d3a                printf
 .text.puts     0x0000000000007d86       0x18 Output/Debug/Obj/timer_pca10040/SEGGER_RTT_Syscalls_SES.o
                0x0000000000007d86                puts
 .text.__putchar
                0x0000000000007d9e       0x1e Output/Debug/Obj/timer_pca10040/SEGGER_RTT_Syscalls_SES.o
                0x0000000000007d9e                __putchar
 .text.scd4x_read_measurement_ticks
                0x0000000000007dbc       0xae Output/Debug/Obj/timer_pca10040/scd4x_i2c.o
                0x0000000000007dbc                scd4x_read_measurement_ticks
 .text.scd4x_read_measurement
                0x0000000000007e6a       0x64 Output/Debug/Obj/timer_pca10040/scd4x_i2c.o
                0x0000000000007e6a                scd4x_read_measurement
 .text.scd4x_get_data_ready_flag
                0x0000000000007ece       0xa0 Output/Debug/Obj/timer_pca10040/scd4x_i2c.o
                0x0000000000007ece                scd4x_get_data_ready_flag
 *fill*         0x0000000000007f6e        0x2 
 .text.scd4x_measure_single_shot
                0x0000000000007f70       0x58 Output/Debug/Obj/timer_pca10040/scd4x_i2c.o
                0x0000000000007f70                scd4x_measure_single_shot
 .text.scd4x_power_down
                0x0000000000007fc8       0x54 Output/Debug/Obj/timer_pca10040/scd4x_i2c.o
                0x0000000000007fc8                scd4x_power_down
 .text.scd4x_wake_up
                0x000000000000801c       0x40 Output/Debug/Obj/timer_pca10040/scd4x_i2c.o
                0x000000000000801c                scd4x_wake_up
 .text.sensirion_common_bytes_to_uint16_t
                0x000000000000805c       0x20 Output/Debug/Obj/timer_pca10040/sensirion_common.o
                0x000000000000805c                sensirion_common_bytes_to_uint16_t
 .text.sensirion_common_bytes_to_uint32_t
                0x000000000000807c       0x2c Output/Debug/Obj/timer_pca10040/sensirion_common.o
                0x000000000000807c                sensirion_common_bytes_to_uint32_t
 .text.sensirion_common_bytes_to_float
                0x00000000000080a8       0x20 Output/Debug/Obj/timer_pca10040/sensirion_common.o
                0x00000000000080a8                sensirion_common_bytes_to_float
 .text.sensirion_i2c_generate_crc
                0x00000000000080c8       0x8c Output/Debug/Obj/timer_pca10040/sensirion_i2c.o
                0x00000000000080c8                sensirion_i2c_generate_crc
 .text.sensirion_i2c_check_crc
                0x0000000000008154       0x38 Output/Debug/Obj/timer_pca10040/sensirion_i2c.o
                0x0000000000008154                sensirion_i2c_check_crc
 .text.sensirion_i2c_fill_cmd_send_buf
                0x000000000000818c       0xec Output/Debug/Obj/timer_pca10040/sensirion_i2c.o
                0x000000000000818c                sensirion_i2c_fill_cmd_send_buf
 .text.sensirion_i2c_read_words_as_bytes
                0x0000000000008278       0xe0 Output/Debug/Obj/timer_pca10040/sensirion_i2c.o
                0x0000000000008278                sensirion_i2c_read_words_as_bytes
 .text.sensirion_i2c_read_words
                0x0000000000008358       0x8e Output/Debug/Obj/timer_pca10040/sensirion_i2c.o
                0x0000000000008358                sensirion_i2c_read_words
 .text.sensirion_i2c_write_cmd
                0x00000000000083e6       0x3a Output/Debug/Obj/timer_pca10040/sensirion_i2c.o
                0x00000000000083e6                sensirion_i2c_write_cmd
 .text.sensirion_i2c_write_cmd_with_args
                0x0000000000008420       0x4e Output/Debug/Obj/timer_pca10040/sensirion_i2c.o
                0x0000000000008420                sensirion_i2c_write_cmd_with_args
 .text.sensirion_i2c_delayed_read_cmd
                0x000000000000846e       0x6a Output/Debug/Obj/timer_pca10040/sensirion_i2c.o
                0x000000000000846e                sensirion_i2c_delayed_read_cmd
 .text.sensirion_i2c_add_command_to_buffer
                0x00000000000084d8       0x4e Output/Debug/Obj/timer_pca10040/sensirion_i2c.o
                0x00000000000084d8                sensirion_i2c_add_command_to_buffer
 .text.sensirion_i2c_write_data
                0x0000000000008526       0x2e Output/Debug/Obj/timer_pca10040/sensirion_i2c.o
                0x0000000000008526                sensirion_i2c_write_data
 .text.sensirion_i2c_read_data_inplace
                0x0000000000008554       0xf2 Output/Debug/Obj/timer_pca10040/sensirion_i2c.o
                0x0000000000008554                sensirion_i2c_read_data_inplace
 *fill*         0x0000000000008646        0x2 
 .text.nrfx_coredep_delay_us
                0x0000000000008648       0x30 Output/Debug/Obj/timer_pca10040/sensirion_i2c_hal.o
 .text.nrf_drv_twi_tx
                0x0000000000008678       0x40 Output/Debug/Obj/timer_pca10040/sensirion_i2c_hal.o
 .text.nrf_drv_twi_rx
                0x00000000000086b8       0x38 Output/Debug/Obj/timer_pca10040/sensirion_i2c_hal.o
 .text.sensirion_i2c_hal_read
                0x00000000000086f0       0x3c Output/Debug/Obj/timer_pca10040/sensirion_i2c_hal.o
                0x00000000000086f0                sensirion_i2c_hal_read
 .text.sensirion_i2c_hal_write
                0x000000000000872c       0x40 Output/Debug/Obj/timer_pca10040/sensirion_i2c_hal.o
                0x000000000000872c                sensirion_i2c_hal_write
 .text.sensirion_i2c_hal_sleep_usec
                0x000000000000876c       0x14 Output/Debug/Obj/timer_pca10040/sensirion_i2c_hal.o
                0x000000000000876c                sensirion_i2c_hal_sleep_usec
 .text.nrfx_coredep_delay_us
                0x0000000000008780       0x30 Output/Debug/Obj/timer_pca10040/sps30.o
 .text.nrf_delay_ms
                0x00000000000087b0       0x2a Output/Debug/Obj/timer_pca10040/sps30.o
 .text.sps30_probe
                0x00000000000087da       0x1a Output/Debug/Obj/timer_pca10040/sps30.o
                0x00000000000087da                sps30_probe
 .text.sps30_get_serial
                0x00000000000087f4       0x48 Output/Debug/Obj/timer_pca10040/sps30.o
                0x00000000000087f4                sps30_get_serial
 .text.sps30_start_measurement
                0x000000000000883c       0x32 Output/Debug/Obj/timer_pca10040/sps30.o
                0x000000000000883c                sps30_start_measurement
 .text.sps30_stop_measurement
                0x000000000000886e       0x28 Output/Debug/Obj/timer_pca10040/sps30.o
                0x000000000000886e                sps30_stop_measurement
 .text.sps30_read_measurement
                0x0000000000008896      0x114 Output/Debug/Obj/timer_pca10040/sps30.o
                0x0000000000008896                sps30_read_measurement
 .text.sps30_start_manual_fan_cleaning
                0x00000000000089aa       0x34 Output/Debug/Obj/timer_pca10040/sps30.o
                0x00000000000089aa                sps30_start_manual_fan_cleaning
 .text.sps30_sleep
                0x00000000000089de       0x34 Output/Debug/Obj/timer_pca10040/sps30.o
                0x00000000000089de                sps30_sleep
 .text.sps30_wake_up
                0x0000000000008a12       0x3e Output/Debug/Obj/timer_pca10040/sps30.o
                0x0000000000008a12                sps30_wake_up
 .text.sps30_init
                0x0000000000008a50       0x20 Output/Debug/Obj/timer_pca10040/sps30.o
                0x0000000000008a50                sps30_init
 .text.nrfx_coredep_delay_us
                0x0000000000008a70       0x30 Output/Debug/Obj/timer_pca10040/bme280.o
 .text.nrf_delay_ms
                0x0000000000008aa0       0x2a Output/Debug/Obj/timer_pca10040/bme280.o
 .text.nrf_drv_twi_tx
                0x0000000000008aca       0x40 Output/Debug/Obj/timer_pca10040/bme280.o
 .text.nrf_drv_twi_rx
                0x0000000000008b0a       0x38 Output/Debug/Obj/timer_pca10040/bme280.o
 .text.bme280_delay_us
                0x0000000000008b42       0x16 Output/Debug/Obj/timer_pca10040/bme280.o
                0x0000000000008b42                bme280_delay_us
 .text.bme280_i2c_read
                0x0000000000008b58       0x5c Output/Debug/Obj/timer_pca10040/bme280.o
                0x0000000000008b58                bme280_i2c_read
 .text.bme280_i2c_write
                0x0000000000008bb4       0x70 Output/Debug/Obj/timer_pca10040/bme280.o
                0x0000000000008bb4                bme280_i2c_write
 .text.bme280_init
                0x0000000000008c24       0xb6 Output/Debug/Obj/timer_pca10040/bme280.o
                0x0000000000008c24                bme280_init
 .text.bme280_get_regs
                0x0000000000008cda       0x82 Output/Debug/Obj/timer_pca10040/bme280.o
                0x0000000000008cda                bme280_get_regs
 .text.bme280_set_regs
                0x0000000000008d5c      0x10a Output/Debug/Obj/timer_pca10040/bme280.o
                0x0000000000008d5c                bme280_set_regs
 .text.bme280_set_sensor_settings
                0x0000000000008e66       0xbe Output/Debug/Obj/timer_pca10040/bme280.o
                0x0000000000008e66                bme280_set_sensor_settings
 .text.bme280_set_sensor_mode
                0x0000000000008f24       0x74 Output/Debug/Obj/timer_pca10040/bme280.o
                0x0000000000008f24                bme280_set_sensor_mode
 .text.bme280_get_sensor_mode
                0x0000000000008f98       0x56 Output/Debug/Obj/timer_pca10040/bme280.o
                0x0000000000008f98                bme280_get_sensor_mode
 .text.bme280_soft_reset
                0x0000000000008fee       0xb2 Output/Debug/Obj/timer_pca10040/bme280.o
                0x0000000000008fee                bme280_soft_reset
 .text.bme280_get_sensor_data
                0x00000000000090a0       0x8a Output/Debug/Obj/timer_pca10040/bme280.o
                0x00000000000090a0                bme280_get_sensor_data
 .text.bme280_parse_sensor_data
                0x000000000000912a       0x82 Output/Debug/Obj/timer_pca10040/bme280.o
                0x000000000000912a                bme280_parse_sensor_data
 .text.bme280_compensate_data
                0x00000000000091ac       0xcc Output/Debug/Obj/timer_pca10040/bme280.o
                0x00000000000091ac                bme280_compensate_data
 .text.set_osr_settings
                0x0000000000009278       0x5a Output/Debug/Obj/timer_pca10040/bme280.o
 .text.set_osr_humidity_settings
                0x00000000000092d2       0x7c Output/Debug/Obj/timer_pca10040/bme280.o
 .text.set_osr_press_temp_settings
                0x000000000000934e       0x84 Output/Debug/Obj/timer_pca10040/bme280.o
 .text.set_filter_standby_settings
                0x00000000000093d2       0x84 Output/Debug/Obj/timer_pca10040/bme280.o
 .text.fill_filter_settings
                0x0000000000009456       0x2c Output/Debug/Obj/timer_pca10040/bme280.o
 .text.fill_standby_settings
                0x0000000000009482       0x26 Output/Debug/Obj/timer_pca10040/bme280.o
 .text.fill_osr_press_settings
                0x00000000000094a8       0x2c Output/Debug/Obj/timer_pca10040/bme280.o
 .text.fill_osr_temp_settings
                0x00000000000094d4       0x26 Output/Debug/Obj/timer_pca10040/bme280.o
 .text.parse_device_settings
                0x00000000000094fa       0x5e Output/Debug/Obj/timer_pca10040/bme280.o
 .text.write_power_mode
                0x0000000000009558       0x6e Output/Debug/Obj/timer_pca10040/bme280.o
 .text.put_device_to_sleep
                0x00000000000095c6       0x5c Output/Debug/Obj/timer_pca10040/bme280.o
 .text.reload_device_settings
                0x0000000000009622       0x3c Output/Debug/Obj/timer_pca10040/bme280.o
 *fill*         0x000000000000965e        0x2 
 .text.compensate_temperature
                0x0000000000009660      0x1a0 Output/Debug/Obj/timer_pca10040/bme280.o
 .text.compensate_pressure
                0x0000000000009800      0x39c Output/Debug/Obj/timer_pca10040/bme280.o
 .text.compensate_humidity
                0x0000000000009b9c      0x23c Output/Debug/Obj/timer_pca10040/bme280.o
 .text.get_calib_data
                0x0000000000009dd8       0x7e Output/Debug/Obj/timer_pca10040/bme280.o
 .text.interleave_reg_addr
                0x0000000000009e56       0x62 Output/Debug/Obj/timer_pca10040/bme280.o
 .text.parse_temp_press_calib_data
                0x0000000000009eb8      0x154 Output/Debug/Obj/timer_pca10040/bme280.o
 .text.parse_humidity_calib_data
                0x000000000000a00c       0xa2 Output/Debug/Obj/timer_pca10040/bme280.o
 .text.are_settings_changed
                0x000000000000a0ae       0x3e Output/Debug/Obj/timer_pca10040/bme280.o
 .text.null_ptr_check
                0x000000000000a0ec       0x3a Output/Debug/Obj/timer_pca10040/bme280.o
 *fill*         0x000000000000a126        0x2 
 .text.bme280_init_set
                0x000000000000a128       0xc0 Output/Debug/Obj/timer_pca10040/bme280.o
                0x000000000000a128                bme280_init_set
 .text.nrf_drv_twi_tx
                0x000000000000a1e8       0x40 Output/Debug/Obj/timer_pca10040/lis3dh_acc_driver.o
 .text.nrf_drv_twi_rx
                0x000000000000a228       0x38 Output/Debug/Obj/timer_pca10040/lis3dh_acc_driver.o
 .text.lis3dh_register_write
                0x000000000000a260       0x4c Output/Debug/Obj/timer_pca10040/lis3dh_acc_driver.o
                0x000000000000a260                lis3dh_register_write
 .text.lis3dh_register_read
                0x000000000000a2ac       0x68 Output/Debug/Obj/timer_pca10040/lis3dh_acc_driver.o
                0x000000000000a2ac                lis3dh_register_read
 .text.lis3dh_verify_product_id
                0x000000000000a314       0x70 Output/Debug/Obj/timer_pca10040/lis3dh_acc_driver.o
                0x000000000000a314                lis3dh_verify_product_id
 .text.lis3dh_init
                0x000000000000a384       0x64 Output/Debug/Obj/timer_pca10040/lis3dh_acc_driver.o
                0x000000000000a384                lis3dh_init
 .text.lis3dh_ReadAcc
                0x000000000000a3e8       0x9a Output/Debug/Obj/timer_pca10040/lis3dh_acc_driver.o
                0x000000000000a3e8                lis3dh_ReadAcc
 .text.sgp30_check_featureset
                0x000000000000a482       0x56 Output/Debug/Obj/timer_pca10040/sgp30.o
 .text.sgp30_measure_iaq
                0x000000000000a4d8       0x14 Output/Debug/Obj/timer_pca10040/sgp30.o
                0x000000000000a4d8                sgp30_measure_iaq
 .text.sgp30_read_iaq
                0x000000000000a4ec       0x36 Output/Debug/Obj/timer_pca10040/sgp30.o
                0x000000000000a4ec                sgp30_read_iaq
 .text.sgp30_measure_iaq_blocking_read
                0x000000000000a522       0x3a Output/Debug/Obj/timer_pca10040/sgp30.o
                0x000000000000a522                sgp30_measure_iaq_blocking_read
 .text.sgp30_get_feature_set_version
                0x000000000000a55c       0x54 Output/Debug/Obj/timer_pca10040/sgp30.o
                0x000000000000a55c                sgp30_get_feature_set_version
 .text.sgp30_iaq_init
                0x000000000000a5b0       0x2a Output/Debug/Obj/timer_pca10040/sgp30.o
                0x000000000000a5b0                sgp30_iaq_init
 .text.sgp30_probe
                0x000000000000a5da       0x2c Output/Debug/Obj/timer_pca10040/sgp30.o
                0x000000000000a5da                sgp30_probe
 *fill*         0x000000000000a606        0x2 
 .text.sgp30_init
                0x000000000000a608       0x20 Output/Debug/Obj/timer_pca10040/sgp30.o
                0x000000000000a608                sgp30_init
 .text.__aeabi_dadd
                0x000000000000a628      0x244 C:/Program Files/SEGGER/SEGGER Embedded Studio for ARM 5.70a/lib/libm_v7em_fpv4_sp_d16_hard_t_le_eabi.a(libm_asm.o)
                0x000000000000a628                __aeabi_dadd
 .text.__aeabi_dsub
                0x000000000000a86c        0x8 C:/Program Files/SEGGER/SEGGER Embedded Studio for ARM 5.70a/lib/libm_v7em_fpv4_sp_d16_hard_t_le_eabi.a(libm_asm.o)
                0x000000000000a86c                __aeabi_dsub
 .text.__aeabi_dmul
                0x000000000000a874      0x138 C:/Program Files/SEGGER/SEGGER Embedded Studio for ARM 5.70a/lib/libm_v7em_fpv4_sp_d16_hard_t_le_eabi.a(libm_asm.o)
                0x000000000000a874                __aeabi_dmul
 .text.__aeabi_ddiv
                0x000000000000a9ac      0x1cc C:/Program Files/SEGGER/SEGGER Embedded Studio for ARM 5.70a/lib/libm_v7em_fpv4_sp_d16_hard_t_le_eabi.a(libm_asm.o)
                0x000000000000a9ac                __aeabi_ddiv
 .text.__aeabi_dcmple
                0x000000000000ab78       0x3c C:/Program Files/SEGGER/SEGGER Embedded Studio for ARM 5.70a/lib/libm_v7em_fpv4_sp_d16_hard_t_le_eabi.a(libm_asm.o)
                0x000000000000ab78                __aeabi_dcmple
 .text.__aeabi_dcmpeq
                0x000000000000abb4       0x34 C:/Program Files/SEGGER/SEGGER Embedded Studio for ARM 5.70a/lib/libm_v7em_fpv4_sp_d16_hard_t_le_eabi.a(libm_asm.o)
                0x000000000000abb4                __aeabi_dcmpeq
 .text.__aeabi_dcmpge
                0x000000000000abe8       0x3c C:/Program Files/SEGGER/SEGGER Embedded Studio for ARM 5.70a/lib/libm_v7em_fpv4_sp_d16_hard_t_le_eabi.a(libm_asm.o)
                0x000000000000abe8                __aeabi_dcmpge
 .text.__aeabi_dcmpgt
                0x000000000000ac24       0x38 C:/Program Files/SEGGER/SEGGER Embedded Studio for ARM 5.70a/lib/libm_v7em_fpv4_sp_d16_hard_t_le_eabi.a(libm_asm.o)
                0x000000000000ac24                __aeabi_dcmpgt
 .text.__aeabi_dcmplt
                0x000000000000ac5c       0x38 C:/Program Files/SEGGER/SEGGER Embedded Studio for ARM 5.70a/lib/libm_v7em_fpv4_sp_d16_hard_t_le_eabi.a(libm_asm.o)
                0x000000000000ac5c                __aeabi_dcmplt
 .text.__aeabi_d2iz
                0x000000000000ac94       0x4c C:/Program Files/SEGGER/SEGGER Embedded Studio for ARM 5.70a/lib/libm_v7em_fpv4_sp_d16_hard_t_le_eabi.a(libm_asm.o)
                0x000000000000ac94                __aeabi_d2iz
 .text.__aeabi_d2uiz
                0x000000000000ace0       0x28 C:/Program Files/SEGGER/SEGGER Embedded Studio for ARM 5.70a/lib/libm_v7em_fpv4_sp_d16_hard_t_le_eabi.a(libm_asm.o)
                0x000000000000ace0                __aeabi_d2uiz
 .text.__aeabi_i2d
                0x000000000000ad08       0x28 C:/Program Files/SEGGER/SEGGER Embedded Studio for ARM 5.70a/lib/libm_v7em_fpv4_sp_d16_hard_t_le_eabi.a(libm_asm.o)
                0x000000000000ad08                __aeabi_i2d
 .text.__aeabi_ui2d
                0x000000000000ad30       0x1c C:/Program Files/SEGGER/SEGGER Embedded Studio for ARM 5.70a/lib/libm_v7em_fpv4_sp_d16_hard_t_le_eabi.a(libm_asm.o)
                0x000000000000ad30                __aeabi_ui2d
 .text.__aeabi_f2d
                0x000000000000ad4c       0x34 C:/Program Files/SEGGER/SEGGER Embedded Studio for ARM 5.70a/lib/libm_v7em_fpv4_sp_d16_hard_t_le_eabi.a(libm_asm.o)
                0x000000000000ad4c                __aeabi_f2d
 .text.__aeabi_d2f
                0x000000000000ad80       0x54 C:/Program Files/SEGGER/SEGGER Embedded Studio for ARM 5.70a/lib/libm_v7em_fpv4_sp_d16_hard_t_le_eabi.a(libm_asm.o)
                0x000000000000ad80                __aeabi_d2f
 .text.__float64_isnan
                0x000000000000add4       0x14 C:/Program Files/SEGGER/SEGGER Embedded Studio for ARM 5.70a/lib/libm_v7em_fpv4_sp_d16_hard_t_le_eabi.a(libm_asm.o)
                0x000000000000add4                __float64_isnan
 .text.fabs     0x000000000000ade8       0x10 C:/Program Files/SEGGER/SEGGER Embedded Studio for ARM 5.70a/lib/libm_v7em_fpv4_sp_d16_hard_t_le_eabi.a(libm_asm.o)
                0x000000000000ade8                fabs(double)
                0x000000000000ade8                fabs
 .text.libc.frexp
                0x000000000000adf8       0x50 C:/Program Files/SEGGER/SEGGER Embedded Studio for ARM 5.70a/lib/libm_v7em_fpv4_sp_d16_hard_t_le_eabi.a(libm2.o)
                0x000000000000adf8                frexpl(long double, int*)
                0x000000000000adf8                frexpl
                0x000000000000adf8                frexp
                0x000000000000adf8                frexp(double, int*)
 .text.libc.ldexp
                0x000000000000ae48       0x7c C:/Program Files/SEGGER/SEGGER Embedded Studio for ARM 5.70a/lib/libm_v7em_fpv4_sp_d16_hard_t_le_eabi.a(libm2.o)
                0x000000000000ae48                ldexpl(long double, int)
                0x000000000000ae48                ldexp
                0x000000000000ae48                ldexpl
                0x000000000000ae48                ldexp(double, int)
 *fill*         0x000000000000aec4        0x4 
 .text.libc.exp
                0x000000000000aec8      0x200 C:/Program Files/SEGGER/SEGGER Embedded Studio for ARM 5.70a/lib/libm_v7em_fpv4_sp_d16_hard_t_le_eabi.a(libm2.o)
                0x000000000000aec8                expl(long double)
                0x000000000000aec8                exp
                0x000000000000aec8                expl
                0x000000000000aec8                exp(double)
 .text.libc.log
                0x000000000000b0c8      0x230 C:/Program Files/SEGGER/SEGGER Embedded Studio for ARM 5.70a/lib/libm_v7em_fpv4_sp_d16_hard_t_le_eabi.a(libm2.o)
                0x000000000000b0c8                log(double)
                0x000000000000b0c8                logl
                0x000000000000b0c8                logl(long double)
                0x000000000000b0c8                log
 .text.libc.log10
                0x000000000000b2f8       0x28 C:/Program Files/SEGGER/SEGGER Embedded Studio for ARM 5.70a/lib/libm_v7em_fpv4_sp_d16_hard_t_le_eabi.a(libm2.o)
                0x000000000000b2f8                log10
                0x000000000000b2f8                log10l
                0x000000000000b2f8                log10l(long double)
                0x000000000000b2f8                log10(double)
 .text.libc.pow
                0x000000000000b320      0x168 C:/Program Files/SEGGER/SEGGER Embedded Studio for ARM 5.70a/lib/libm_v7em_fpv4_sp_d16_hard_t_le_eabi.a(libm2.o)
                0x000000000000b320                pow
                0x000000000000b320                powl(long double, long double)
                0x000000000000b320                powl
                0x000000000000b320                pow(double, double)
 .text.libc.__RAL_ascii_isctype
                0x000000000000b488       0x1c C:/Program Files/SEGGER/SEGGER Embedded Studio for ARM 5.70a/lib/libc_v7em_fpv4_sp_d16_hard_t_le_eabi.a(libc2.o)
 .text.libc.__RAL_ascii_toupper
                0x000000000000b4a4        0xc C:/Program Files/SEGGER/SEGGER Embedded Studio for ARM 5.70a/lib/libc_v7em_fpv4_sp_d16_hard_t_le_eabi.a(libc2.o)
 .text.libc.__RAL_ascii_tolower
                0x000000000000b4b0        0xc C:/Program Files/SEGGER/SEGGER Embedded Studio for ARM 5.70a/lib/libc_v7em_fpv4_sp_d16_hard_t_le_eabi.a(libc2.o)
 .text.libc.__RAL_ascii_wctomb
                0x000000000000b4bc       0x10 C:/Program Files/SEGGER/SEGGER Embedded Studio for ARM 5.70a/lib/libc_v7em_fpv4_sp_d16_hard_t_le_eabi.a(libc2.o)
                0x000000000000b4bc                __RAL_ascii_wctomb
 .text.libc.__RAL_ascii_mbtowc
                0x000000000000b4cc       0x24 C:/Program Files/SEGGER/SEGGER Embedded Studio for ARM 5.70a/lib/libc_v7em_fpv4_sp_d16_hard_t_le_eabi.a(libc2.o)
                0x000000000000b4cc                __RAL_ascii_mbtowc
 .text.libc.__RAL_ascii_towupper
                0x000000000000b4f0        0xc C:/Program Files/SEGGER/SEGGER Embedded Studio for ARM 5.70a/lib/libc_v7em_fpv4_sp_d16_hard_t_le_eabi.a(libc2.o)
 .text.libc.__RAL_ascii_towlower
                0x000000000000b4fc        0xc C:/Program Files/SEGGER/SEGGER Embedded Studio for ARM 5.70a/lib/libc_v7em_fpv4_sp_d16_hard_t_le_eabi.a(libc2.o)
 .text.libc.__RAL_ascii_iswctype
                0x000000000000b508       0x1c C:/Program Files/SEGGER/SEGGER Embedded Studio for ARM 5.70a/lib/libc_v7em_fpv4_sp_d16_hard_t_le_eabi.a(libc2.o)
 .text.libc.__putc
                0x000000000000b524       0x34 C:/Program Files/SEGGER/SEGGER Embedded Studio for ARM 5.70a/lib/libc_v7em_fpv4_sp_d16_hard_t_le_eabi.a(libc2.o)
                0x000000000000b524                __putc
 .text.libc.__RAL_print_padding
                0x000000000000b558       0x54 C:/Program Files/SEGGER/SEGGER Embedded Studio for ARM 5.70a/lib/libc_v7em_fpv4_sp_d16_hard_t_le_eabi.a(libc2.o)
                0x000000000000b558                __RAL_print_padding
 .text.libc.__RAL_pre_padding
                0x000000000000b5ac       0x64 C:/Program Files/SEGGER/SEGGER Embedded Studio for ARM 5.70a/lib/libc_v7em_fpv4_sp_d16_hard_t_le_eabi.a(libc2.o)
                0x000000000000b5ac                __RAL_pre_padding
 .text.libc.isprint
                0x000000000000b610       0x10 C:/Program Files/SEGGER/SEGGER Embedded Studio for ARM 5.70a/lib/libc_v7em_fpv4_sp_d16_hard_t_le_eabi.a(libc2.o)
                0x000000000000b610                isprint
 .text.libc.__aeabi_errno_addr
                0x000000000000b620       0x14 C:/Program Files/SEGGER/SEGGER Embedded Studio for ARM 5.70a/lib/libc_v7em_fpv4_sp_d16_hard_t_le_eabi.a(libc2.o)
                0x000000000000b620                __aeabi_errno_addr
 .text.libc.putchar
                0x000000000000b634       0x20 C:/Program Files/SEGGER/SEGGER Embedded Studio for ARM 5.70a/lib/libc_v7em_fpv4_sp_d16_hard_t_le_eabi.a(libc2.o)
                0x000000000000b634                putchar
 .text.libc.strnlen
                0x000000000000b654       0x28 C:/Program Files/SEGGER/SEGGER Embedded Studio for ARM 5.70a/lib/libc_v7em_fpv4_sp_d16_hard_t_le_eabi.a(libc2.o)
                0x000000000000b654                strnlen
 .text.libc.vsnprintf
                0x000000000000b67c       0x20 C:/Program Files/SEGGER/SEGGER Embedded Studio for ARM 5.70a/lib/libc_v7em_fpv4_sp_d16_hard_t_le_eabi.a(libc2.o)
                0x000000000000b67c                vsnprintf
 .text.libc.memcpy
                0x000000000000b69c       0x52 C:/Program Files/SEGGER/SEGGER Embedded Studio for ARM 5.70a/lib/libc_v7em_fpv4_sp_d16_hard_t_le_eabi.a(libc2_asm.o)
                0x000000000000b69c                __aeabi_memcpy
                0x000000000000b69c                memcpy
                0x000000000000b6a8                __aeabi_memcpy8
                0x000000000000b6a8                __aeabi_memcpy4
 .text.libc.strlen
                0x000000000000b6ee       0x60 C:/Program Files/SEGGER/SEGGER Embedded Studio for ARM 5.70a/lib/libc_v7em_fpv4_sp_d16_hard_t_le_eabi.a(libc2_asm.o)
                0x000000000000b6ee                strlen
 *fill*         0x000000000000b74e        0x2 
 .text.libc.__vfprintf_long
                0x000000000000b750      0x5fc C:/Program Files/SEGGER/SEGGER Embedded Studio for ARM 5.70a/lib/libc_v7em_fpv4_sp_d16_hard_t_le_eabi.a(libvfprintf.o)
                0x000000000000b750                __vfprintf_long
 .text.libc.__printf_lock
                0x000000000000bd4c        0x4 C:/Program Files/SEGGER/SEGGER Embedded Studio for ARM 5.70a/lib/libc_v7em_fpv4_sp_d16_hard_t_le_eabi.a(libc.o)
                0x000000000000bd4c                __printf_lock
 .text.libc.__printf_unlock
                0x000000000000bd50        0x4 C:/Program Files/SEGGER/SEGGER Embedded Studio for ARM 5.70a/lib/libc_v7em_fpv4_sp_d16_hard_t_le_eabi.a(libc.o)
                0x000000000000bd50                __printf_unlock
                0x000000000000bd54                . = ALIGN (MAX ((__text_start__ + 0x4), .), 0x4)
                0x000000000000bd54                __text_end__ = (__text_start__ + SIZEOF (.text))
                0x000000000000b984                __text_size__ = SIZEOF (.text)
                0x000000000000bd54                __text_load_end__ = __text_end__

.vfp11_veneer   0x0000000100000000        0x0
 .vfp11_veneer  0x0000000100000000        0x0 linker stubs

.v4_bx          0x0000000100000000        0x0
 .v4_bx         0x0000000100000000        0x0 linker stubs

.iplt           0x0000000100000000        0x0
 .iplt          0x0000000100000000        0x0 Output/Debug/Obj/timer_pca10040/thumb_crt0.o
                0x0000000000000001                . = ASSERT (((__text_start__ == __text_end__) || ((__text_end__ - __FLASH1_segment_start__) <= __FLASH1_segment_size__)), error: .text is too large to fit in FLASH1 memory segment)
                0x000000000000bd54                __log_const_data_load_start__ = ALIGN (__text_end__, 0x4)

.log_const_data
                0x000000000000bd54       0x38
                0x000000000000bd54                __log_const_data_start__ = .
                0x000000000000bd54                __start_log_const_data = __log_const_data_start__
 *(SORT_BY_NAME(.log_const_data*))
 .log_const_data_PRS
                0x000000000000bd54        0x8 Output/Debug/Obj/timer_pca10040/nrfx_prs.o
                0x000000000000bd54                m_nrf_log_PRS_logs_data_const
 .log_const_data_SAADC
                0x000000000000bd5c        0x8 Output/Debug/Obj/timer_pca10040/nrfx_saadc.o
                0x000000000000bd5c                m_nrf_log_SAADC_logs_data_const
 .log_const_data_TIMER
                0x000000000000bd64        0x8 Output/Debug/Obj/timer_pca10040/nrfx_timer.o
                0x000000000000bd64                m_nrf_log_TIMER_logs_data_const
 .log_const_data_TWIM
                0x000000000000bd6c        0x8 Output/Debug/Obj/timer_pca10040/nrfx_twim.o
                0x000000000000bd6c                m_nrf_log_TWIM_logs_data_const
 .log_const_data_UART
                0x000000000000bd74        0x8 Output/Debug/Obj/timer_pca10040/nrfx_uart.o
                0x000000000000bd74                m_nrf_log_UART_logs_data_const
 .log_const_data_UARTE
                0x000000000000bd7c        0x8 Output/Debug/Obj/timer_pca10040/nrfx_uarte.o
                0x000000000000bd7c                m_nrf_log_UARTE_logs_data_const
 .log_const_data_app
                0x000000000000bd84        0x8 Output/Debug/Obj/timer_pca10040/nrf_log_frontend.o
                0x000000000000bd84                m_nrf_log_app_logs_data_const
                0x000000000000bd8c                __log_const_data_end__ = (__log_const_data_start__ + SIZEOF (.log_const_data))
                0x0000000000000038                __log_const_data_size__ = SIZEOF (.log_const_data)
                0x000000000000bd8c                __stop_log_const_data = __log_const_data_end__
                0x000000000000bd8c                __log_const_data_load_end__ = __log_const_data_end__
                0x0000000000000001                . = ASSERT (((__log_const_data_start__ == __log_const_data_end__) || ((__log_const_data_end__ - __FLASH1_segment_start__) <= __FLASH1_segment_size__)), error: .log_const_data is too large to fit in FLASH1 memory segment)
                0x000000000000bd8c                __log_backends_load_start__ = ALIGN (__log_const_data_end__, 0x4)

.log_backends   0x000000000000bd8c       0x20
                0x000000000000bd8c                __log_backends_start__ = .
                0x000000000000bd8c                __start_log_backends = __log_backends_start__
 *(SORT_BY_NAME(.log_backends*))
 .log_backends  0x000000000000bd8c       0x20 Output/Debug/Obj/timer_pca10040/nrf_log_default_backends.o
                0x000000000000bdac                __log_backends_end__ = (__log_backends_start__ + SIZEOF (.log_backends))
                0x0000000000000020                __log_backends_size__ = SIZEOF (.log_backends)
                0x000000000000bdac                __stop_log_backends = __log_backends_end__
                0x000000000000bdac                __log_backends_load_end__ = __log_backends_end__
                0x0000000000000001                . = ASSERT (((__log_backends_start__ == __log_backends_end__) || ((__log_backends_end__ - __FLASH1_segment_start__) <= __FLASH1_segment_size__)), error: .log_backends is too large to fit in FLASH1 memory segment)
                0x000000000000bdac                __nrf_balloc_load_start__ = ALIGN (__log_backends_end__, 0x4)

.nrf_balloc     0x000000000000bdac       0x14
                0x000000000000bdac                __nrf_balloc_start__ = .
                0x000000000000bdac                __start_nrf_balloc = __nrf_balloc_start__
 *(.nrf_balloc*)
 .nrf_balloc    0x000000000000bdac       0x14 Output/Debug/Obj/timer_pca10040/nrf_log_frontend.o
                0x000000000000bdac                log_mempool
                0x000000000000bdc0                __nrf_balloc_end__ = (__nrf_balloc_start__ + SIZEOF (.nrf_balloc))
                0x0000000000000014                __nrf_balloc_size__ = SIZEOF (.nrf_balloc)
                0x000000000000bdc0                __stop_nrf_balloc = __nrf_balloc_end__
                0x000000000000bdc0                __nrf_balloc_load_end__ = __nrf_balloc_end__
                0x0000000000000001                . = ASSERT (((__nrf_balloc_start__ == __nrf_balloc_end__) || ((__nrf_balloc_end__ - __FLASH1_segment_start__) <= __FLASH1_segment_size__)), error: .nrf_balloc is too large to fit in FLASH1 memory segment)
                0x000000000000bdc0                __nrf_sections_load_start__ = ALIGN (__nrf_balloc_end__, 0x4)

.nrf_sections   0x000000000000bdc0        0x0
                0x000000000000bdc0                __nrf_sections_start__ = .
                0x000000000000bdc0                __start_nrf_sections = __nrf_sections_start__
 *(.nrf_sections .nrf_sections.*)
                0x000000000000bdc0                __nrf_sections_end__ = (__nrf_sections_start__ + SIZEOF (.nrf_sections))
                0x0000000000000000                __nrf_sections_size__ = SIZEOF (.nrf_sections)
                0x000000000000bdc0                __nrf_sections_load_end__ = __nrf_sections_end__
                0x0000000000000001                . = ASSERT (((__nrf_sections_start__ == __nrf_sections_end__) || ((__nrf_sections_end__ - __FLASH1_segment_start__) <= __FLASH1_segment_size__)), error: .nrf_sections is too large to fit in FLASH1 memory segment)
                0x000000000000bdc0                __log_dynamic_data_load_start__ = ALIGN (__nrf_sections_end__, 0x4)

.log_dynamic_data
                0x0000000020000000        0x0 load address 0x000000000000bdc0
                0x0000000020000000                __log_dynamic_data_start__ = .
 *(SORT_BY_NAME(.log_dynamic_data*))
                0x0000000020000000                __log_dynamic_data_end__ = (__log_dynamic_data_start__ + SIZEOF (.log_dynamic_data))
                0x0000000000000000                __log_dynamic_data_size__ = SIZEOF (.log_dynamic_data)
                0x000000000000bdc0                __log_dynamic_data_load_end__ = (__log_dynamic_data_load_start__ + SIZEOF (.log_dynamic_data))
                0x0000000000000001                . = ASSERT (((__log_dynamic_data_load_start__ == __log_dynamic_data_load_end__) || ((__log_dynamic_data_load_end__ - __FLASH1_segment_start__) <= __FLASH1_segment_size__)), error: .log_dynamic_data is too large to fit in FLASH1 memory segment)

.log_dynamic_data_run
                0x0000000020000000        0x0
                0x0000000020000000                __log_dynamic_data_run_start__ = .