Archive member included to satisfy reference by file (symbol)

C:/Program Files/SEGGER/SEGGER Embedded Studio for ARM 5.70a/lib/libm_v7em_fpv4_sp_d16_hard_t_le_eabi.a(libm_asm.o)
                              Output/Debug/Obj/timer_pca10040/main.o (__aeabi_dadd)
C:/Program Files/SEGGER/SEGGER Embedded Studio for ARM 5.70a/lib/libm_v7em_fpv4_sp_d16_hard_t_le_eabi.a(libm2.o)
                              Output/Debug/Obj/timer_pca10040/main.o (log10)
C:/Program Files/SEGGER/SEGGER Embedded Studio for ARM 5.70a/lib/libc_v7em_fpv4_sp_d16_hard_t_le_eabi.a(libc2.o)
                              Output/Debug/Obj/timer_pca10040/nrf_log_str_formatter.o (isprint)
C:/Program Files/SEGGER/SEGGER Embedded Studio for ARM 5.70a/lib/libc_v7em_fpv4_sp_d16_hard_t_le_eabi.a(libc2_asm.o)
                              Output/Debug/Obj/timer_pca10040/nrf_log_frontend.o (memcpy)
C:/Program Files/SEGGER/SEGGER Embedded Studio for ARM 5.70a/lib/libc_v7em_fpv4_sp_d16_hard_t_le_eabi.a(libvfprintf.o)
                              (__vfprintf_long)
C:/Program Files/SEGGER/SEGGER Embedded Studio for ARM 5.70a/lib/libc_v7em_fpv4_sp_d16_hard_t_le_eabi.a(libvfscanf.o)
                              (__vfscanf_long)
C:/Program Files/SEGGER/SEGGER Embedded Studio for ARM 5.70a/lib/libc_v7em_fpv4_sp_d16_hard_t_le_eabi.a(libc.o)
                              C:/Program Files/SEGGER/SEGGER Embedded Studio for ARM 5.70a/lib/libc_v7em_fpv4_sp_d16_hard_t_le_eabi.a(libc2.o) (__heap_lock)
C:/Program Files/SEGGER/SEGGER Embedded Studio for ARM 5.70a/lib/libc_v7em_fpv4_sp_d16_hard_t_le_eabi.a(libc_asm.o)
                              C:/Program Files/SEGGER/SEGGER Embedded Studio for ARM 5.70a/lib/libc_v7em_fpv4_sp_d16_hard_t_le_eabi.a(libc2.o) (__aeabi_uldivmod)
C:/Program Files/SEGGER/SEGGER Embedded Studio for ARM 5.70a/lib/libdebugio_v7em_fpv4_sp_d16_hard_t_le_eabi.a(libdebugio.o)
                              Output/Debug/Obj/timer_pca10040/thumb_crt0.o (debug_fopen)
C:/Program Files/SEGGER/SEGGER Embedded Studio for ARM 5.70a/lib/libdebugio_v7em_fpv4_sp_d16_hard_t_le_eabi.a(do_nv_debug_operation.o)
                              C:/Program Files/SEGGER/SEGGER Embedded Studio for ARM 5.70a/lib/libdebugio_v7em_fpv4_sp_d16_hard_t_le_eabi.a(libdebugio.o) (__do_nvdebug_operation)
C:/Program Files/SEGGER/SEGGER Embedded Studio for ARM 5.70a/lib/libdebugio_v7em_fpv4_sp_d16_hard_t_le_eabi.a(mempoll_debug_operations.o)
                              (__do_debug_operation_mempoll)

Discarded input sections

 .text          0x0000000000000000        0x0 Output/Debug/Obj/timer_pca10040/thumb_crt0.o
 .data          0x0000000000000000        0x0 Output/Debug/Obj/timer_pca10040/thumb_crt0.o
 .bss           0x0000000000000000        0x0 Output/Debug/Obj/timer_pca10040/thumb_crt0.o
 .text.abort    0x0000000000000000        0x2 Output/Debug/Obj/timer_pca10040/thumb_crt0.o
 .text.__assert
                0x0000000000000000        0x2 Output/Debug/Obj/timer_pca10040/thumb_crt0.o
 .text.__assert_func
                0x0000000000000000        0x2 Output/Debug/Obj/timer_pca10040/thumb_crt0.o
 .text.__aeabi_assert
                0x0000000000000000        0x2 Output/Debug/Obj/timer_pca10040/thumb_crt0.o
 .text.__sync_synchronize
                0x0000000000000000        0x2 Output/Debug/Obj/timer_pca10040/thumb_crt0.o
 .text.__getchar
                0x0000000000000000        0x4 Output/Debug/Obj/timer_pca10040/thumb_crt0.o
 .text.__putchar
                0x0000000000000000        0x4 Output/Debug/Obj/timer_pca10040/thumb_crt0.o
 .text.__open   0x0000000000000000        0x4 Output/Debug/Obj/timer_pca10040/thumb_crt0.o
 .text.__close  0x0000000000000000        0x4 Output/Debug/Obj/timer_pca10040/thumb_crt0.o
 .text.__write  0x0000000000000000        0xa Output/Debug/Obj/timer_pca10040/thumb_crt0.o
 .text.__read   0x0000000000000000        0xa Output/Debug/Obj/timer_pca10040/thumb_crt0.o
 .text.__seek   0x0000000000000000       0x1a Output/Debug/Obj/timer_pca10040/thumb_crt0.o
 .text.remove   0x0000000000000000        0x4 Output/Debug/Obj/timer_pca10040/thumb_crt0.o
 .text.rename   0x0000000000000000        0x4 Output/Debug/Obj/timer_pca10040/thumb_crt0.o
 .bss.__user_locale_name_buffer
                0x0000000000000000        0x4 Output/Debug/Obj/timer_pca10040/thumb_crt0.o
 .stack         0x0000000000000000        0x0 Output/Debug/Obj/timer_pca10040/thumb_crt0.o
 .stack_process
                0x0000000000000000        0x0 Output/Debug/Obj/timer_pca10040/thumb_crt0.o
 .heap          0x0000000000000000        0x0 Output/Debug/Obj/timer_pca10040/thumb_crt0.o
 .group         0x0000000000000000        0xc Output/Debug/Obj/timer_pca10040/nrf_log_frontend.o
 .group         0x0000000000000000        0xc Output/Debug/Obj/timer_pca10040/nrf_log_frontend.o
 .group         0x0000000000000000        0xc Output/Debug/Obj/timer_pca10040/nrf_log_frontend.o
 .group         0x0000000000000000        0xc Output/Debug/Obj/timer_pca10040/nrf_log_frontend.o
[...]
Memory Configuration

Name             Origin             Length             Attributes
UNPLACED_SECTIONS 0x0000000100000000 0x0000000000000000 xw
RAM1             0x0000000020000000 0x0000000000010000 xw
FLASH1           0x0000000000000000 0x0000000000080000 xw
*default*        0x0000000000000000 0xffffffffffffffff

Linker script and memory map

                0x0000000000000000                __do_debug_operation = __do_debug_operation_mempoll
                0x000000000000b808                __vfprintf = __vfprintf_long
                0x0000000000000000                __vfscanf = __vfscanf_long
                0x0000000020000000                __RAM1_segment_start__ = 0x20000000
                0x0000000020010000                __RAM1_segment_end__ = 0x20010000
                0x0000000000010000                __RAM1_segment_size__ = 0x10000
                0x0000000000000000                __FLASH1_segment_start__ = 0x0
                0x0000000000080000                __FLASH1_segment_end__ = 0x80000
                0x0000000000080000                __FLASH1_segment_size__ = 0x80000
                0x0000000000002000                __HEAPSIZE__ = 0x2000
                0x0000000000000000                __STACKSIZE_PROCESS__ = 0x0
                0x0000000000002000                __STACKSIZE__ = 0x2000
                0x0000000020000000                __vectors_ram_load_start__ = 0x20000000

.vectors_ram    0x0000000020000000        0x0
                0x0000000020000000                __vectors_ram_start__ = .
                0x0000000020000000                __app_ram_start__ = __vectors_ram_start__
 *(.vectors_ram .vectors_ram.*)
                0x0000000020000000                __vectors_ram_end__ = (__vectors_ram_start__ + SIZEOF (.vectors_ram))
                0x0000000000000000                __vectors_ram_size__ = SIZEOF (.vectors_ram)
                0x0000000020000000                __vectors_ram_load_end__ = __vectors_ram_end__
                0x0000000000000001                . = ASSERT (((__vectors_ram_start__ == __vectors_ram_end__) || ((__vectors_ram_end__ - __RAM1_segment_start__) <= __RAM1_segment_size__)), error: .vectors_ram is too large to fit in RAM1 memory segment)
                0x0000000020000000                __nrf_sections_run_load_start__ = ALIGN (__vectors_ram_end__, 0x4)

.nrf_sections_run
                0x0000000020000000        0x0
                0x0000000020000000                __nrf_sections_run_start__ = .
                0x0000000020000000                __start_nrf_sections_run = __nrf_sections_run_start__
 *(.nrf_sections_run .nrf_sections_run.*)
                0x0000000020000000                __nrf_sections_run_end__ = (__nrf_sections_run_start__ + SIZEOF (.nrf_sections_run))
                0x0000000000000000                __nrf_sections_run_size__ = SIZEOF (.nrf_sections_run)
                0x0000000020000000                __nrf_sections_run_load_end__ = __nrf_sections_run_end__
                0x0000000000000001                . = ASSERT (((__nrf_sections_run_start__ == __nrf_sections_run_end__) || ((__nrf_sections_run_end__ - __RAM1_segment_start__) <= __RAM1_segment_size__)), error: .nrf_sections_run is too large to fit in RAM1 memory segment)
                0x0000000000000000                __vectors_load_start__ = 0x0

.vectors        0x0000000000000000      0x200
                0x0000000000000000                __vectors_start__ = .
 *(.vectors .vectors.*)
 .vectors       0x0000000000000000      0x200 Output/Debug/Obj/timer_pca10040/ses_startup_nrf52.o
                0x0000000000000000                _vectors
                0x0000000000000200                __vectors_end__ = (__vectors_start__ + SIZEOF (.vectors))
                0x0000000000000200                __vectors_size__ = SIZEOF (.vectors)
                0x0000000000000200                __vectors_load_end__ = __vectors_end__
                0x0000000000000001                . = ASSERT (((__vectors_start__ == __vectors_end__) || ((__vectors_end__ - __FLASH1_segment_start__) <= __FLASH1_segment_size__)), error: .vectors is too large to fit in FLASH1 memory segment)
                0x0000000000000200                __init_load_start__ = ALIGN (__vectors_end__, 0x4)

.init           0x0000000000000200      0x1d0
                0x0000000000000200                __init_start__ = .
 *(.init .init.*)
 .init          0x0000000000000200      0x15c Output/Debug/Obj/timer_pca10040/thumb_crt0.o
                0x0000000000000200                _start
                0x00000000000002b4                exit
 .init          0x000000000000035c       0x18 Output/Debug/Obj/timer_pca10040/ses_startup_nrf52.o
                0x000000000000035c                NMI_Handler
                0x000000000000035e                HardFault_Handler
                0x0000000000000360                MemoryManagement_Handler
                0x0000000000000362                BusFault_Handler
                0x0000000000000364                UsageFault_Handler
                0x0000000000000366                SVC_Handler
                0x0000000000000368                DebugMon_Handler
                0x000000000000036a                PendSV_Handler
                0x000000000000036c                SysTick_Handler
                0x000000000000036e                PWM1_IRQHandler
                0x000000000000036e                GPIOTE_IRQHandler
                0x000000000000036e                SWI0_EGU0_IRQHandler
                0x000000000000036e                POWER_CLOCK_IRQHandler
                0x000000000000036e                RADIO_IRQHandler
                0x000000000000036e                PDM_IRQHandler
                0x000000000000036e                RTC0_IRQHandler
                0x000000000000036e                QDEC_IRQHandler
                0x000000000000036e                TIMER3_IRQHandler
                0x000000000000036e                FPU_IRQHandler
                0x000000000000036e                SWI2_EGU2_IRQHandler
                0x000000000000036e                TIMER4_IRQHandler
                0x000000000000036e                I2S_IRQHandler
                0x000000000000036e                SWI4_EGU4_IRQHandler
                0x000000000000036e                Dummy_Handler
                0x000000000000036e                TIMER1_IRQHandler
                0x000000000000036e                PWM2_IRQHandler
                0x000000000000036e                ECB_IRQHandler
                0x000000000000036e                CCM_AAR_IRQHandler
                0x000000000000036e                WDT_IRQHandler
                0x000000000000036e                TEMP_IRQHandler
                0x000000000000036e                SWI5_EGU5_IRQHandler
                0x000000000000036e                RNG_IRQHandler
                0x000000000000036e                RTC2_IRQHandler
                0x000000000000036e                PWM0_IRQHandler
                0x000000000000036e                SWI3_EGU3_IRQHandler
                0x000000000000036e                RTC1_IRQHandler
                0x000000000000036e                SWI1_EGU1_IRQHandler
                0x000000000000036e                SPIM2_SPIS2_SPI2_IRQHandler
                0x000000000000036e                NFCT_IRQHandler
                0x000000000000036e                TIMER2_IRQHandler
                0x000000000000036e                MWU_IRQHandler
                0x000000000000036e                COMP_LPCOMP_IRQHandler
                0x0000000000000370                nRFInitialize
 .init          0x0000000000000374       0x5c Output/Debug/Obj/timer_pca10040/ses_startup_nrf_common.o
                0x0000000000000374                Reset_Handler
                0x0000000000000378                afterInitialize
                0x000000000000039c                InitializeUserMemorySections
                0x00000000000003d0                __init_end__ = (__init_start__ + SIZEOF (.init))
                0x00000000000001d0                __init_size__ = SIZEOF (.init)
                0x00000000000003d0                __init_load_end__ = __init_end__
                0x0000000000000001                . = ASSERT (((__init_start__ == __init_end__) || ((__init_end__ - __FLASH1_segment_start__) <= __FLASH1_segment_size__)), error: .init is too large to fit in FLASH1 memory segment)
                0x00000000000003d0                __init_rodata_load_start__ = ALIGN (__init_end__, 0x4)

.init_rodata    0x00000000000003d0        0x0
                0x00000000000003d0                __init_rodata_start__ = .
 *(.init_rodata .init_rodata.*)
                0x00000000000003d0                __init_rodata_end__ = (__init_rodata_start__ + SIZEOF (.init_rodata))
                0x0000000000000000                __init_rodata_size__ = SIZEOF (.init_rodata)
                0x00000000000003d0                __init_rodata_load_end__ = __init_rodata_end__
                0x0000000000000001                . = ASSERT (((__init_rodata_start__ == __init_rodata_end__) || ((__init_rodata_end__ - __FLASH1_segment_start__) <= __FLASH1_segment_size__)), error: .init_rodata is too large to fit in FLASH1 memory segment)
                0x00000000000003d0                __text_load_start__ = ALIGN (__init_rodata_end__, 0x4)

.text           0x00000000000003d0     0xba3c
                0x00000000000003d0                __text_start__ = .
 *(.text .text.* .glue_7t .glue_7 .gnu.linkonce.t.* .gcc_except_table .ARM.extab* .gnu.linkonce.armextab.*)
 .glue_7        0x00000000000003d0        0x0 linker stubs
 .glue_7t       0x00000000000003d0        0x0 linker stubs
 .text.__aeabi_read_tp
                0x00000000000003d0        0x8 Output/Debug/Obj/timer_pca10040/thumb_crt0.o
                0x00000000000003d0                __aeabi_read_tp
 .text.nrf_log_backend_put
                0x00000000000003d8       0x1c Output/Debug/Obj/timer_pca10040/nrf_log_frontend.o
 .text.nrf_log_backend_panic_set
                0x00000000000003f4       0x18 Output/Debug/Obj/timer_pca10040/nrf_log_frontend.o
 .text.nrf_log_backend_flush
                0x000000000000040c       0x18 Output/Debug/Obj/timer_pca10040/nrf_log_frontend.o
 .text.nrf_log_backend_id_set
                0x0000000000000424       0x1a Output/Debug/Obj/timer_pca10040/nrf_log_frontend.o
 .text.nrf_log_backend_id_get
                0x000000000000043e       0x10 Output/Debug/Obj/timer_pca10040/nrf_log_frontend.o
 .text.nrf_log_backend_enable
                0x000000000000044e       0x12 Output/Debug/Obj/timer_pca10040/nrf_log_frontend.o
 .text.nrf_log_backend_is_enabled
                0x0000000000000460       0x10 Output/Debug/Obj/timer_pca10040/nrf_log_frontend.o
 .text.nrf_log_init
                0x0000000000000470       0x50 Output/Debug/Obj/timer_pca10040/nrf_log_frontend.o
                0x0000000000000470                nrf_log_init
 .text.nrf_log_module_cnt_get
                0x00000000000004c0       0x14 Output/Debug/Obj/timer_pca10040/nrf_log_frontend.o
                0x00000000000004c0                nrf_log_module_cnt_get
 .text.module_idx_get
                0x00000000000004d4       0x64 Output/Debug/Obj/timer_pca10040/nrf_log_frontend.o
 .text.nrf_log_module_name_get
                0x0000000000000538       0x40 Output/Debug/Obj/timer_pca10040/nrf_log_frontend.o
                0x0000000000000538                nrf_log_module_name_get
 .text.nrf_log_color_id_get
                0x0000000000000578       0x70 Output/Debug/Obj/timer_pca10040/nrf_log_frontend.o
                0x0000000000000578                nrf_log_color_id_get
 .text.invalid_packets_omit
                0x00000000000005e8       0x6e Output/Debug/Obj/timer_pca10040/nrf_log_frontend.o
 *fill*         0x0000000000000656        0x2 
 .text.log_skip
                0x0000000000000658      0x118 Output/Debug/Obj/timer_pca10040/nrf_log_frontend.o
 .text.dropped_sat16_get
                0x0000000000000770       0x28 Output/Debug/Obj/timer_pca10040/nrf_log_frontend.o
 .text.std_header_set
                0x0000000000000798       0xb4 Output/Debug/Obj/timer_pca10040/nrf_log_frontend.o
 .text.log_pending_hook
                0x000000000000084c        0x4 Output/Debug/Obj/timer_pca10040/nrf_log_frontend.o
                0x000000000000084c                log_pending_hook
 .text.buf_prealloc
                0x0000000000000850      0x128 Output/Debug/Obj/timer_pca10040/nrf_log_frontend.o
 .text.std_n    0x0000000000000978       0x98 Output/Debug/Obj/timer_pca10040/nrf_log_frontend.o
 .text.nrf_log_frontend_std_0
                0x0000000000000a10       0x1c Output/Debug/Obj/timer_pca10040/nrf_log_frontend.o
                0x0000000000000a10                nrf_log_frontend_std_0
 .text.nrf_log_frontend_std_1
                0x0000000000000a2c       0x22 Output/Debug/Obj/timer_pca10040/nrf_log_frontend.o
                0x0000000000000a2c                nrf_log_frontend_std_1
 .text.nrf_log_frontend_std_2
                0x0000000000000a4e       0x28 Output/Debug/Obj/timer_pca10040/nrf_log_frontend.o
                0x0000000000000a4e                nrf_log_frontend_std_2
 .text.nrf_log_frontend_std_3
                0x0000000000000a76       0x2c Output/Debug/Obj/timer_pca10040/nrf_log_frontend.o
                0x0000000000000a76                nrf_log_frontend_std_3
 .text.nrf_log_frontend_std_5
                0x0000000000000aa2       0x34 Output/Debug/Obj/timer_pca10040/nrf_log_frontend.o
                0x0000000000000aa2                nrf_log_frontend_std_5
 *fill*         0x0000000000000ad6        0x2 
 .text.buffer_is_empty
                0x0000000000000ad8       0x1c Output/Debug/Obj/timer_pca10040/nrf_log_frontend.o
                0x0000000000000ad8                buffer_is_empty
 .text.nrf_log_frontend_dequeue
                0x0000000000000af4      0x3a0 Output/Debug/Obj/timer_pca10040/nrf_log_frontend.o
                0x0000000000000af4                nrf_log_frontend_dequeue
 .text.backend_id_assign
                0x0000000000000e94       0x68 Output/Debug/Obj/timer_pca10040/nrf_log_frontend.o
 .text.nrf_log_backend_add
                0x0000000000000efc       0x70 Output/Debug/Obj/timer_pca10040/nrf_log_frontend.o
                0x0000000000000efc                nrf_log_backend_add
 .text.nrf_log_panic
                0x0000000000000f6c       0x3c Output/Debug/Obj/timer_pca10040/nrf_log_frontend.o
                0x0000000000000f6c                nrf_log_panic
 .text.timestamp_print
                0x0000000000000fa8        0xc Output/Debug/Obj/timer_pca10040/nrf_log_str_formatter.o
 .text.prefix_process
                0x0000000000000fb4       0xb0 Output/Debug/Obj/timer_pca10040/nrf_log_str_formatter.o
 .text.postfix_process
                0x0000000000001064       0x60 Output/Debug/Obj/timer_pca10040/nrf_log_str_formatter.o
 .text.nrf_log_std_entry_process
                0x00000000000010c4      0x144 Output/Debug/Obj/timer_pca10040/nrf_log_str_formatter.o
                0x00000000000010c4                nrf_log_std_entry_process
 .text.nrf_log_hexdump_entry_process
                0x0000000000001208       0xf0 Output/Debug/Obj/timer_pca10040/nrf_log_str_formatter.o
                0x0000000000001208                nrf_log_hexdump_entry_process
 .text.nrf_log_backend_enable
                0x00000000000012f8       0x12 Output/Debug/Obj/timer_pca10040/nrf_log_default_backends.o
 *fill*         0x000000000000130a        0x2 
 .text.nrf_log_default_backends_init
                0x000000000000130c       0x64 Output/Debug/Obj/timer_pca10040/nrf_log_default_backends.o
                0x000000000000130c                nrf_log_default_backends_init
 .text.nrfx_coredep_delay_us
                0x0000000000001370       0x30 Output/Debug/Obj/timer_pca10040/nrf_log_backend_rtt.o
 .text.nrf_delay_ms
                0x00000000000013a0       0x2a Output/Debug/Obj/timer_pca10040/nrf_log_backend_rtt.o
 .text.nrf_log_backend_rtt_init
                0x00000000000013ca        0xa Output/Debug/Obj/timer_pca10040/nrf_log_backend_rtt.o
                0x00000000000013ca                nrf_log_backend_rtt_init
 .text.serial_tx
                0x00000000000013d4       0x84 Output/Debug/Obj/timer_pca10040/nrf_log_backend_rtt.o
 .text.nrf_log_backend_rtt_put
                0x0000000000001458       0x28 Output/Debug/Obj/timer_pca10040/nrf_log_backend_rtt.o
 .text.nrf_log_backend_rtt_flush
                0x0000000000001480        0xa Output/Debug/Obj/timer_pca10040/nrf_log_backend_rtt.o
 .text.nrf_log_backend_rtt_panic_set
                0x000000000000148a        0xa Output/Debug/Obj/timer_pca10040/nrf_log_backend_rtt.o
 .text.nrf_log_backend_serial_put
                0x0000000000001494      0x124 Output/Debug/Obj/timer_pca10040/nrf_log_backend_serial.o
                0x0000000000001494                nrf_log_backend_serial_put
 .text.nrf_drv_uart_uninit
                0x00000000000015b8       0x44 Output/Debug/Obj/timer_pca10040/nrf_log_backend_uart.o
 .text.nrf_drv_uart_tx
                0x00000000000015fc       0x64 Output/Debug/Obj/timer_pca10040/nrf_log_backend_uart.o
 .text.uart_evt_handler
                0x0000000000001660       0x18 Output/Debug/Obj/timer_pca10040/nrf_log_backend_uart.o
 .text.uart_init
                0x0000000000001678       0x88 Output/Debug/Obj/timer_pca10040/nrf_log_backend_uart.o
 .text.nrf_log_backend_uart_init
                0x0000000000001700       0x1c Output/Debug/Obj/timer_pca10040/nrf_log_backend_uart.o
                0x0000000000001700                nrf_log_backend_uart_init
 .text.serial_tx
                0x000000000000171c       0x6c Output/Debug/Obj/timer_pca10040/nrf_log_backend_uart.o
 .text.nrf_log_backend_uart_put
                0x0000000000001788       0x28 Output/Debug/Obj/timer_pca10040/nrf_log_backend_uart.o
 .text.nrf_log_backend_uart_flush
                0x00000000000017b0        0xa Output/Debug/Obj/timer_pca10040/nrf_log_backend_uart.o
 *fill*         0x00000000000017ba        0x2 
 .text.nrf_log_backend_uart_panic_set
                0x00000000000017bc       0x20 Output/Debug/Obj/timer_pca10040/nrf_log_backend_uart.o
 .text.app_error_save_and_stop
                0x00000000000017dc       0x98 Output/Debug/Obj/timer_pca10040/app_error.o
                0x00000000000017dc                app_error_save_and_stop
 .text.app_error_handler
                0x0000000000001874       0x1c Output/Debug/Obj/timer_pca10040/app_error_handler_gcc.o
                0x0000000000001874                app_error_handler
 .text.app_error_fault_handler
                0x0000000000001890      0x104 Output/Debug/Obj/timer_pca10040/app_error_weak.o
                0x0000000000001890                app_error_fault_handler
 .text.app_util_disable_irq
                0x0000000000001994       0x18 Output/Debug/Obj/timer_pca10040/app_util_platform.o
                0x0000000000001994                app_util_disable_irq
 .text.app_util_enable_irq
                0x00000000000019ac       0x20 Output/Debug/Obj/timer_pca10040/app_util_platform.o
                0x00000000000019ac                app_util_enable_irq
 .text.app_util_critical_region_enter
                0x00000000000019cc       0x28 Output/Debug/Obj/timer_pca10040/app_util_platform.o
                0x00000000000019cc                app_util_critical_region_enter
 .text.app_util_critical_region_exit
                0x00000000000019f4       0x2c Output/Debug/Obj/timer_pca10040/app_util_platform.o
                0x00000000000019f4                app_util_critical_region_exit
 .text.privilege_level_get
                0x0000000000001a20       0x3a Output/Debug/Obj/timer_pca10040/app_util_platform.o
                0x0000000000001a20                privilege_level_get
 .text.assert_nrf_callback
                0x0000000000001a5a       0x2c Output/Debug/Obj/timer_pca10040/nrf_assert.o
                0x0000000000001a5a                assert_nrf_callback
 .text.nrf_atomic_u32_fetch_store
                0x0000000000001a86       0x2e Output/Debug/Obj/timer_pca10040/nrf_atomic.o
                0x0000000000001a86                nrf_atomic_u32_fetch_store
 .text.nrf_atomic_u32_or
                0x0000000000001ab4       0x30 Output/Debug/Obj/timer_pca10040/nrf_atomic.o
                0x0000000000001ab4                nrf_atomic_u32_or
 .text.nrf_atomic_u32_fetch_and
                0x0000000000001ae4       0x30 Output/Debug/Obj/timer_pca10040/nrf_atomic.o
                0x0000000000001ae4                nrf_atomic_u32_fetch_and
 .text.nrf_atomic_u32_add
                0x0000000000001b14       0x30 Output/Debug/Obj/timer_pca10040/nrf_atomic.o
                0x0000000000001b14                nrf_atomic_u32_add
 .text.nrf_atomic_u32_sub
                0x0000000000001b44       0x30 Output/Debug/Obj/timer_pca10040/nrf_atomic.o
                0x0000000000001b44                nrf_atomic_u32_sub
 .text.nrf_atomic_flag_set
                0x0000000000001b74       0x18 Output/Debug/Obj/timer_pca10040/nrf_atomic.o
                0x0000000000001b74                nrf_atomic_flag_set
 .text.nrf_atomic_flag_clear_fetch
                0x0000000000001b8c       0x18 Output/Debug/Obj/timer_pca10040/nrf_atomic.o
                0x0000000000001b8c                nrf_atomic_flag_clear_fetch
 .text.nrf_balloc_idx2block
                0x0000000000001ba4       0x38 Output/Debug/Obj/timer_pca10040/nrf_balloc.o
 .text.nrf_balloc_block2idx
                0x0000000000001bdc       0x34 Output/Debug/Obj/timer_pca10040/nrf_balloc.o
 .text.nrf_balloc_init
                0x0000000000001c10       0xb8 Output/Debug/Obj/timer_pca10040/nrf_balloc.o
                0x0000000000001c10                nrf_balloc_init
 .text.nrf_balloc_alloc
                0x0000000000001cc8       0x84 Output/Debug/Obj/timer_pca10040/nrf_balloc.o
                0x0000000000001cc8                nrf_balloc_alloc
 .text.nrf_balloc_free
                0x0000000000001d4c       0x58 Output/Debug/Obj/timer_pca10040/nrf_balloc.o
                0x0000000000001d4c                nrf_balloc_free
 .text.nrf_fprintf_buffer_flush
                0x0000000000001da4       0x44 Output/Debug/Obj/timer_pca10040/nrf_fprintf.o
                0x0000000000001da4                nrf_fprintf_buffer_flush
 .text.nrf_fprintf
                0x0000000000001de8       0x74 Output/Debug/Obj/timer_pca10040/nrf_fprintf.o
                0x0000000000001de8                nrf_fprintf
 .text.buffer_add
                0x0000000000001e5c       0x4c Output/Debug/Obj/timer_pca10040/nrf_fprintf_format.o
 .text.string_print
                0x0000000000001ea8       0xc2 Output/Debug/Obj/timer_pca10040/nrf_fprintf_format.o
 *fill*         0x0000000000001f6a        0x2 
 .text.unsigned_print
                0x0000000000001f6c      0x130 Output/Debug/Obj/timer_pca10040/nrf_fprintf_format.o
 .text.int_print
                0x000000000000209c      0x11c Output/Debug/Obj/timer_pca10040/nrf_fprintf_format.o
 .text.nrf_fprintf_fmt
                0x00000000000021b8      0x388 Output/Debug/Obj/timer_pca10040/nrf_fprintf_format.o
                0x00000000000021b8                nrf_fprintf_fmt
 .text.nrf_memobj_pool_init
                0x0000000000002540       0x16 Output/Debug/Obj/timer_pca10040/nrf_memobj.o
                0x0000000000002540                nrf_memobj_pool_init
 .text.nrf_memobj_alloc
                0x0000000000002556       0xae Output/Debug/Obj/timer_pca10040/nrf_memobj.o
                0x0000000000002556                nrf_memobj_alloc
 .text.nrf_memobj_free
                0x0000000000002604       0x74 Output/Debug/Obj/timer_pca10040/nrf_memobj.o
                0x0000000000002604                nrf_memobj_free
 .text.nrf_memobj_get
                0x0000000000002678       0x1e Output/Debug/Obj/timer_pca10040/nrf_memobj.o
                0x0000000000002678                nrf_memobj_get
 .text.nrf_memobj_put
                0x0000000000002696       0x34 Output/Debug/Obj/timer_pca10040/nrf_memobj.o
                0x0000000000002696                nrf_memobj_put
 *fill*         0x00000000000026ca        0x2 
 .text.memobj_op
                0x00000000000026cc      0x124 Output/Debug/Obj/timer_pca10040/nrf_memobj.o
 .text.nrf_memobj_write
                0x00000000000027f0       0x3c Output/Debug/Obj/timer_pca10040/nrf_memobj.o
                0x00000000000027f0                nrf_memobj_write
 .text.nrf_memobj_read
                0x000000000000282c       0x40 Output/Debug/Obj/timer_pca10040/nrf_memobj.o
                0x000000000000282c                nrf_memobj_read
 .text.nrf_ringbuf_init
                0x000000000000286c       0x3a Output/Debug/Obj/timer_pca10040/nrf_ringbuf.o
                0x000000000000286c                nrf_ringbuf_init
 *fill*         0x00000000000028a6        0x2 
 .text.nrf_strerror_get
                0x00000000000028a8       0x28 Output/Debug/Obj/timer_pca10040/nrf_strerror.o
                0x00000000000028a8                nrf_strerror_get
 .text.nrf_strerror_find
                0x00000000000028d0       0x68 Output/Debug/Obj/timer_pca10040/nrf_strerror.o
                0x00000000000028d0                nrf_strerror_find
 .text.__NVIC_EnableIRQ
                0x0000000000002938       0x34 Output/Debug/Obj/timer_pca10040/nrfx_timer.o
 .text.__NVIC_SetPriority
                0x000000000000296c       0x50 Output/Debug/Obj/timer_pca10040/nrfx_timer.o
 .text.nrfx_get_irq_number
                0x00000000000029bc       0x10 Output/Debug/Obj/timer_pca10040/nrfx_timer.o
 .text._NRFX_IRQ_PRIORITY_SET
                0x00000000000029cc       0x40 Output/Debug/Obj/timer_pca10040/nrfx_timer.o
 .text._NRFX_IRQ_ENABLE
                0x0000000000002a0c       0x1c Output/Debug/Obj/timer_pca10040/nrfx_timer.o
 .text.nrf_timer_task_trigger
                0x0000000000002a28       0x1c Output/Debug/Obj/timer_pca10040/nrfx_timer.o
 .text.nrf_timer_event_clear
                0x0000000000002a44       0x2a Output/Debug/Obj/timer_pca10040/nrfx_timer.o
 .text.nrf_timer_event_check
                0x0000000000002a6e       0x24 Output/Debug/Obj/timer_pca10040/nrfx_timer.o
 .text.nrf_timer_shorts_enable
                0x0000000000002a92       0x1c Output/Debug/Obj/timer_pca10040/nrfx_timer.o
 .text.nrf_timer_shorts_disable
                0x0000000000002aae       0x1e Output/Debug/Obj/timer_pca10040/nrfx_timer.o
 .text.nrf_timer_int_enable
                0x0000000000002acc       0x14 Output/Debug/Obj/timer_pca10040/nrfx_timer.o
 .text.nrf_timer_int_disable
                0x0000000000002ae0       0x14 Output/Debug/Obj/timer_pca10040/nrfx_timer.o
 .text.nrf_timer_int_enable_check
                0x0000000000002af4       0x20 Output/Debug/Obj/timer_pca10040/nrfx_timer.o
 .text.nrf_timer_mode_set
                0x0000000000002b14       0x2a Output/Debug/Obj/timer_pca10040/nrfx_timer.o
 .text.nrf_timer_bit_width_set
                0x0000000000002b3e       0x2a Output/Debug/Obj/timer_pca10040/nrfx_timer.o
 .text.nrf_timer_frequency_set
                0x0000000000002b68       0x2a Output/Debug/Obj/timer_pca10040/nrfx_timer.o
 .text.nrf_timer_cc_write
                0x0000000000002b92       0x22 Output/Debug/Obj/timer_pca10040/nrfx_timer.o
 .text.nrf_timer_compare_event_get
                0x0000000000002bb4       0x14 Output/Debug/Obj/timer_pca10040/nrfx_timer.o
 .text.nrf_timer_compare_int_get
                0x0000000000002bc8       0x14 Output/Debug/Obj/timer_pca10040/nrfx_timer.o
 .text.nrfx_timer_init
                0x0000000000002bdc      0x1f8 Output/Debug/Obj/timer_pca10040/nrfx_timer.o
                0x0000000000002bdc                nrfx_timer_init
 .text.nrfx_timer_enable
                0x0000000000002dd4       0x5c Output/Debug/Obj/timer_pca10040/nrfx_timer.o
                0x0000000000002dd4                nrfx_timer_enable
 .text.nrfx_timer_compare
                0x0000000000002e30       0x72 Output/Debug/Obj/timer_pca10040/nrfx_timer.o
                0x0000000000002e30                nrfx_timer_compare
 .text.nrfx_timer_extended_compare
                0x0000000000002ea2       0x5e Output/Debug/Obj/timer_pca10040/nrfx_timer.o
                0x0000000000002ea2                nrfx_timer_extended_compare
 .text.irq_handler
                0x0000000000002f00       0x8e Output/Debug/Obj/timer_pca10040/nrfx_timer.o
 *fill*         0x0000000000002f8e        0x2 
 .text.TIMER0_IRQHandler
                0x0000000000002f90       0x18 Output/Debug/Obj/timer_pca10040/nrfx_timer.o
                0x0000000000002f90                TIMER0_IRQHandler
 .text.__NVIC_EnableIRQ
                0x0000000000002fa8       0x34 Output/Debug/Obj/timer_pca10040/nrfx_saadc.o
 .text.__NVIC_SetPriority
                0x0000000000002fdc       0x50 Output/Debug/Obj/timer_pca10040/nrfx_saadc.o
 .text._NRFX_IRQ_PRIORITY_SET
                0x000000000000302c       0x40 Output/Debug/Obj/timer_pca10040/nrfx_saadc.o
 .text._NRFX_IRQ_ENABLE
                0x000000000000306c       0x1c Output/Debug/Obj/timer_pca10040/nrfx_saadc.o
 .text.nrfx_coredep_delay_us
                0x0000000000003088       0x30 Output/Debug/Obj/timer_pca10040/nrfx_saadc.o
 .text.nrf_saadc_task_trigger
                0x00000000000030b8       0x1e Output/Debug/Obj/timer_pca10040/nrfx_saadc.o
 .text.nrf_saadc_event_check
                0x00000000000030d6       0x26 Output/Debug/Obj/timer_pca10040/nrfx_saadc.o
 .text.nrf_saadc_event_clear
                0x00000000000030fc       0x30 Output/Debug/Obj/timer_pca10040/nrfx_saadc.o
 .text.nrf_saadc_channel_input_set
                0x000000000000312c       0x44 Output/Debug/Obj/timer_pca10040/nrfx_saadc.o
 .text.nrf_saadc_int_enable
                0x0000000000003170       0x18 Output/Debug/Obj/timer_pca10040/nrfx_saadc.o
 .text.nrf_saadc_int_disable
                0x0000000000003188       0x18 Output/Debug/Obj/timer_pca10040/nrfx_saadc.o
 .text.nrf_saadc_enable
                0x00000000000031a0       0x10 Output/Debug/Obj/timer_pca10040/nrfx_saadc.o
 .text.nrf_saadc_disable
                0x00000000000031b0       0x10 Output/Debug/Obj/timer_pca10040/nrfx_saadc.o
 .text.nrf_saadc_buffer_init
                0x00000000000031c0       0x20 Output/Debug/Obj/timer_pca10040/nrfx_saadc.o
 .text.nrf_saadc_resolution_set
                0x00000000000031e0       0x1c Output/Debug/Obj/timer_pca10040/nrfx_saadc.o
 .text.nrf_saadc_oversample_set
                0x00000000000031fc       0x1c Output/Debug/Obj/timer_pca10040/nrfx_saadc.o
 .text.nrf_saadc_oversample_get
                0x0000000000003218       0x10 Output/Debug/Obj/timer_pca10040/nrfx_saadc.o
 .text.nrf_saadc_channel_init
                0x0000000000003228       0x8c Output/Debug/Obj/timer_pca10040/nrfx_saadc.o
 .text.SAADC_IRQHandler
                0x00000000000032b4      0x260 Output/Debug/Obj/timer_pca10040/nrfx_saadc.o
                0x00000000000032b4                SAADC_IRQHandler
 .text.nrfx_saadc_init
                0x0000000000003514       0xe0 Output/Debug/Obj/timer_pca10040/nrfx_saadc.o
                0x0000000000003514                nrfx_saadc_init
 .text.nrfx_saadc_channel_init
                0x00000000000035f4      0x124 Output/Debug/Obj/timer_pca10040/nrfx_saadc.o
                0x00000000000035f4                nrfx_saadc_channel_init
 .text.nrfx_saadc_sample_convert
                0x0000000000003718      0x158 Output/Debug/Obj/timer_pca10040/nrfx_saadc.o
                0x0000000000003718                nrfx_saadc_sample_convert
 .text.__NVIC_EnableIRQ
                0x0000000000003870       0x34 Output/Debug/Obj/timer_pca10040/nrfx_twim.o
 .text.__NVIC_ClearPendingIRQ
                0x00000000000038a4       0x38 Output/Debug/Obj/timer_pca10040/nrfx_twim.o
 .text.__NVIC_SetPriority
                0x00000000000038dc       0x50 Output/Debug/Obj/timer_pca10040/nrfx_twim.o
 .text.nrfx_is_in_ram
                0x000000000000392c       0x1c Output/Debug/Obj/timer_pca10040/nrfx_twim.o
 .text.nrfx_get_irq_number
                0x0000000000003948       0x10 Output/Debug/Obj/timer_pca10040/nrfx_twim.o
 .text._NRFX_IRQ_PRIORITY_SET
                0x0000000000003958       0x40 Output/Debug/Obj/timer_pca10040/nrfx_twim.o
 .text._NRFX_IRQ_ENABLE
                0x0000000000003998       0x1c Output/Debug/Obj/timer_pca10040/nrfx_twim.o
 .text._NRFX_IRQ_PENDING_CLEAR
                0x00000000000039b4       0x1c Output/Debug/Obj/timer_pca10040/nrfx_twim.o
 .text.nrf_twim_task_trigger
                0x00000000000039d0       0x1c Output/Debug/Obj/timer_pca10040/nrfx_twim.o
 .text.nrf_twim_event_clear
                0x00000000000039ec       0x2a Output/Debug/Obj/timer_pca10040/nrfx_twim.o
 .text.nrf_twim_event_check
                0x0000000000003a16       0x24 Output/Debug/Obj/timer_pca10040/nrfx_twim.o
 .text.nrf_twim_int_enable
                0x0000000000003a3a       0x14 Output/Debug/Obj/timer_pca10040/nrfx_twim.o
 .text.nrf_twim_int_disable
                0x0000000000003a4e       0x14 Output/Debug/Obj/timer_pca10040/nrfx_twim.o
 .text.nrf_twim_enable
                0x0000000000003a62       0x12 Output/Debug/Obj/timer_pca10040/nrfx_twim.o
 .text.nrf_twim_disable
                0x0000000000003a74       0x12 Output/Debug/Obj/timer_pca10040/nrfx_twim.o
 .text.nrf_twim_pins_set
                0x0000000000003a86       0x1e Output/Debug/Obj/timer_pca10040/nrfx_twim.o
 .text.nrf_twim_frequency_set
                0x0000000000003aa4       0x14 Output/Debug/Obj/timer_pca10040/nrfx_twim.o
 .text.nrf_twim_errorsrc_get_and_clear
                0x0000000000003ab8       0x1c Output/Debug/Obj/timer_pca10040/nrfx_twim.o
 .text.nrf_twim_address_set
                0x0000000000003ad4       0x1a Output/Debug/Obj/timer_pca10040/nrfx_twim.o
 .text.nrf_twim_tx_buffer_set
                0x0000000000003aee       0x1e Output/Debug/Obj/timer_pca10040/nrfx_twim.o
 .text.nrf_twim_rx_buffer_set
                0x0000000000003b0c       0x1e Output/Debug/Obj/timer_pca10040/nrfx_twim.o
 .text.nrf_twim_shorts_set
                0x0000000000003b2a       0x14 Output/Debug/Obj/timer_pca10040/nrfx_twim.o
 .text.nrf_twim_txd_amount_get
                0x0000000000003b3e       0x10 Output/Debug/Obj/timer_pca10040/nrfx_twim.o
 .text.nrf_twim_shorts_get
                0x0000000000003b4e       0x10 Output/Debug/Obj/timer_pca10040/nrfx_twim.o
 .text.nrf_twim_rxd_amount_get
                0x0000000000003b5e       0x10 Output/Debug/Obj/timer_pca10040/nrfx_twim.o
 .text.nrf_twim_tx_list_enable
                0x0000000000003b6e       0x12 Output/Debug/Obj/timer_pca10040/nrfx_twim.o
 .text.nrf_twim_tx_list_disable
                0x0000000000003b80       0x12 Output/Debug/Obj/timer_pca10040/nrfx_twim.o
 .text.nrf_twim_rx_list_enable
                0x0000000000003b92       0x12 Output/Debug/Obj/timer_pca10040/nrfx_twim.o
 .text.nrf_twim_rx_list_disable
                0x0000000000003ba4       0x12 Output/Debug/Obj/timer_pca10040/nrfx_twim.o
 *fill*         0x0000000000003bb6        0x2 
 .text.nrf_gpio_pin_port_decode
                0x0000000000003bb8       0x30 Output/Debug/Obj/timer_pca10040/nrfx_twim.o
 .text.nrf_gpio_cfg
                0x0000000000003be8       0x62 Output/Debug/Obj/timer_pca10040/nrfx_twim.o
 .text.nrf_gpio_pin_present_check
                0x0000000000003c4a       0x40 Output/Debug/Obj/timer_pca10040/nrfx_twim.o
 .text.twi_process_error
                0x0000000000003c8a       0x40 Output/Debug/Obj/timer_pca10040/nrfx_twim.o
 *fill*         0x0000000000003cca        0x2 
 .text.xfer_completeness_check
                0x0000000000003ccc       0xfc Output/Debug/Obj/timer_pca10040/nrfx_twim.o
 .text.nrfx_twim_init
                0x0000000000003dc8      0x148 Output/Debug/Obj/timer_pca10040/nrfx_twim.o
                0x0000000000003dc8                nrfx_twim_init
 .text.nrfx_twim_enable
                0x0000000000003f10       0x50 Output/Debug/Obj/timer_pca10040/nrfx_twim.o
                0x0000000000003f10                nrfx_twim_enable
 .text.twim_list_enable_handle
                0x0000000000003f60       0x40 Output/Debug/Obj/timer_pca10040/nrfx_twim.o
 .text.twim_xfer
                0x0000000000003fa0      0x440 Output/Debug/Obj/timer_pca10040/nrfx_twim.o
 .text.nrfx_twim_xfer
                0x00000000000043e0       0xb0 Output/Debug/Obj/timer_pca10040/nrfx_twim.o
                0x00000000000043e0                nrfx_twim_xfer
 .text.nrfx_twim_tx
                0x0000000000004490       0x50 Output/Debug/Obj/timer_pca10040/nrfx_twim.o
                0x0000000000004490                nrfx_twim_tx
 .text.nrfx_twim_rx
                0x00000000000044e0       0x44 Output/Debug/Obj/timer_pca10040/nrfx_twim.o
                0x00000000000044e0                nrfx_twim_rx
 .text.twim_irq_handler
                0x0000000000004524      0x2a4 Output/Debug/Obj/timer_pca10040/nrfx_twim.o
 .text.SPIM0_SPIS0_TWIM0_TWIS0_SPI0_TWI0_IRQHandler
                0x00000000000047c8       0x18 Output/Debug/Obj/timer_pca10040/nrfx_twim.o
                0x00000000000047c8                SPIM0_SPIS0_TWIM0_TWIS0_SPI0_TWI0_IRQHandler
 .text.SPIM1_SPIS1_TWIM1_TWIS1_SPI1_TWI1_IRQHandler
                0x00000000000047e0       0x14 Output/Debug/Obj/timer_pca10040/nrfx_twim.o
                0x00000000000047e0                SPIM1_SPIS1_TWIM1_TWIS1_SPI1_TWI1_IRQHandler
 .text.nrfx_coredep_delay_us
                0x00000000000047f4       0x30 Output/Debug/Obj/timer_pca10040/nrf_drv_twi.o
 .text.nrf_gpio_pin_port_decode
                0x0000000000004824       0x30 Output/Debug/Obj/timer_pca10040/nrf_drv_twi.o
 .text.nrf_gpio_pin_set
                0x0000000000004854       0x28 Output/Debug/Obj/timer_pca10040/nrf_drv_twi.o
 .text.nrf_gpio_pin_clear
                0x000000000000487c       0x28 Output/Debug/Obj/timer_pca10040/nrf_drv_twi.o
 .text.nrf_gpio_pin_read
                0x00000000000048a4       0x2a Output/Debug/Obj/timer_pca10040/nrf_drv_twi.o
 .text.nrf_gpio_port_in_read
                0x00000000000048ce       0x10 Output/Debug/Obj/timer_pca10040/nrf_drv_twi.o
 .text.nrf_gpio_port_out_set
                0x00000000000048de       0x14 Output/Debug/Obj/timer_pca10040/nrf_drv_twi.o
 .text.nrf_gpio_port_out_clear
                0x00000000000048f2       0x14 Output/Debug/Obj/timer_pca10040/nrf_drv_twi.o
 .text.nrf_gpio_pin_present_check
                0x0000000000004906       0x40 Output/Debug/Obj/timer_pca10040/nrf_drv_twi.o
 .text.twi_clear_bus
                0x0000000000004946       0xde Output/Debug/Obj/timer_pca10040/nrf_drv_twi.o
 .text.twim_evt_handler
                0x0000000000004a24       0x6c Output/Debug/Obj/timer_pca10040/nrf_drv_twi.o
 .text.nrf_drv_twi_init
                0x0000000000004a90       0x68 Output/Debug/Obj/timer_pca10040/nrf_drv_twi.o
                0x0000000000004a90                nrf_drv_twi_init
 .text.UARTE0_UART0_IRQHandler
                0x0000000000004af8       0x24 Output/Debug/Obj/timer_pca10040/nrfx_prs.o
                0x0000000000004af8                UARTE0_UART0_IRQHandler
 .text.prs_box_get
                0x0000000000004b1c       0x20 Output/Debug/Obj/timer_pca10040/nrfx_prs.o
 .text.nrfx_prs_acquire
                0x0000000000004b3c       0x74 Output/Debug/Obj/timer_pca10040/nrfx_prs.o
                0x0000000000004b3c                nrfx_prs_acquire
 .text.nrfx_prs_release
                0x0000000000004bb0       0x3c Output/Debug/Obj/timer_pca10040/nrfx_prs.o
                0x0000000000004bb0                nrfx_prs_release
 .text.uarte_evt_handler
                0x0000000000004bec       0x50 Output/Debug/Obj/timer_pca10040/nrf_drv_uart.o
 .text.uart_evt_handler
                0x0000000000004c3c       0x50 Output/Debug/Obj/timer_pca10040/nrf_drv_uart.o
 .text.nrf_drv_uart_init
                0x0000000000004c8c       0xc0 Output/Debug/Obj/timer_pca10040/nrf_drv_uart.o
                0x0000000000004c8c                nrf_drv_uart_init
 .text.__NVIC_EnableIRQ
                0x0000000000004d4c       0x34 Output/Debug/Obj/timer_pca10040/nrfx_uart.o
 .text.__NVIC_DisableIRQ
                0x0000000000004d80       0x44 Output/Debug/Obj/timer_pca10040/nrfx_uart.o
 .text.__NVIC_SetPriority
                0x0000000000004dc4       0x50 Output/Debug/Obj/timer_pca10040/nrfx_uart.o
 .text.nrfx_get_irq_number
                0x0000000000004e14       0x10 Output/Debug/Obj/timer_pca10040/nrfx_uart.o
 .text._NRFX_IRQ_PRIORITY_SET
                0x0000000000004e24       0x40 Output/Debug/Obj/timer_pca10040/nrfx_uart.o
 .text._NRFX_IRQ_ENABLE
                0x0000000000004e64       0x1c Output/Debug/Obj/timer_pca10040/nrfx_uart.o
 .text._NRFX_IRQ_DISABLE
                0x0000000000004e80       0x1c Output/Debug/Obj/timer_pca10040/nrfx_uart.o
 .text.nrf_uart_event_clear
                0x0000000000004e9c       0x2a Output/Debug/Obj/timer_pca10040/nrfx_uart.o
 .text.nrf_uart_event_check
                0x0000000000004ec6       0x24 Output/Debug/Obj/timer_pca10040/nrfx_uart.o
 .text.nrf_uart_int_enable
                0x0000000000004eea       0x14 Output/Debug/Obj/timer_pca10040/nrfx_uart.o
 .text.nrf_uart_int_enable_check
                0x0000000000004efe       0x20 Output/Debug/Obj/timer_pca10040/nrfx_uart.o
 .text.nrf_uart_int_disable
                0x0000000000004f1e       0x14 Output/Debug/Obj/timer_pca10040/nrfx_uart.o
 .text.nrf_uart_errorsrc_get_and_clear
                0x0000000000004f32       0x1c Output/Debug/Obj/timer_pca10040/nrfx_uart.o
 .text.nrf_uart_enable
                0x0000000000004f4e       0x12 Output/Debug/Obj/timer_pca10040/nrfx_uart.o
 .text.nrf_uart_disable
                0x0000000000004f60       0x12 Output/Debug/Obj/timer_pca10040/nrfx_uart.o
 .text.nrf_uart_txrx_pins_set
                0x0000000000004f72       0x1e Output/Debug/Obj/timer_pca10040/nrfx_uart.o
 .text.nrf_uart_txrx_pins_disconnect
                0x0000000000004f90       0x1c Output/Debug/Obj/timer_pca10040/nrfx_uart.o
 .text.nrf_uart_tx_pin_get
                0x0000000000004fac       0x10 Output/Debug/Obj/timer_pca10040/nrfx_uart.o
 .text.nrf_uart_rx_pin_get
                0x0000000000004fbc       0x10 Output/Debug/Obj/timer_pca10040/nrfx_uart.o
 .text.nrf_uart_rts_pin_get
                0x0000000000004fcc       0x10 Output/Debug/Obj/timer_pca10040/nrfx_uart.o
 .text.nrf_uart_cts_pin_get
                0x0000000000004fdc       0x10 Output/Debug/Obj/timer_pca10040/nrfx_uart.o
 .text.nrf_uart_hwfc_pins_set
                0x0000000000004fec       0x1e Output/Debug/Obj/timer_pca10040/nrfx_uart.o
 .text.nrf_uart_hwfc_pins_disconnect
                0x000000000000500a       0x1c Output/Debug/Obj/timer_pca10040/nrfx_uart.o
 .text.nrf_uart_rxd_get
                0x0000000000005026       0x12 Output/Debug/Obj/timer_pca10040/nrfx_uart.o
 .text.nrf_uart_txd_set
                0x0000000000005038       0x1a Output/Debug/Obj/timer_pca10040/nrfx_uart.o
 .text.nrf_uart_task_trigger
                0x0000000000005052       0x1c Output/Debug/Obj/timer_pca10040/nrfx_uart.o
 .text.nrf_uart_configure
                0x000000000000506e       0x2a Output/Debug/Obj/timer_pca10040/nrfx_uart.o
 .text.nrf_uart_baudrate_set
                0x0000000000005098       0x14 Output/Debug/Obj/timer_pca10040/nrfx_uart.o
 .text.nrf_gpio_pin_port_decode
                0x00000000000050ac       0x30 Output/Debug/Obj/timer_pca10040/nrfx_uart.o
 .text.nrf_gpio_cfg
                0x00000000000050dc       0x62 Output/Debug/Obj/timer_pca10040/nrfx_uart.o
 .text.nrf_gpio_cfg_output
                0x000000000000513e       0x22 Output/Debug/Obj/timer_pca10040/nrfx_uart.o
 .text.nrf_gpio_cfg_input
                0x0000000000005160       0x2a Output/Debug/Obj/timer_pca10040/nrfx_uart.o
 .text.nrf_gpio_cfg_default
                0x000000000000518a       0x22 Output/Debug/Obj/timer_pca10040/nrfx_uart.o
 .text.nrf_gpio_pin_set
                0x00000000000051ac       0x28 Output/Debug/Obj/timer_pca10040/nrfx_uart.o
 .text.nrf_gpio_port_out_set
                0x00000000000051d4       0x14 Output/Debug/Obj/timer_pca10040/nrfx_uart.o
 .text.nrf_gpio_pin_present_check
                0x00000000000051e8       0x40 Output/Debug/Obj/timer_pca10040/nrfx_uart.o
 .text.apply_config
                0x0000000000005228       0xc6 Output/Debug/Obj/timer_pca10040/nrfx_uart.o
 *fill*         0x00000000000052ee        0x2 
 .text.interrupts_enable
                0x00000000000052f0       0x6c Output/Debug/Obj/timer_pca10040/nrfx_uart.o
 .text.interrupts_disable
                0x000000000000535c       0x30 Output/Debug/Obj/timer_pca10040/nrfx_uart.o
 .text.pins_to_default
                0x000000000000538c       0x8a Output/Debug/Obj/timer_pca10040/nrfx_uart.o
 *fill*         0x0000000000005416        0x2 
 .text.nrfx_uart_init
                0x0000000000005418       0xd4 Output/Debug/Obj/timer_pca10040/nrfx_uart.o
                0x0000000000005418                nrfx_uart_init
 .text.nrfx_uart_uninit
                0x00000000000054ec       0x5c Output/Debug/Obj/timer_pca10040/nrfx_uart.o
                0x00000000000054ec                nrfx_uart_uninit
 .text.tx_byte  0x0000000000005548       0x40 Output/Debug/Obj/timer_pca10040/nrfx_uart.o
 .text.tx_blocking
                0x0000000000005588       0x52 Output/Debug/Obj/timer_pca10040/nrfx_uart.o
 *fill*         0x00000000000055da        0x2 
 .text.nrfx_uart_tx
                0x00000000000055dc      0x110 Output/Debug/Obj/timer_pca10040/nrfx_uart.o
                0x00000000000055dc                nrfx_uart_tx
 .text.nrfx_uart_tx_in_progress
                0x00000000000056ec       0x2c Output/Debug/Obj/timer_pca10040/nrfx_uart.o
                0x00000000000056ec                nrfx_uart_tx_in_progress
 .text.rx_byte  0x0000000000005718       0x4e Output/Debug/Obj/timer_pca10040/nrfx_uart.o
 .text.rx_done_event
                0x0000000000005766       0x2e Output/Debug/Obj/timer_pca10040/nrfx_uart.o
 .text.tx_done_event
                0x0000000000005794       0x34 Output/Debug/Obj/timer_pca10040/nrfx_uart.o
 .text.uart_irq_handler
                0x00000000000057c8      0x1de Output/Debug/Obj/timer_pca10040/nrfx_uart.o
 *fill*         0x00000000000059a6        0x2 
 .text.nrfx_uart_0_irq_handler
                0x00000000000059a8       0x18 Output/Debug/Obj/timer_pca10040/nrfx_uart.o
                0x00000000000059a8                nrfx_uart_0_irq_handler
 .text.__NVIC_EnableIRQ
                0x00000000000059c0       0x34 Output/Debug/Obj/timer_pca10040/nrfx_uarte.o
 .text.__NVIC_DisableIRQ
                0x00000000000059f4       0x44 Output/Debug/Obj/timer_pca10040/nrfx_uarte.o
 .text.__NVIC_SetPriority
                0x0000000000005a38       0x50 Output/Debug/Obj/timer_pca10040/nrfx_uarte.o
 .text.nrfx_is_in_ram
                0x0000000000005a88       0x1c Output/Debug/Obj/timer_pca10040/nrfx_uarte.o
 .text.nrfx_get_irq_number
                0x0000000000005aa4       0x10 Output/Debug/Obj/timer_pca10040/nrfx_uarte.o
 .text._NRFX_IRQ_PRIORITY_SET
                0x0000000000005ab4       0x40 Output/Debug/Obj/timer_pca10040/nrfx_uarte.o
 .text._NRFX_IRQ_ENABLE
                0x0000000000005af4       0x1c Output/Debug/Obj/timer_pca10040/nrfx_uarte.o
 .text._NRFX_IRQ_DISABLE
                0x0000000000005b10       0x1c Output/Debug/Obj/timer_pca10040/nrfx_uarte.o
 .text.nrf_uarte_event_clear
                0x0000000000005b2c       0x2a Output/Debug/Obj/timer_pca10040/nrfx_uarte.o
 .text.nrf_uarte_event_check
                0x0000000000005b56       0x24 Output/Debug/Obj/timer_pca10040/nrfx_uarte.o
 .text.nrf_uarte_shorts_disable
                0x0000000000005b7a       0x1e Output/Debug/Obj/timer_pca10040/nrfx_uarte.o
 .text.nrf_uarte_int_enable
                0x0000000000005b98       0x14 Output/Debug/Obj/timer_pca10040/nrfx_uarte.o
 .text.nrf_uarte_int_disable
                0x0000000000005bac       0x14 Output/Debug/Obj/timer_pca10040/nrfx_uarte.o
 .text.nrf_uarte_errorsrc_get_and_clear
                0x0000000000005bc0       0x1c Output/Debug/Obj/timer_pca10040/nrfx_uarte.o
 .text.nrf_uarte_enable
                0x0000000000005bdc       0x12 Output/Debug/Obj/timer_pca10040/nrfx_uarte.o
 .text.nrf_uarte_disable
                0x0000000000005bee       0x12 Output/Debug/Obj/timer_pca10040/nrfx_uarte.o
 .text.nrf_uarte_txrx_pins_set
                0x0000000000005c00       0x1e Output/Debug/Obj/timer_pca10040/nrfx_uarte.o
 .text.nrf_uarte_txrx_pins_disconnect
                0x0000000000005c1e       0x1c Output/Debug/Obj/timer_pca10040/nrfx_uarte.o
 .text.nrf_uarte_tx_pin_get
                0x0000000000005c3a       0x10 Output/Debug/Obj/timer_pca10040/nrfx_uarte.o
 .text.nrf_uarte_rx_pin_get
                0x0000000000005c4a       0x10 Output/Debug/Obj/timer_pca10040/nrfx_uarte.o
 .text.nrf_uarte_rts_pin_get
                0x0000000000005c5a       0x10 Output/Debug/Obj/timer_pca10040/nrfx_uarte.o
 .text.nrf_uarte_cts_pin_get
                0x0000000000005c6a       0x10 Output/Debug/Obj/timer_pca10040/nrfx_uarte.o
 .text.nrf_uarte_hwfc_pins_set
                0x0000000000005c7a       0x1e Output/Debug/Obj/timer_pca10040/nrfx_uarte.o
 .text.nrf_uarte_hwfc_pins_disconnect
                0x0000000000005c98       0x1c Output/Debug/Obj/timer_pca10040/nrfx_uarte.o
 .text.nrf_uarte_task_trigger
                0x0000000000005cb4       0x1c Output/Debug/Obj/timer_pca10040/nrfx_uarte.o
 .text.nrf_uarte_configure
                0x0000000000005cd0       0x2a Output/Debug/Obj/timer_pca10040/nrfx_uarte.o
 .text.nrf_uarte_baudrate_set
                0x0000000000005cfa       0x14 Output/Debug/Obj/timer_pca10040/nrfx_uarte.o
 .text.nrf_uarte_tx_buffer_set
                0x0000000000005d0e       0x1e Output/Debug/Obj/timer_pca10040/nrfx_uarte.o
 .text.nrf_uarte_tx_amount_get
                0x0000000000005d2c       0x10 Output/Debug/Obj/timer_pca10040/nrfx_uarte.o
 .text.nrf_uarte_rx_amount_get
                0x0000000000005d3c       0x10 Output/Debug/Obj/timer_pca10040/nrfx_uarte.o
 .text.nrf_gpio_pin_port_decode
                0x0000000000005d4c       0x30 Output/Debug/Obj/timer_pca10040/nrfx_uarte.o
 .text.nrf_gpio_cfg
                0x0000000000005d7c       0x62 Output/Debug/Obj/timer_pca10040/nrfx_uarte.o
 .text.nrf_gpio_cfg_output
                0x0000000000005dde       0x22 Output/Debug/Obj/timer_pca10040/nrfx_uarte.o
 .text.nrf_gpio_cfg_input
                0x0000000000005e00       0x2a Output/Debug/Obj/timer_pca10040/nrfx_uarte.o
 .text.nrf_gpio_cfg_default
                0x0000000000005e2a       0x22 Output/Debug/Obj/timer_pca10040/nrfx_uarte.o
 .text.nrf_gpio_pin_set
                0x0000000000005e4c       0x28 Output/Debug/Obj/timer_pca10040/nrfx_uarte.o
 .text.nrf_gpio_port_out_set
                0x0000000000005e74       0x14 Output/Debug/Obj/timer_pca10040/nrfx_uarte.o
 .text.nrf_gpio_pin_present_check
                0x0000000000005e88       0x40 Output/Debug/Obj/timer_pca10040/nrfx_uarte.o
 .text.apply_config
                0x0000000000005ec8       0xc6 Output/Debug/Obj/timer_pca10040/nrfx_uarte.o
 *fill*         0x0000000000005f8e        0x2 
 .text.interrupts_enable
                0x0000000000005f90       0x98 Output/Debug/Obj/timer_pca10040/nrfx_uarte.o
 .text.interrupts_disable
                0x0000000000006028       0x30 Output/Debug/Obj/timer_pca10040/nrfx_uarte.o
 .text.pins_to_default
                0x0000000000006058       0x8a Output/Debug/Obj/timer_pca10040/nrfx_uarte.o
 *fill*         0x00000000000060e2        0x2 
 .text.nrfx_uarte_init
                0x00000000000060e4       0xcc Output/Debug/Obj/timer_pca10040/nrfx_uarte.o
                0x00000000000060e4                nrfx_uarte_init
 .text.nrfx_uarte_uninit
                0x00000000000061b0       0xc4 Output/Debug/Obj/timer_pca10040/nrfx_uarte.o
                0x00000000000061b0                nrfx_uarte_uninit
 .text.nrfx_uarte_tx
                0x0000000000006274      0x17c Output/Debug/Obj/timer_pca10040/nrfx_uarte.o
                0x0000000000006274                nrfx_uarte_tx
 .text.nrfx_uarte_tx_in_progress
                0x00000000000063f0       0x30 Output/Debug/Obj/timer_pca10040/nrfx_uarte.o
                0x00000000000063f0                nrfx_uarte_tx_in_progress
 .text.rx_done_event
                0x0000000000006420       0x2e Output/Debug/Obj/timer_pca10040/nrfx_uarte.o
 .text.tx_done_event
                0x000000000000644e       0x34 Output/Debug/Obj/timer_pca10040/nrfx_uarte.o
 .text.uarte_irq_handler
                0x0000000000006482      0x18c Output/Debug/Obj/timer_pca10040/nrfx_uarte.o
 *fill*         0x000000000000660e        0x2 
 .text.nrfx_uarte_0_irq_handler
                0x0000000000006610       0x18 Output/Debug/Obj/timer_pca10040/nrfx_uarte.o
                0x0000000000006610                nrfx_uarte_0_irq_handler
 .text.nrfx_coredep_delay_us
                0x0000000000006628       0x30 Output/Debug/Obj/timer_pca10040/main.o
 .text.nrf_timer_frequency_get
                0x0000000000006658       0x12 Output/Debug/Obj/timer_pca10040/main.o
 *fill*         0x000000000000666a        0x2 
 .text.nrf_timer_ms_to_ticks
                0x000000000000666c       0xb8 Output/Debug/Obj/timer_pca10040/main.o
 .text.nrfx_timer_ms_to_ticks
                0x0000000000006724       0x26 Output/Debug/Obj/timer_pca10040/main.o
 *fill*         0x000000000000674a        0x2 
 .text.nrf_gpio_pin_port_decode
                0x000000000000674c       0x30 Output/Debug/Obj/timer_pca10040/main.o
 .text.nrf_gpio_cfg
                0x000000000000677c       0x62 Output/Debug/Obj/timer_pca10040/main.o
 .text.nrf_gpio_cfg_output
                0x00000000000067de       0x22 Output/Debug/Obj/timer_pca10040/main.o
 .text.nrf_gpio_pin_set
                0x0000000000006800       0x28 Output/Debug/Obj/timer_pca10040/main.o
 .text.nrf_gpio_pin_toggle
                0x0000000000006828       0x44 Output/Debug/Obj/timer_pca10040/main.o
 .text.nrf_gpio_port_out_set
                0x000000000000686c       0x14 Output/Debug/Obj/timer_pca10040/main.o
 .text.nrf_gpio_pin_present_check
                0x0000000000006880       0x40 Output/Debug/Obj/timer_pca10040/main.o
 .text.nrf_drv_saadc_init
                0x00000000000068c0       0x28 Output/Debug/Obj/timer_pca10040/main.o
 .text.nrf_drv_twi_enable
                0x00000000000068e8       0x18 Output/Debug/Obj/timer_pca10040/main.o
 .text.nrf_drv_twi_rx
                0x0000000000006900       0x38 Output/Debug/Obj/timer_pca10040/main.o
 .text.nrf_delay_ms
                0x0000000000006938       0x2a Output/Debug/Obj/timer_pca10040/main.o
 *fill*         0x0000000000006962        0x2 
 .text.twi_init
                0x0000000000006964       0x5c Output/Debug/Obj/timer_pca10040/main.o
                0x0000000000006964                twi_init
 .text.saadc_callback_handler
                0x00000000000069c0        0xa Output/Debug/Obj/timer_pca10040/main.o
                0x00000000000069c0                saadc_callback_handler
 *fill*         0x00000000000069ca        0x2 
 .text.saadc_init
                0x00000000000069cc       0xbc Output/Debug/Obj/timer_pca10040/main.o
                0x00000000000069cc                saadc_init
 .text.ADC_TO_VOLTS
                0x0000000000006a88       0x60 Output/Debug/Obj/timer_pca10040/main.o
                0x0000000000006a88                ADC_TO_VOLTS
 .text.log_init
                0x0000000000006ae8       0x30 Output/Debug/Obj/timer_pca10040/main.o
                0x0000000000006ae8                log_init
 .text.timer0_handler
                0x0000000000006b18      0x524 Output/Debug/Obj/timer_pca10040/main.o
                0x0000000000006b18                timer0_handler
 .text.timer_init
                0x000000000000703c       0x70 Output/Debug/Obj/timer_pca10040/main.o
                0x000000000000703c                timer_init
 *fill*         0x00000000000070ac        0x4 
 .text.main     0x00000000000070b0      0x628 Output/Debug/Obj/timer_pca10040/main.o
                0x00000000000070b0                main
 .text.__NVIC_SystemReset
                0x00000000000076d8       0x28 Output/Debug/Obj/timer_pca10040/system_nrf52.o
 .text.nrf52_errata_12
                0x0000000000007700       0x88 Output/Debug/Obj/timer_pca10040/system_nrf52.o
 .text.nrf52_errata_16
                0x0000000000007788       0x68 Output/Debug/Obj/timer_pca10040/system_nrf52.o
 .text.nrf52_errata_31
                0x00000000000077f0       0x88 Output/Debug/Obj/timer_pca10040/system_nrf52.o
 .text.nrf52_errata_32
                0x0000000000007878       0x68 Output/Debug/Obj/timer_pca10040/system_nrf52.o
 .text.nrf52_errata_36
                0x00000000000078e0       0x88 Output/Debug/Obj/timer_pca10040/system_nrf52.o
 .text.nrf52_errata_37
                0x0000000000007968       0x68 Output/Debug/Obj/timer_pca10040/system_nrf52.o
 .text.nrf52_errata_57
                0x00000000000079d0       0x68 Output/Debug/Obj/timer_pca10040/system_nrf52.o
 .text.nrf52_errata_66
                0x0000000000007a38       0x88 Output/Debug/Obj/timer_pca10040/system_nrf52.o
 .text.nrf52_errata_108
                0x0000000000007ac0       0x88 Output/Debug/Obj/timer_pca10040/system_nrf52.o
 .text.nrf52_errata_136
                0x0000000000007b48       0x88 Output/Debug/Obj/timer_pca10040/system_nrf52.o
 .text.nrf52_errata_182
                0x0000000000007bd0       0x60 Output/Debug/Obj/timer_pca10040/system_nrf52.o
 .text.nrf52_errata_249
                0x0000000000007c30       0x60 Output/Debug/Obj/timer_pca10040/system_nrf52.o
 .text.nrf52_handle_approtect
                0x0000000000007c90       0x20 Output/Debug/Obj/timer_pca10040/system_nrf52.o
 .text.nvmc_wait
                0x0000000000007cb0       0x18 Output/Debug/Obj/timer_pca10040/system_nrf52.o
                0x0000000000007cb0                nvmc_wait
 .text.nvmc_config
                0x0000000000007cc8       0x20 Output/Debug/Obj/timer_pca10040/system_nrf52.o
                0x0000000000007cc8                nvmc_config
 .text.SystemCoreClockUpdate
                0x0000000000007ce8       0x14 Output/Debug/Obj/timer_pca10040/system_nrf52.o
                0x0000000000007ce8                SystemCoreClockUpdate
 .text.SystemInit
                0x0000000000007cfc      0x2ac Output/Debug/Obj/timer_pca10040/system_nrf52.o
                0x0000000000007cfc                SystemInit
 .text._DoInit  0x0000000000007fa8       0x9c Output/Debug/Obj/timer_pca10040/SEGGER_RTT.o
 .text._WriteBlocking
                0x0000000000008044       0xb2 Output/Debug/Obj/timer_pca10040/SEGGER_RTT.o
 .text._WriteNoCheck
                0x00000000000080f6       0x7e Output/Debug/Obj/timer_pca10040/SEGGER_RTT.o
 .text._GetAvailWriteSpace
                0x0000000000008174       0x3c Output/Debug/Obj/timer_pca10040/SEGGER_RTT.o
 .text.SEGGER_RTT_WriteNoLock
                0x00000000000081b0       0xa0 Output/Debug/Obj/timer_pca10040/SEGGER_RTT.o
                0x00000000000081b0                SEGGER_RTT_WriteNoLock
 .text.SEGGER_RTT_Write
                0x0000000000008250       0x3c Output/Debug/Obj/timer_pca10040/SEGGER_RTT.o
                0x0000000000008250                SEGGER_RTT_Write
 .text.SEGGER_RTT_WriteString
                0x000000000000828c       0x24 Output/Debug/Obj/timer_pca10040/SEGGER_RTT.o
                0x000000000000828c                SEGGER_RTT_WriteString
 .text.SEGGER_RTT_Init
                0x00000000000082b0        0xa Output/Debug/Obj/timer_pca10040/SEGGER_RTT.o
                0x00000000000082b0                SEGGER_RTT_Init
 .text.printf   0x00000000000082ba       0x4c Output/Debug/Obj/timer_pca10040/SEGGER_RTT_Syscalls_SES.o
                0x00000000000082ba                printf
 .text.puts     0x0000000000008306       0x18 Output/Debug/Obj/timer_pca10040/SEGGER_RTT_Syscalls_SES.o
                0x0000000000008306                puts
 .text.__putchar
                0x000000000000831e       0x1e Output/Debug/Obj/timer_pca10040/SEGGER_RTT_Syscalls_SES.o
                0x000000000000831e                __putchar
 .text.scd4x_start_periodic_measurement
                0x000000000000833c       0x54 Output/Debug/Obj/timer_pca10040/scd4x_i2c.o
                0x000000000000833c                scd4x_start_periodic_measurement
 .text.scd4x_read_measurement_ticks
                0x0000000000008390       0xae Output/Debug/Obj/timer_pca10040/scd4x_i2c.o
                0x0000000000008390                scd4x_read_measurement_ticks
 .text.scd4x_read_measurement
                0x000000000000843e       0x64 Output/Debug/Obj/timer_pca10040/scd4x_i2c.o
                0x000000000000843e                scd4x_read_measurement
 *fill*         0x00000000000084a2        0x2 
 .text.scd4x_stop_periodic_measurement
                0x00000000000084a4       0x58 Output/Debug/Obj/timer_pca10040/scd4x_i2c.o
                0x00000000000084a4                scd4x_stop_periodic_measurement
 .text.scd4x_get_data_ready_flag
                0x00000000000084fc       0xa0 Output/Debug/Obj/timer_pca10040/scd4x_i2c.o
                0x00000000000084fc                scd4x_get_data_ready_flag
 .text.scd4x_reinit
                0x000000000000859c       0x54 Output/Debug/Obj/timer_pca10040/scd4x_i2c.o
                0x000000000000859c                scd4x_reinit
 .text.scd4x_wake_up
                0x00000000000085f0       0x40 Output/Debug/Obj/timer_pca10040/scd4x_i2c.o
                0x00000000000085f0                scd4x_wake_up
 .text.sensirion_common_bytes_to_uint16_t
                0x0000000000008630       0x20 Output/Debug/Obj/timer_pca10040/sensirion_common.o
                0x0000000000008630                sensirion_common_bytes_to_uint16_t
 .text.sensirion_common_bytes_to_uint32_t
                0x0000000000008650       0x2c Output/Debug/Obj/timer_pca10040/sensirion_common.o
                0x0000000000008650                sensirion_common_bytes_to_uint32_t
 .text.sensirion_common_bytes_to_float
                0x000000000000867c       0x20 Output/Debug/Obj/timer_pca10040/sensirion_common.o
                0x000000000000867c                sensirion_common_bytes_to_float
 .text.sensirion_i2c_generate_crc
                0x000000000000869c       0x8c Output/Debug/Obj/timer_pca10040/sensirion_i2c.o
                0x000000000000869c                sensirion_i2c_generate_crc
 .text.sensirion_i2c_check_crc
                0x0000000000008728       0x38 Output/Debug/Obj/timer_pca10040/sensirion_i2c.o
                0x0000000000008728                sensirion_i2c_check_crc
 .text.sensirion_i2c_fill_cmd_send_buf
                0x0000000000008760       0xec Output/Debug/Obj/timer_pca10040/sensirion_i2c.o
                0x0000000000008760                sensirion_i2c_fill_cmd_send_buf
 .text.sensirion_i2c_read_words_as_bytes
                0x000000000000884c       0xe0 Output/Debug/Obj/timer_pca10040/sensirion_i2c.o
                0x000000000000884c                sensirion_i2c_read_words_as_bytes
 .text.sensirion_i2c_write_cmd
                0x000000000000892c       0x3a Output/Debug/Obj/timer_pca10040/sensirion_i2c.o
                0x000000000000892c                sensirion_i2c_write_cmd
 .text.sensirion_i2c_write_cmd_with_args
                0x0000000000008966       0x4e Output/Debug/Obj/timer_pca10040/sensirion_i2c.o
                0x0000000000008966                sensirion_i2c_write_cmd_with_args
 .text.sensirion_i2c_add_command_to_buffer
                0x00000000000089b4       0x4e Output/Debug/Obj/timer_pca10040/sensirion_i2c.o
                0x00000000000089b4                sensirion_i2c_add_command_to_buffer
 .text.sensirion_i2c_write_data
                0x0000000000008a02       0x2e Output/Debug/Obj/timer_pca10040/sensirion_i2c.o
                0x0000000000008a02                sensirion_i2c_write_data
 .text.sensirion_i2c_read_data_inplace
                0x0000000000008a30       0xf2 Output/Debug/Obj/timer_pca10040/sensirion_i2c.o
                0x0000000000008a30                sensirion_i2c_read_data_inplace
 *fill*         0x0000000000008b22        0x2 
 .text.nrfx_coredep_delay_us
                0x0000000000008b24       0x30 Output/Debug/Obj/timer_pca10040/sensirion_i2c_hal.o
 .text.nrf_drv_twi_tx
                0x0000000000008b54       0x40 Output/Debug/Obj/timer_pca10040/sensirion_i2c_hal.o
 .text.nrf_drv_twi_rx
                0x0000000000008b94       0x38 Output/Debug/Obj/timer_pca10040/sensirion_i2c_hal.o
 .text.sensirion_i2c_hal_read
                0x0000000000008bcc       0x3c Output/Debug/Obj/timer_pca10040/sensirion_i2c_hal.o
                0x0000000000008bcc                sensirion_i2c_hal_read
 .text.sensirion_i2c_hal_write
                0x0000000000008c08       0x40 Output/Debug/Obj/timer_pca10040/sensirion_i2c_hal.o
                0x0000000000008c08                sensirion_i2c_hal_write
 .text.sensirion_i2c_hal_sleep_usec
                0x0000000000008c48       0x14 Output/Debug/Obj/timer_pca10040/sensirion_i2c_hal.o
                0x0000000000008c48                sensirion_i2c_hal_sleep_usec
 .text.sps30_start_measurement
                0x0000000000008c5c       0x32 Output/Debug/Obj/timer_pca10040/sps30.o
                0x0000000000008c5c                sps30_start_measurement
 .text.sps30_read_measurement
                0x0000000000008c8e      0x114 Output/Debug/Obj/timer_pca10040/sps30.o
                0x0000000000008c8e                sps30_read_measurement
 *fill*         0x0000000000008da2        0x2 
 .text.nrfx_coredep_delay_us
                0x0000000000008da4       0x30 Output/Debug/Obj/timer_pca10040/bme280.o
 .text.nrf_delay_ms
                0x0000000000008dd4       0x2a Output/Debug/Obj/timer_pca10040/bme280.o
 .text.nrf_drv_twi_tx
                0x0000000000008dfe       0x40 Output/Debug/Obj/timer_pca10040/bme280.o
 .text.nrf_drv_twi_rx
                0x0000000000008e3e       0x38 Output/Debug/Obj/timer_pca10040/bme280.o
 .text.bme280_delay_us
                0x0000000000008e76       0x16 Output/Debug/Obj/timer_pca10040/bme280.o
                0x0000000000008e76                bme280_delay_us
 .text.bme280_i2c_read
                0x0000000000008e8c       0x5c Output/Debug/Obj/timer_pca10040/bme280.o
                0x0000000000008e8c                bme280_i2c_read
 .text.bme280_i2c_write
                0x0000000000008ee8       0x70 Output/Debug/Obj/timer_pca10040/bme280.o
                0x0000000000008ee8                bme280_i2c_write
 .text.bme280_init
                0x0000000000008f58       0xb6 Output/Debug/Obj/timer_pca10040/bme280.o
                0x0000000000008f58                bme280_init
 .text.bme280_get_regs
                0x000000000000900e       0x82 Output/Debug/Obj/timer_pca10040/bme280.o
                0x000000000000900e                bme280_get_regs
 .text.bme280_set_regs
                0x0000000000009090      0x10a Output/Debug/Obj/timer_pca10040/bme280.o
                0x0000000000009090                bme280_set_regs
 .text.bme280_set_sensor_settings
                0x000000000000919a       0xbe Output/Debug/Obj/timer_pca10040/bme280.o
                0x000000000000919a                bme280_set_sensor_settings
 .text.bme280_set_sensor_mode
                0x0000000000009258       0x74 Output/Debug/Obj/timer_pca10040/bme280.o
                0x0000000000009258                bme280_set_sensor_mode
 .text.bme280_get_sensor_mode
                0x00000000000092cc       0x56 Output/Debug/Obj/timer_pca10040/bme280.o
                0x00000000000092cc                bme280_get_sensor_mode
 .text.bme280_soft_reset
                0x0000000000009322       0xb2 Output/Debug/Obj/timer_pca10040/bme280.o
                0x0000000000009322                bme280_soft_reset
 .text.bme280_get_sensor_data
                0x00000000000093d4       0x8a Output/Debug/Obj/timer_pca10040/bme280.o
                0x00000000000093d4                bme280_get_sensor_data
 .text.bme280_parse_sensor_data
                0x000000000000945e       0x82 Output/Debug/Obj/timer_pca10040/bme280.o
                0x000000000000945e                bme280_parse_sensor_data
 .text.bme280_compensate_data
                0x00000000000094e0       0xcc Output/Debug/Obj/timer_pca10040/bme280.o
                0x00000000000094e0                bme280_compensate_data
 .text.set_osr_settings
                0x00000000000095ac       0x5a Output/Debug/Obj/timer_pca10040/bme280.o
 .text.set_osr_humidity_settings
                0x0000000000009606       0x7c Output/Debug/Obj/timer_pca10040/bme280.o
 .text.set_osr_press_temp_settings
                0x0000000000009682       0x84 Output/Debug/Obj/timer_pca10040/bme280.o
 .text.set_filter_standby_settings
                0x0000000000009706       0x84 Output/Debug/Obj/timer_pca10040/bme280.o
 .text.fill_filter_settings
                0x000000000000978a       0x2c Output/Debug/Obj/timer_pca10040/bme280.o
 .text.fill_standby_settings
                0x00000000000097b6       0x26 Output/Debug/Obj/timer_pca10040/bme280.o
 .text.fill_osr_press_settings
                0x00000000000097dc       0x2c Output/Debug/Obj/timer_pca10040/bme280.o
 .text.fill_osr_temp_settings
                0x0000000000009808       0x26 Output/Debug/Obj/timer_pca10040/bme280.o
 .text.parse_device_settings
                0x000000000000982e       0x5e Output/Debug/Obj/timer_pca10040/bme280.o
 .text.write_power_mode
                0x000000000000988c       0x6e Output/Debug/Obj/timer_pca10040/bme280.o
 .text.put_device_to_sleep
                0x00000000000098fa       0x5c Output/Debug/Obj/timer_pca10040/bme280.o
 .text.reload_device_settings
                0x0000000000009956       0x3c Output/Debug/Obj/timer_pca10040/bme280.o
 *fill*         0x0000000000009992        0x2 
 .text.compensate_temperature
                0x0000000000009994      0x1a0 Output/Debug/Obj/timer_pca10040/bme280.o
 *fill*         0x0000000000009b34        0x4 
 .text.compensate_pressure
                0x0000000000009b38      0x39c Output/Debug/Obj/timer_pca10040/bme280.o
 .text.compensate_humidity
                0x0000000000009ed4      0x23c Output/Debug/Obj/timer_pca10040/bme280.o
 .text.get_calib_data
                0x000000000000a110       0x7e Output/Debug/Obj/timer_pca10040/bme280.o
 .text.interleave_reg_addr
                0x000000000000a18e       0x62 Output/Debug/Obj/timer_pca10040/bme280.o
 .text.parse_temp_press_calib_data
                0x000000000000a1f0      0x154 Output/Debug/Obj/timer_pca10040/bme280.o
 .text.parse_humidity_calib_data
                0x000000000000a344       0xa2 Output/Debug/Obj/timer_pca10040/bme280.o
 .text.are_settings_changed
                0x000000000000a3e6       0x3e Output/Debug/Obj/timer_pca10040/bme280.o
 .text.null_ptr_check
                0x000000000000a424       0x3a Output/Debug/Obj/timer_pca10040/bme280.o
 .text.nrf_drv_twi_tx
                0x000000000000a45e       0x40 Output/Debug/Obj/timer_pca10040/lis3dh_acc_driver.o
 .text.nrf_drv_twi_rx
                0x000000000000a49e       0x38 Output/Debug/Obj/timer_pca10040/lis3dh_acc_driver.o
 *fill*         0x000000000000a4d6        0x2 
 .text.lis3dh_register_write
                0x000000000000a4d8       0x4c Output/Debug/Obj/timer_pca10040/lis3dh_acc_driver.o
                0x000000000000a4d8                lis3dh_register_write
 .text.lis3dh_register_read
                0x000000000000a524       0x64 Output/Debug/Obj/timer_pca10040/lis3dh_acc_driver.o
                0x000000000000a524                lis3dh_register_read
 .text.lis3dh_verify_product_id
                0x000000000000a588       0x88 Output/Debug/Obj/timer_pca10040/lis3dh_acc_driver.o
                0x000000000000a588                lis3dh_verify_product_id
 .text.lis3dh_init
                0x000000000000a610       0x5c Output/Debug/Obj/timer_pca10040/lis3dh_acc_driver.o
                0x000000000000a610                lis3dh_init
 .text.lis3dh_ReadAcc
                0x000000000000a66c       0x9a Output/Debug/Obj/timer_pca10040/lis3dh_acc_driver.o
                0x000000000000a66c                lis3dh_ReadAcc
 *fill*         0x000000000000a706        0x2 
 .text.__aeabi_dadd
                0x000000000000a708      0x244 C:/Program Files/SEGGER/SEGGER Embedded Studio for ARM 5.70a/lib/libm_v7em_fpv4_sp_d16_hard_t_le_eabi.a(libm_asm.o)
                0x000000000000a708                __aeabi_dadd
 .text.__aeabi_dsub
                0x000000000000a94c        0x8 C:/Program Files/SEGGER/SEGGER Embedded Studio for ARM 5.70a/lib/libm_v7em_fpv4_sp_d16_hard_t_le_eabi.a(libm_asm.o)
                0x000000000000a94c                __aeabi_dsub
 .text.__aeabi_dmul
                0x000000000000a954      0x138 C:/Program Files/SEGGER/SEGGER Embedded Studio for ARM 5.70a/lib/libm_v7em_fpv4_sp_d16_hard_t_le_eabi.a(libm_asm.o)
                0x000000000000a954                __aeabi_dmul
 .text.__aeabi_ddiv
                0x000000000000aa8c      0x1cc C:/Program Files/SEGGER/SEGGER Embedded Studio for ARM 5.70a/lib/libm_v7em_fpv4_sp_d16_hard_t_le_eabi.a(libm_asm.o)
                0x000000000000aa8c                __aeabi_ddiv
 .text.__aeabi_dcmple
                0x000000000000ac58       0x3c C:/Program Files/SEGGER/SEGGER Embedded Studio for ARM 5.70a/lib/libm_v7em_fpv4_sp_d16_hard_t_le_eabi.a(libm_asm.o)
                0x000000000000ac58                __aeabi_dcmple
 .text.__aeabi_dcmpeq
                0x000000000000ac94       0x34 C:/Program Files/SEGGER/SEGGER Embedded Studio for ARM 5.70a/lib/libm_v7em_fpv4_sp_d16_hard_t_le_eabi.a(libm_asm.o)
                0x000000000000ac94                __aeabi_dcmpeq
 .text.__aeabi_dcmpge
                0x000000000000acc8       0x3c C:/Program Files/SEGGER/SEGGER Embedded Studio for ARM 5.70a/lib/libm_v7em_fpv4_sp_d16_hard_t_le_eabi.a(libm_asm.o)
                0x000000000000acc8                __aeabi_dcmpge
 .text.__aeabi_dcmpgt
                0x000000000000ad04       0x38 C:/Program Files/SEGGER/SEGGER Embedded Studio for ARM 5.70a/lib/libm_v7em_fpv4_sp_d16_hard_t_le_eabi.a(libm_asm.o)
                0x000000000000ad04                __aeabi_dcmpgt
 .text.__aeabi_dcmplt
                0x000000000000ad3c       0x38 C:/Program Files/SEGGER/SEGGER Embedded Studio for ARM 5.70a/lib/libm_v7em_fpv4_sp_d16_hard_t_le_eabi.a(libm_asm.o)
                0x000000000000ad3c                __aeabi_dcmplt
 .text.__aeabi_d2iz
                0x000000000000ad74       0x4c C:/Program Files/SEGGER/SEGGER Embedded Studio for ARM 5.70a/lib/libm_v7em_fpv4_sp_d16_hard_t_le_eabi.a(libm_asm.o)
                0x000000000000ad74                __aeabi_d2iz
 .text.__aeabi_i2d
                0x000000000000adc0       0x28 C:/Program Files/SEGGER/SEGGER Embedded Studio for ARM 5.70a/lib/libm_v7em_fpv4_sp_d16_hard_t_le_eabi.a(libm_asm.o)
                0x000000000000adc0                __aeabi_i2d
 .text.__aeabi_ui2d
                0x000000000000ade8       0x1c C:/Program Files/SEGGER/SEGGER Embedded Studio for ARM 5.70a/lib/libm_v7em_fpv4_sp_d16_hard_t_le_eabi.a(libm_asm.o)
                0x000000000000ade8                __aeabi_ui2d
 .text.__aeabi_f2d
                0x000000000000ae04       0x34 C:/Program Files/SEGGER/SEGGER Embedded Studio for ARM 5.70a/lib/libm_v7em_fpv4_sp_d16_hard_t_le_eabi.a(libm_asm.o)
                0x000000000000ae04                __aeabi_f2d
 .text.__aeabi_d2f
                0x000000000000ae38       0x54 C:/Program Files/SEGGER/SEGGER Embedded Studio for ARM 5.70a/lib/libm_v7em_fpv4_sp_d16_hard_t_le_eabi.a(libm_asm.o)
                0x000000000000ae38                __aeabi_d2f
 .text.__float64_isnan
                0x000000000000ae8c       0x14 C:/Program Files/SEGGER/SEGGER Embedded Studio for ARM 5.70a/lib/libm_v7em_fpv4_sp_d16_hard_t_le_eabi.a(libm_asm.o)
                0x000000000000ae8c                __float64_isnan
 .text.fabs     0x000000000000aea0       0x10 C:/Program Files/SEGGER/SEGGER Embedded Studio for ARM 5.70a/lib/libm_v7em_fpv4_sp_d16_hard_t_le_eabi.a(libm_asm.o)
                0x000000000000aea0                fabs(double)
                0x000000000000aea0                fabs
 .text.libc.frexp
                0x000000000000aeb0       0x50 C:/Program Files/SEGGER/SEGGER Embedded Studio for ARM 5.70a/lib/libm_v7em_fpv4_sp_d16_hard_t_le_eabi.a(libm2.o)
                0x000000000000aeb0                frexpl(long double, int*)
                0x000000000000aeb0                frexpl
                0x000000000000aeb0                frexp
                0x000000000000aeb0                frexp(double, int*)
 .text.libc.ldexp
                0x000000000000af00       0x7c C:/Program Files/SEGGER/SEGGER Embedded Studio for ARM 5.70a/lib/libm_v7em_fpv4_sp_d16_hard_t_le_eabi.a(libm2.o)
                0x000000000000af00                ldexpl(long double, int)
                0x000000000000af00                ldexp
                0x000000000000af00                ldexpl
                0x000000000000af00                ldexp(double, int)
 *fill*         0x000000000000af7c        0x4 
 .text.libc.exp
                0x000000000000af80      0x200 C:/Program Files/SEGGER/SEGGER Embedded Studio for ARM 5.70a/lib/libm_v7em_fpv4_sp_d16_hard_t_le_eabi.a(libm2.o)
                0x000000000000af80                expl(long double)
                0x000000000000af80                exp
                0x000000000000af80                expl
                0x000000000000af80                exp(double)
 .text.libc.log
                0x000000000000b180      0x230 C:/Program Files/SEGGER/SEGGER Embedded Studio for ARM 5.70a/lib/libm_v7em_fpv4_sp_d16_hard_t_le_eabi.a(libm2.o)
                0x000000000000b180                log(double)
                0x000000000000b180                logl
                0x000000000000b180                logl(long double)
                0x000000000000b180                log
 .text.libc.log10
                0x000000000000b3b0       0x28 C:/Program Files/SEGGER/SEGGER Embedded Studio for ARM 5.70a/lib/libm_v7em_fpv4_sp_d16_hard_t_le_eabi.a(libm2.o)
                0x000000000000b3b0                log10
                0x000000000000b3b0                log10l
                0x000000000000b3b0                log10l(long double)
                0x000000000000b3b0                log10(double)
 .text.libc.pow
                0x000000000000b3d8      0x168 C:/Program Files/SEGGER/SEGGER Embedded Studio for ARM 5.70a/lib/libm_v7em_fpv4_sp_d16_hard_t_le_eabi.a(libm2.o)
                0x000000000000b3d8                pow
                0x000000000000b3d8                powl(long double, long double)
                0x000000000000b3d8                powl
                0x000000000000b3d8                pow(double, double)
 .text.libc.__RAL_ascii_isctype
                0x000000000000b540       0x1c C:/Program Files/SEGGER/SEGGER Embedded Studio for ARM 5.70a/lib/libc_v7em_fpv4_sp_d16_hard_t_le_eabi.a(libc2.o)
 .text.libc.__RAL_ascii_toupper
                0x000000000000b55c        0xc C:/Program Files/SEGGER/SEGGER Embedded Studio for ARM 5.70a/lib/libc_v7em_fpv4_sp_d16_hard_t_le_eabi.a(libc2.o)
 .text.libc.__RAL_ascii_tolower
                0x000000000000b568        0xc C:/Program Files/SEGGER/SEGGER Embedded Studio for ARM 5.70a/lib/libc_v7em_fpv4_sp_d16_hard_t_le_eabi.a(libc2.o)
 .text.libc.__RAL_ascii_wctomb
                0x000000000000b574       0x10 C:/Program Files/SEGGER/SEGGER Embedded Studio for ARM 5.70a/lib/libc_v7em_fpv4_sp_d16_hard_t_le_eabi.a(libc2.o)
                0x000000000000b574                __RAL_ascii_wctomb
 .text.libc.__RAL_ascii_mbtowc
                0x000000000000b584       0x24 C:/Program Files/SEGGER/SEGGER Embedded Studio for ARM 5.70a/lib/libc_v7em_fpv4_sp_d16_hard_t_le_eabi.a(libc2.o)
                0x000000000000b584                __RAL_ascii_mbtowc
 .text.libc.__RAL_ascii_towupper
                0x000000000000b5a8        0xc C:/Program Files/SEGGER/SEGGER Embedded Studio for ARM 5.70a/lib/libc_v7em_fpv4_sp_d16_hard_t_le_eabi.a(libc2.o)
 .text.libc.__RAL_ascii_towlower
                0x000000000000b5b4        0xc C:/Program Files/SEGGER/SEGGER Embedded Studio for ARM 5.70a/lib/libc_v7em_fpv4_sp_d16_hard_t_le_eabi.a(libc2.o)
 .text.libc.__RAL_ascii_iswctype
                0x000000000000b5c0       0x1c C:/Program Files/SEGGER/SEGGER Embedded Studio for ARM 5.70a/lib/libc_v7em_fpv4_sp_d16_hard_t_le_eabi.a(libc2.o)
 .text.libc.__putc
                0x000000000000b5dc       0x34 C:/Program Files/SEGGER/SEGGER Embedded Studio for ARM 5.70a/lib/libc_v7em_fpv4_sp_d16_hard_t_le_eabi.a(libc2.o)
                0x000000000000b5dc                __putc
 .text.libc.__RAL_print_padding
                0x000000000000b610       0x54 C:/Program Files/SEGGER/SEGGER Embedded Studio for ARM 5.70a/lib/libc_v7em_fpv4_sp_d16_hard_t_le_eabi.a(libc2.o)
                0x000000000000b610                __RAL_print_padding
 .text.libc.__RAL_pre_padding
                0x000000000000b664       0x64 C:/Program Files/SEGGER/SEGGER Embedded Studio for ARM 5.70a/lib/libc_v7em_fpv4_sp_d16_hard_t_le_eabi.a(libc2.o)
                0x000000000000b664                __RAL_pre_padding
 .text.libc.isprint
                0x000000000000b6c8       0x10 C:/Program Files/SEGGER/SEGGER Embedded Studio for ARM 5.70a/lib/libc_v7em_fpv4_sp_d16_hard_t_le_eabi.a(libc2.o)
                0x000000000000b6c8                isprint
 .text.libc.__aeabi_errno_addr
                0x000000000000b6d8       0x14 C:/Program Files/SEGGER/SEGGER Embedded Studio for ARM 5.70a/lib/libc_v7em_fpv4_sp_d16_hard_t_le_eabi.a(libc2.o)
                0x000000000000b6d8                __aeabi_errno_addr
 .text.libc.putchar
                0x000000000000b6ec       0x20 C:/Program Files/SEGGER/SEGGER Embedded Studio for ARM 5.70a/lib/libc_v7em_fpv4_sp_d16_hard_t_le_eabi.a(libc2.o)
                0x000000000000b6ec                putchar
 .text.libc.strnlen
                0x000000000000b70c       0x28 C:/Program Files/SEGGER/SEGGER Embedded Studio for ARM 5.70a/lib/libc_v7em_fpv4_sp_d16_hard_t_le_eabi.a(libc2.o)
                0x000000000000b70c                strnlen
 .text.libc.vsnprintf
                0x000000000000b734       0x20 C:/Program Files/SEGGER/SEGGER Embedded Studio for ARM 5.70a/lib/libc_v7em_fpv4_sp_d16_hard_t_le_eabi.a(libc2.o)
                0x000000000000b734                vsnprintf
 .text.libc.memcpy
                0x000000000000b754       0x52 C:/Program Files/SEGGER/SEGGER Embedded Studio for ARM 5.70a/lib/libc_v7em_fpv4_sp_d16_hard_t_le_eabi.a(libc2_asm.o)
                0x000000000000b754                __aeabi_memcpy
                0x000000000000b754                memcpy
                0x000000000000b760                __aeabi_memcpy8
                0x000000000000b760                __aeabi_memcpy4
 .text.libc.strlen
                0x000000000000b7a6       0x60 C:/Program Files/SEGGER/SEGGER Embedded Studio for ARM 5.70a/lib/libc_v7em_fpv4_sp_d16_hard_t_le_eabi.a(libc2_asm.o)
                0x000000000000b7a6                strlen
 *fill*         0x000000000000b806        0x2 
 .text.libc.__vfprintf_long
                0x000000000000b808      0x5fc C:/Program Files/SEGGER/SEGGER Embedded Studio for ARM 5.70a/lib/libc_v7em_fpv4_sp_d16_hard_t_le_eabi.a(libvfprintf.o)
                0x000000000000b808                __vfprintf_long
 .text.libc.__printf_lock
                0x000000000000be04        0x4 C:/Program Files/SEGGER/SEGGER Embedded Studio for ARM 5.70a/lib/libc_v7em_fpv4_sp_d16_hard_t_le_eabi.a(libc.o)
                0x000000000000be04                __printf_lock
 .text.libc.__printf_unlock
                0x000000000000be08        0x4 C:/Program Files/SEGGER/SEGGER Embedded Studio for ARM 5.70a/lib/libc_v7em_fpv4_sp_d16_hard_t_le_eabi.a(libc.o)
                0x000000000000be08                __printf_unlock
                0x000000000000be0c                . = ALIGN (MAX ((__text_start__ + 0x4), .), 0x4)
                0x000000000000be0c                __text_end__ = (__text_start__ + SIZEOF (.text))
                0x000000000000ba3c                __text_size__ = SIZEOF (.text)
                0x000000000000be0c                __text_load_end__ = __text_end__

.vfp11_veneer   0x0000000100000000        0x0
 .vfp11_veneer  0x0000000100000000        0x0 linker stubs

.v4_bx          0x0000000100000000        0x0
 .v4_bx         0x0000000100000000        0x0 linker stubs

.iplt           0x0000000100000000        0x0
 .iplt          0x0000000100000000        0x0 Output/Debug/Obj/timer_pca10040/thumb_crt0.o
                0x0000000000000001                . = ASSERT (((__text_start__ == __text_end__) || ((__text_end__ - __FLASH1_segment_start__) <= __FLASH1_segment_size__)), error: .text is too large to fit in FLASH1 memory segment)
                0x000000000000be0c                __log_const_data_load_start__ = ALIGN (__text_end__, 0x4)

.log_const_data
                0x000000000000be0c       0x38
                0x000000000000be0c                __log_const_data_start__ = .
                0x000000000000be0c                __start_log_const_data = __log_const_data_start__
 *(SORT_BY_NAME(.log_const_data*))
 .log_const_data_PRS
                0x000000000000be0c        0x8 Output/Debug/Obj/timer_pca10040/nrfx_prs.o
                0x000000000000be0c                m_nrf_log_PRS_logs_data_const
 .log_const_data_SAADC
                0x000000000000be14        0x8 Output/Debug/Obj/timer_pca10040/nrfx_saadc.o
                0x000000000000be14                m_nrf_log_SAADC_logs_data_const
 .log_const_data_TIMER
                0x000000000000be1c        0x8 Output/Debug/Obj/timer_pca10040/nrfx_timer.o
                0x000000000000be1c                m_nrf_log_TIMER_logs_data_const
 .log_const_data_TWIM
                0x000000000000be24        0x8 Output/Debug/Obj/timer_pca10040/nrfx_twim.o
                0x000000000000be24                m_nrf_log_TWIM_logs_data_const
 .log_const_data_UART
                0x000000000000be2c        0x8 Output/Debug/Obj/timer_pca10040/nrfx_uart.o
                0x000000000000be2c                m_nrf_log_UART_logs_data_const
 .log_const_data_UARTE
                0x000000000000be34        0x8 Output/Debug/Obj/timer_pca10040/nrfx_uarte.o
                0x000000000000be34                m_nrf_log_UARTE_logs_data_const
 .log_const_data_app
                0x000000000000be3c        0x8 Output/Debug/Obj/timer_pca10040/nrf_log_frontend.o
                0x000000000000be3c                m_nrf_log_app_logs_data_const
                0x000000000000be44                __log_const_data_end__ = (__log_const_data_start__ + SIZEOF (.log_const_data))
                0x0000000000000038                __log_const_data_size__ = SIZEOF (.log_const_data)
                0x000000000000be44                __stop_log_const_data = __log_const_data_end__
                0x000000000000be44                __log_const_data_load_end__ = __log_const_data_end__
                0x0000000000000001                . = ASSERT (((__log_const_data_start__ == __log_const_data_end__) || ((__log_const_data_end__ - __FLASH1_segment_start__) <= __FLASH1_segment_size__)), error: .log_const_data is too large to fit in FLASH1 memory segment)
                0x000000000000be44                __log_backends_load_start__ = ALIGN (__log_const_data_end__, 0x4)

.log_backends   0x000000000000be44       0x20
                0x000000000000be44                __log_backends_start__ = .
                0x000000000000be44                __start_log_backends = __log_backends_start__
 *(SORT_BY_NAME(.log_backends*))
 .log_backends  0x000000000000be44       0x20 Output/Debug/Obj/timer_pca10040/nrf_log_default_backends.o
                0x000000000000be64                __log_backends_end__ = (__log_backends_start__ + SIZEOF (.log_backends))
                0x0000000000000020                __log_backends_size__ = SIZEOF (.log_backends)
                0x000000000000be64                __stop_log_backends = __log_backends_end__
                0x000000000000be64                __log_backends_load_end__ = __log_backends_end__
                0x0000000000000001                . = ASSERT (((__log_backends_start__ == __log_backends_end__) || ((__log_backends_end__ - __FLASH1_segment_start__) <= __FLASH1_segment_size__)), error: .log_backends is too large to fit in FLASH1 memory segment)
                0x000000000000be64                __nrf_balloc_load_start__ = ALIGN (__log_backends_end__, 0x4)

.nrf_balloc     0x000000000000be64       0x14
                0x000000000000be64                __nrf_balloc_start__ = .
                0x000000000000be64                __start_nrf_balloc = __nrf_balloc_start__
 *(.nrf_balloc*)
 .nrf_balloc    0x000000000000be64       0x14 Output/Debug/Obj/timer_pca10040/nrf_log_frontend.o
                0x000000000000be64                log_mempool
                0x000000000000be78                __nrf_balloc_end__ = (__nrf_balloc_start__ + SIZEOF (.nrf_balloc))
                0x0000000000000014                __nrf_balloc_size__ = SIZEOF (.nrf_balloc)
                0x000000000000be78                __stop_nrf_balloc = __nrf_balloc_end__
                0x000000000000be78                __nrf_balloc_load_end__ = __nrf_balloc_end__
                0x0000000000000001                . = ASSERT (((__nrf_balloc_start__ == __nrf_balloc_end__) || ((__nrf_balloc_end__ - __FLASH1_segment_start__) <= __FLASH1_segment_size__)), error: .nrf_balloc is too large to fit in FLASH1 memory segment)
                0x000000000000be78                __nrf_sections_load_start__ = ALIGN (__nrf_balloc_end__, 0x4)

.nrf_sections   0x000000000000be78        0x0
                0x000000000000be78                __nrf_sections_start__ = .
                0x000000000000be78                __start_nrf_sections = __nrf_sections_start__
 *(.nrf_sections .nrf_sections.*)
                0x000000000000be78                __nrf_sections_end__ = (__nrf_sections_start__ + SIZEOF (.nrf_sections))
                0x0000000000000000                __nrf_sections_size__ = SIZEOF (.nrf_sections)
                0x000000000000be78                __nrf_sections_load_end__ = __nrf_sections_end__
                0x0000000000000001                . = ASSERT (((__nrf_sections_start__ == __nrf_sections_end__) || ((__nrf_sections_end__ - __FLASH1_segment_start__) <= __FLASH1_segment_size__)), error: .nrf_sections is too large to fit in FLASH1 memory segment)
                0x000000000000be78                __log_dynamic_data_load_start__ = ALIGN (__nrf_sections_end__, 0x4)

.log_dynamic_data
                0x0000000020000000        0x0 load address 0x000000000000be78
                0x0000000020000000                __log_dynamic_data_start__ = .
 *(SORT_BY_NAME(.log_dynamic_data*))
                0x0000000020000000                __log_dynamic_data_end__ = (__log_dynamic_data_start__ + SIZEOF (.log_dynamic_data))
                0x0000000000000000                __log_dynamic_data_size__ = SIZEOF (.log_dynamic_data)
                0x000000000000be78                __log_dynamic_data_load_end__ = (__log_dynamic_data_load_start__ + SIZEOF (.log_dynamic_data))
                0x0000000000000001                . = ASSERT (((__log_dynamic_data_load_start__ == __log_dynamic_data_load_end__) || ((__log_dynamic_data_load_end__ - __FLASH1_segment_start__) <= __FLASH1_segment_size__)), error: .log_dynamic_data is too large to fit in FLASH1 memory segment)

.log_dynamic_data_run
                0x0000000020000000        0x0
                0x0000000020000000                __log_dynamic_data_run_start__ = .
                0x0000000020000000                __start_log_dynamic_data = __log_dynamic_data_run_start__
                0x0000000020000000                __log_dynamic_data_run_end__ = (__log_dynamic_data_run_start__ + SIZEOF (.log_dynamic_data))
                0x0000000000000000                __log_dynamic_data_run_size__ = (__log_dynamic_data_run_end__ - __log_dynamic_data_run_start__)
                0x0000000020000000                __stop_log_dynamic_data = __log_dynamic_data_run_end__
                0x0000000020000000                __log_dynamic_data_run_load_end__ = __log_dynamic_data_run_end__
                0x0000000000000001                . = ASSERT (((__log_dynamic_data_run_start__ == __log_dynamic_data_run_end__) || ((__log_dynamic_data_run_end__ - __RAM1_segment_start__) <= __RAM1_segment_size__)), error: .log_dynamic_data_run is too large to fit in RAM1 memory segment)
                0x000000000000be78                __log_filter_data_load_start__ = ALIGN ((__log_dynamic_data_load_start__ + SIZEOF (.log_dynamic_data)), 0x4)

.log_filter_data
                0x0000000020000000        0x0 load address 0x000000000000be78
                0x0000000020000000                __log_filter_data_start__ = .
 *(SORT_BY_NAME(.log_filter_data*))
                0x0000000020000000                __log_filter_data_end__ = (__log_filter_data_start__ + SIZEOF (.log_filter_data))
                0x0000000000000000                __log_filter_data_size__ = SIZEOF (.log_filter_data)
                0x000000000000be78                __log_filter_data_load_end__ = (__log_filter_data_load_start__ + SIZEOF (.log_filter_data))
                0x0000000000000001                . = ASSERT (((__log_filter_data_load_start__ == __log_filter_data_load_end__) || ((__log_filter_data_load_end__ - __FLASH1_segment_start__) <= __FLASH1_segment_size__)), error: .log_filter_data is too large to fit in FLASH1 memory segment)

.log_filter_data_run
                0x0000000020000000        0x0
                0x0000000020000000                __log_filter_data_run_start__ = .
                0x0000000020000000                __start_log_filter_data = __log_filter_data_run_start__
                0x0000000020000000                __log_filter_data_run_end__ = (__log_filter_data_run_start__ + SIZEOF (.log_filter_data))
                0x0000000000000000                __log_filter_data_run_size__ = (__log_filter_data_run_end__ - __log_filter_data_run_start__)
                0x0000000020000000                __stop_log_filter_data = __log_filter_data_run_end__
                0x0000000020000000                __log_filter_data_run_load_end__ = __log_filter_data_run_end__
                0x0000000000000001                . = ASSERT (((__log_filter_data_run_start__ == __log_filter_data_run_end__) || ((__log_filter_data_run_end__ - __RAM1_segment_start__) <= __RAM1_segment_size__)), error: .log_filter_data_run is too large to fit in RAM1 memory segment)
                0x0000000020000000                __nrf_sections_run_end_load_start__ = ALIGN (__log_filter_data_run_end__, 0x4)

.nrf_sections_run_end
                0x0000000020000000        0x0
                0x0000000020000000                __nrf_sections_run_end_start__ = .